../Core/Src/adc_mux.c:35:21:code_to_V	32	static
../Core/Src/adc_mux.c:42:13:i_range_apply	16	static
../Core/Src/adc_mux.c:48:13:r_apply_index	24	static
../Core/Src/adc_mux.c:60:8:MEAS_Range_R_Count	4	static
../Core/Src/adc_mux.c:65:18:MEAS_Range_R_Config	16	static
../Core/Src/adc_mux.c:74:9:MEAS_GetResistanceRangeIndex	4	static
../Core/Src/adc_mux.c:79:7:MEAS_CodeToVoltage	24	static
../Core/Src/adc_mux.c:84:6:MEAS_SetResistanceRangeIndex	16	static
../Core/Src/adc_mux.c:89:13:MEAS_Range_R_Label	4	static
../Core/Src/adc_mux.c:94:6:MEAS_Init	8	static
../Core/Src/adc_mux.c:103:6:MEAS_V_Autorange_1kHz	4	static
