../Core/Src/dmm_measuremnet.c:39:6:DMM_Measurement_Init	8	static
../Core/Src/dmm_measuremnet.c:55:6:DMM_Measurement_Start	4	static
../Core/Src/dmm_measuremnet.c:61:6:DMM_Measurement_TryAcquire	16	static
../Core/Src/dmm_measuremnet.c:75:6:DMM_Measurement_SelectVoltagePath	8	static
../Core/Src/dmm_measuremnet.c:80:6:DMM_Measurement_SelectCurrentPath	8	static
../Core/Src/dmm_measuremnet.c:85:6:DMM_Measurement_SelectResistancePath	8	static
../Core/Src/dmm_measuremnet.c:90:6:DMM_Measurement_SetBias	16	static
../Core/Src/dmm_measuremnet.c:98:6:DMM_Measurement_SetBiasDefaults	4	static
../Core/Src/dmm_measuremnet.c:106:9:DMM_Measurement_GetBias	16	static
../Core/Src/dmm_measuremnet.c:115:9:AD7190_Filter	56	static
../Core/Src/dmm_measuremnet.c:134:14:code20_to_vinV	24	static
../Core/Src/dmm_measuremnet.c:143:7:MEAS_ReadVoltage_V	24	static
../Core/Src/dmm_measuremnet.c:155:7:MEAS_ReadVoltage_V_Last	24	static
../Core/Src/dmm_measuremnet.c:165:7:MEAS_ReadVoltage_V_Single	24	static
../Core/Src/dmm_measuremnet.c:181:6:DMM_SetCurrentChannel	16	static
../Core/Src/dmm_measuremnet.c:186:9:DMM_Measurement_GetCurrentChannel	4	static
../Core/Src/dmm_measuremnet.c:191:14:code20_to_v_adc	24	static
../Core/Src/dmm_measuremnet.c:199:7:DMM_ReadCurrent_FSratio	32	static
../Core/Src/dmm_measuremnet.c:216:29:IRange_Gain	4	static
../Core/Src/dmm_measuremnet.c:221:29:IPath_VperA	4	static
../Core/Src/dmm_measuremnet.c:226:7:DMM_ReadCurrent_A	40	static
../Core/Src/dmm_measuremnet.c:247:29:VRange_Scale	4	static
../Core/Src/dmm_measuremnet.c:252:29:RV_Chain_Scale	8	static
../Core/Src/dmm_measuremnet.c:257:29:RI_Path_VperA	4	static
../Core/Src/dmm_measuremnet.c:262:29:RI_Range_Gain	4	static
../Core/Src/dmm_measuremnet.c:267:6:DMM_R_SetChannels	16	static
../Core/Src/dmm_measuremnet.c:275:9:DMM_Measurement_GetResistanceVoltageChannel	4	static
../Core/Src/dmm_measuremnet.c:280:9:DMM_Measurement_GetResistanceCurrentChannel	4	static
../Core/Src/dmm_measuremnet.c:286:7:DMM_R_Read	64	static
../Core/Src/dmm_measuremnet.c:329:6:MEAS_ReadResistance_Ohm	24	static
../Core/Src/dmm_measuremnet.c:334:6:MEAS_R_Autorange_1kHz	4	static
../Core/Src/dmm_measuremnet.c:339:6:HAL_SYSTICK_Callback	24	static
