../Core/Src/dmm_controller.c:33:12:Debug_ReadCharNonBlocking	16	static
../Core/Src/dmm_controller.c:43:20:DMM_ModeLable	16	static
../Core/Src/dmm_controller.c:59:13:format_si_value	56	static
../Core/Src/dmm_controller.c:97:13:DMM_DrawText	56	static
../Core/Src/dmm_controller.c:104:13:DMM_AnnounceMode	16	static
../Core/Src/dmm_controller.c:110:13:DMM_UpdateDisplay	88	static
../Core/Src/dmm_controller.c:155:13:DMM_PrintMeasurements	88	static
../Core/Src/dmm_controller.c:188:13:DMM_ProcessMeasurement	32	static
../Core/Src/dmm_controller.c:237:6:DMM_Controller_SelectMode	24	static
../Core/Src/dmm_controller.c:279:6:DMM_Controller_CycleMode	24	static
../Core/Src/dmm_controller.c:298:6:DMM_Controller_HandleModeSwitch	16	static
../Core/Src/dmm_controller.c:351:6:DMM_Controller_HandleMeasurement	80	static
../Core/Src/dmm_controller.c:374:6:DMM_Controller_Init	8	static
