../Core/Src/main.c:98:29:VRange_Scale	1
../Core/Src/main.c:99:9:AD7190_Filter	5
../Core/Src/main.c:118:7:MEAS_ReadVoltage_V	2
../Core/Src/main.c:143:21:code20_to_vinV	1
../Core/Src/main.c:153:7:MEAS_ReadVoltage_V_Last	4
../Core/Src/main.c:171:7:MEAS_ReadVoltage_V_Single	3
../Core/Src/main.c:189:29:IRange_Gain	1
../Core/Src/main.c:193:29:IPath_VperA	1
../Core/Src/main.c:195:6:DMM_SetCurrentChannel	2
../Core/Src/main.c:199:21:code20_to_v_adc	1
../Core/Src/main.c:204:7:DMM_ReadCurrent_FSratio	3
../Core/Src/main.c:217:7:DMM_ReadCurrent_A	2
../Core/Src/main.c:228:6:MEAS_I_Autorange_1kHz	5
../Core/Src/main.c:241:29:RV_Chain_Scale	1
../Core/Src/main.c:251:29:RI_Path_VperA	1
../Core/Src/main.c:256:29:RI_Range_Gain	1
../Core/Src/main.c:262:6:DMM_R_SetChannels	3
../Core/Src/main.c:268:21:code20_to_vadc	1
../Core/Src/main.c:274:7:DMM_R_Read	7
../Core/Src/main.c:302:6:MEAS_ReadResistance_Ohm	1
../Core/Src/main.c:307:6:MEAS_R_Autorange_1kHz	1
../Core/Src/main.c:317:5:main	6
../Core/Src/main.c:411:6:HAL_SYSTICK_Callback	6
../Core/Src/main.c:453:6:SystemClock_Config	3
../Core/Src/main.c:506:6:PeriphCommonClock_Config	2
../Core/Src/main.c:529:6:Error_Handler	1
