../Core/Src/main.c:112:13:fun_select_v	1
../Core/Src/main.c:116:13:fun_select_i	1
../Core/Src/main.c:121:13:fun_select_r	1
../Core/Src/main.c:126:12:Debug_ReadCharNonBlocking	2
../Core/Src/main.c:136:20:DMM_ModeLabel	5
../Core/Src/main.c:160:13:format_si_value	6
../Core/Src/main.c:200:13:DMM_DrawText	1
../Core/Src/main.c:207:13:DMM_AnnounceMode	1
../Core/Src/main.c:214:13:DMM_UpdateDisplay	5
../Core/Src/main.c:264:13:DMM_PrintMeasurements	6
../Core/Src/main.c:298:13:DMM_SelectMode	8
../Core/Src/main.c:340:13:DMM_HandleModeSwitch	9
../Core/Src/main.c:385:29:VRange_Scale	1
../Core/Src/main.c:386:9:AD7190_Filter	5
../Core/Src/main.c:405:7:MEAS_ReadVoltage_V	2
../Core/Src/main.c:430:21:code20_to_vinV	1
../Core/Src/main.c:440:7:MEAS_ReadVoltage_V_Last	4
../Core/Src/main.c:458:7:MEAS_ReadVoltage_V_Single	3
../Core/Src/main.c:476:29:IRange_Gain	1
../Core/Src/main.c:480:29:IPath_VperA	1
../Core/Src/main.c:482:6:DMM_SetCurrentChannel	2
../Core/Src/main.c:486:21:code20_to_v_adc	1
../Core/Src/main.c:491:7:DMM_ReadCurrent_FSratio	3
../Core/Src/main.c:504:7:DMM_ReadCurrent_A	2
../Core/Src/main.c:515:6:MEAS_I_Autorange_1kHz	5
../Core/Src/main.c:528:29:RV_Chain_Scale	1
../Core/Src/main.c:538:29:RI_Path_VperA	1
../Core/Src/main.c:543:29:RI_Range_Gain	1
../Core/Src/main.c:549:6:DMM_R_SetChannels	3
../Core/Src/main.c:555:21:code20_to_vadc	1
../Core/Src/main.c:561:7:DMM_R_Read	7
../Core/Src/main.c:589:6:MEAS_ReadResistance_Ohm	1
../Core/Src/main.c:594:6:MEAS_R_Autorange_1kHz	1
../Core/Src/main.c:599:13:DMM_ProcessMeasurement	10
../Core/Src/main.c:648:5:main	6
../Core/Src/main.c:746:6:HAL_SYSTICK_Callback	6
../Core/Src/main.c:788:6:SystemClock_Config	3
../Core/Src/main.c:841:6:PeriphCommonClock_Config	2
../Core/Src/main.c:864:6:Error_Handler	1
