../Core/Src/main.c:98:29:VRange_Scale	4	static
../Core/Src/main.c:99:9:AD7190_Filter	56	static
../Core/Src/main.c:118:7:MEAS_ReadVoltage_V	40	static
../Core/Src/main.c:143:21:code20_to_vinV	32	static
../Core/Src/main.c:153:7:MEAS_ReadVoltage_V_Last	32	static
../Core/Src/main.c:171:7:MEAS_ReadVoltage_V_Single	32	static
../Core/Src/main.c:189:29:IRange_Gain	4	static
../Core/Src/main.c:193:29:IPath_VperA	4	static
../Core/Src/main.c:195:6:DMM_SetCurrentChannel	16	static
../Core/Src/main.c:199:21:code20_to_v_adc	24	static
../Core/Src/main.c:204:7:DMM_ReadCurrent_FSratio	32	static
../Core/Src/main.c:217:7:DMM_ReadCurrent_A	40	static
../Core/Src/main.c:228:6:MEAS_I_Autorange_1kHz	16	static
../Core/Src/main.c:241:29:RV_Chain_Scale	8	static
../Core/Src/main.c:251:29:RI_Path_VperA	4	static
../Core/Src/main.c:256:29:RI_Range_Gain	4	static
../Core/Src/main.c:262:6:DMM_R_SetChannels	16	static
../Core/Src/main.c:268:21:code20_to_vadc	24	static
../Core/Src/main.c:274:7:DMM_R_Read	64	static
../Core/Src/main.c:302:6:MEAS_ReadResistance_Ohm	24	static
../Core/Src/main.c:307:6:MEAS_R_Autorange_1kHz	4	static
../Core/Src/main.c:317:5:main	64	static
../Core/Src/main.c:411:6:HAL_SYSTICK_Callback	16	static
../Core/Src/main.c:453:6:SystemClock_Config	88	static
../Core/Src/main.c:506:6:PeriphCommonClock_Config	24	static
../Core/Src/main.c:529:6:Error_Handler	4	static,ignoring_inline_asm
