<?xml version="1.0"?>
<link_info>
   <banner>TMS320C2000 Linker PC v16.9.3.LTS</banner>
   <copyright>Copyright (c) 1996-2017 Texas Instruments Incorporated</copyright>
   <link_time>0x668f4d14</link_time>
   <link_errors>0x0</link_errors>
   <output_file>2436_ZF.out</output_file>
   <entry_point>
      <name>_c_int00</name>
      <address>0x3ee02a</address>
   </entry_point>
   <input_file_list>
      <input_file id="fl-2">
         <path>.\User\</path>
         <kind>object</kind>
         <file>LlcAdc.obj</file>
         <name>LlcAdc.obj</name>
      </input_file>
      <input_file id="fl-3">
         <path>.\User\</path>
         <kind>object</kind>
         <file>LlcCan.obj</file>
         <name>LlcCan.obj</name>
      </input_file>
      <input_file id="fl-4">
         <path>.\User\</path>
         <kind>object</kind>
         <file>LlcDS1338.obj</file>
         <name>LlcDS1338.obj</name>
      </input_file>
      <input_file id="fl-5">
         <path>.\User\</path>
         <kind>object</kind>
         <file>LlcEEPROM.obj</file>
         <name>LlcEEPROM.obj</name>
      </input_file>
      <input_file id="fl-6">
         <path>.\User\</path>
         <kind>object</kind>
         <file>LlcErr.obj</file>
         <name>LlcErr.obj</name>
      </input_file>
      <input_file id="fl-7">
         <path>.\User\</path>
         <kind>object</kind>
         <file>LlcFlow.obj</file>
         <name>LlcFlow.obj</name>
      </input_file>
      <input_file id="fl-8">
         <path>.\User\</path>
         <kind>object</kind>
         <file>LlcGpio.obj</file>
         <name>LlcGpio.obj</name>
      </input_file>
      <input_file id="fl-9">
         <path>.\User\</path>
         <kind>object</kind>
         <file>LlcIIC.obj</file>
         <name>LlcIIC.obj</name>
      </input_file>
      <input_file id="fl-a">
         <path>.\User\</path>
         <kind>object</kind>
         <file>LlcInit.obj</file>
         <name>LlcInit.obj</name>
      </input_file>
      <input_file id="fl-b">
         <path>.\User\</path>
         <kind>object</kind>
         <file>LlcLed.obj</file>
         <name>LlcLed.obj</name>
      </input_file>
      <input_file id="fl-c">
         <path>.\User\</path>
         <kind>object</kind>
         <file>LlcLin.obj</file>
         <name>LlcLin.obj</name>
      </input_file>
      <input_file id="fl-d">
         <path>.\User\</path>
         <kind>object</kind>
         <file>LlcLoop.obj</file>
         <name>LlcLoop.obj</name>
      </input_file>
      <input_file id="fl-e">
         <path>.\User\</path>
         <kind>object</kind>
         <file>LlcMain.obj</file>
         <name>LlcMain.obj</name>
      </input_file>
      <input_file id="fl-f">
         <path>.\User\</path>
         <kind>object</kind>
         <file>LlcPwm.obj</file>
         <name>LlcPwm.obj</name>
      </input_file>
      <input_file id="fl-10">
         <path>.\User\</path>
         <kind>object</kind>
         <file>LlcSci.obj</file>
         <name>LlcSci.obj</name>
      </input_file>
      <input_file id="fl-11">
         <path>.\User\</path>
         <kind>object</kind>
         <file>LlcSys.obj</file>
         <name>LlcSys.obj</name>
      </input_file>
      <input_file id="fl-12">
         <path>.\User\</path>
         <kind>object</kind>
         <file>LlcTimer.obj</file>
         <name>LlcTimer.obj</name>
      </input_file>
      <input_file id="fl-13">
         <path>.\User\</path>
         <kind>object</kind>
         <file>LlcUSB.obj</file>
         <name>LlcUSB.obj</name>
      </input_file>
      <input_file id="fl-14">
         <path>.\User\</path>
         <kind>object</kind>
         <file>eeprom_24xx.obj</file>
         <name>eeprom_24xx.obj</name>
      </input_file>
      <input_file id="fl-15">
         <path>.\User\</path>
         <kind>object</kind>
         <file>i2c_gpio.obj</file>
         <name>i2c_gpio.obj</name>
      </input_file>
      <input_file id="fl-16">
         <path>.\library\</path>
         <kind>object</kind>
         <file>DSP2803x_Adc.obj</file>
         <name>DSP2803x_Adc.obj</name>
      </input_file>
      <input_file id="fl-17">
         <path>.\library\</path>
         <kind>object</kind>
         <file>DSP2803x_CodeStartBranch.obj</file>
         <name>DSP2803x_CodeStartBranch.obj</name>
      </input_file>
      <input_file id="fl-18">
         <path>.\library\</path>
         <kind>object</kind>
         <file>DSP2803x_CpuTimers.obj</file>
         <name>DSP2803x_CpuTimers.obj</name>
      </input_file>
      <input_file id="fl-19">
         <path>.\library\</path>
         <kind>object</kind>
         <file>DSP2803x_DefaultIsr.obj</file>
         <name>DSP2803x_DefaultIsr.obj</name>
      </input_file>
      <input_file id="fl-1a">
         <path>.\library\</path>
         <kind>object</kind>
         <file>DSP2803x_ECan.obj</file>
         <name>DSP2803x_ECan.obj</name>
      </input_file>
      <input_file id="fl-1b">
         <path>.\library\</path>
         <kind>object</kind>
         <file>DSP2803x_EPwm.obj</file>
         <name>DSP2803x_EPwm.obj</name>
      </input_file>
      <input_file id="fl-1c">
         <path>.\library\</path>
         <kind>object</kind>
         <file>DSP2803x_GlobalVariableDefs.obj</file>
         <name>DSP2803x_GlobalVariableDefs.obj</name>
      </input_file>
      <input_file id="fl-1d">
         <path>.\library\</path>
         <kind>object</kind>
         <file>DSP2803x_MemCopy.obj</file>
         <name>DSP2803x_MemCopy.obj</name>
      </input_file>
      <input_file id="fl-1e">
         <path>.\library\</path>
         <kind>object</kind>
         <file>DSP2803x_PieCtrl.obj</file>
         <name>DSP2803x_PieCtrl.obj</name>
      </input_file>
      <input_file id="fl-1f">
         <path>.\library\</path>
         <kind>object</kind>
         <file>DSP2803x_PieVect.obj</file>
         <name>DSP2803x_PieVect.obj</name>
      </input_file>
      <input_file id="fl-20">
         <path>.\library\</path>
         <kind>object</kind>
         <file>DSP2803x_Sci.obj</file>
         <name>DSP2803x_Sci.obj</name>
      </input_file>
      <input_file id="fl-21">
         <path>.\library\</path>
         <kind>object</kind>
         <file>DSP2803x_SysCtrl.obj</file>
         <name>DSP2803x_SysCtrl.obj</name>
      </input_file>
      <input_file id="fl-22">
         <path>.\library\</path>
         <kind>object</kind>
         <file>DSP2803x_TempSensorConv.obj</file>
         <name>DSP2803x_TempSensorConv.obj</name>
      </input_file>
      <input_file id="fl-23">
         <path>.\library\</path>
         <kind>object</kind>
         <file>DSP2803x_usDelay.obj</file>
         <name>DSP2803x_usDelay.obj</name>
      </input_file>
      <input_file id="fl-28">
         <kind>object</kind>
         <file>&lt;internal&gt;</file>
         <name>&lt;internal&gt;</name>
      </input_file>
      <input_file id="fl-36">
         <path>C:\ti\ccsv7\tools\compiler\ti-cgt-c2000_16.9.3.LTS\lib\</path>
         <kind>archive</kind>
         <file>rts2800_ml.lib</file>
         <name>boot28.obj</name>
      </input_file>
      <input_file id="fl-37">
         <path>C:\ti\ccsv7\tools\compiler\ti-cgt-c2000_16.9.3.LTS\lib\</path>
         <kind>archive</kind>
         <file>rts2800_ml.lib</file>
         <name>cpy_tbl.obj</name>
      </input_file>
      <input_file id="fl-38">
         <path>C:\ti\ccsv7\tools\compiler\ti-cgt-c2000_16.9.3.LTS\lib\</path>
         <kind>archive</kind>
         <file>rts2800_ml.lib</file>
         <name>exit.obj</name>
      </input_file>
      <input_file id="fl-39">
         <path>C:\ti\ccsv7\tools\compiler\ti-cgt-c2000_16.9.3.LTS\lib\</path>
         <kind>archive</kind>
         <file>rts2800_ml.lib</file>
         <name>fs_mpy28.obj</name>
      </input_file>
      <input_file id="fl-3a">
         <path>C:\ti\ccsv7\tools\compiler\ti-cgt-c2000_16.9.3.LTS\lib\</path>
         <kind>archive</kind>
         <file>rts2800_ml.lib</file>
         <name>fs_tol28.obj</name>
      </input_file>
      <input_file id="fl-3b">
         <path>C:\ti\ccsv7\tools\compiler\ti-cgt-c2000_16.9.3.LTS\lib\</path>
         <kind>archive</kind>
         <file>rts2800_ml.lib</file>
         <name>i_div28.obj</name>
      </input_file>
      <input_file id="fl-3c">
         <path>C:\ti\ccsv7\tools\compiler\ti-cgt-c2000_16.9.3.LTS\lib\</path>
         <kind>archive</kind>
         <file>rts2800_ml.lib</file>
         <name>l_div28.obj</name>
      </input_file>
      <input_file id="fl-3d">
         <path>C:\ti\ccsv7\tools\compiler\ti-cgt-c2000_16.9.3.LTS\lib\</path>
         <kind>archive</kind>
         <file>rts2800_ml.lib</file>
         <name>memcpy.obj</name>
      </input_file>
      <input_file id="fl-3e">
         <path>C:\ti\ccsv7\tools\compiler\ti-cgt-c2000_16.9.3.LTS\lib\</path>
         <kind>archive</kind>
         <file>rts2800_ml.lib</file>
         <name>pre_init.obj</name>
      </input_file>
      <input_file id="fl-3f">
         <path>C:\ti\ccsv7\tools\compiler\ti-cgt-c2000_16.9.3.LTS\lib\</path>
         <kind>archive</kind>
         <file>rts2800_ml.lib</file>
         <name>sprintf.obj</name>
      </input_file>
      <input_file id="fl-40">
         <path>C:\ti\ccsv7\tools\compiler\ti-cgt-c2000_16.9.3.LTS\lib\</path>
         <kind>archive</kind>
         <file>rts2800_ml.lib</file>
         <name>startup.obj</name>
      </input_file>
      <input_file id="fl-41">
         <path>C:\ti\ccsv7\tools\compiler\ti-cgt-c2000_16.9.3.LTS\lib\</path>
         <kind>archive</kind>
         <file>rts2800_ml.lib</file>
         <name>strcpy.obj</name>
      </input_file>
      <input_file id="fl-42">
         <path>C:\ti\ccsv7\tools\compiler\ti-cgt-c2000_16.9.3.LTS\lib\</path>
         <kind>archive</kind>
         <file>rts2800_ml.lib</file>
         <name>u_div28.obj</name>
      </input_file>
      <input_file id="fl-43">
         <path>C:\ti\ccsv7\tools\compiler\ti-cgt-c2000_16.9.3.LTS\lib\</path>
         <kind>archive</kind>
         <file>rts2800_ml.lib</file>
         <name>_lock.obj</name>
      </input_file>
      <input_file id="fl-44">
         <path>C:\ti\ccsv7\tools\compiler\ti-cgt-c2000_16.9.3.LTS\lib\</path>
         <kind>archive</kind>
         <file>rts2800_ml.lib</file>
         <name>_printfi.obj</name>
      </input_file>
      <input_file id="fl-45">
         <path>C:\ti\ccsv7\tools\compiler\ti-cgt-c2000_16.9.3.LTS\lib\</path>
         <kind>archive</kind>
         <file>rts2800_ml.lib</file>
         <name>args_main.obj</name>
      </input_file>
      <input_file id="fl-46">
         <path>C:\ti\ccsv7\tools\compiler\ti-cgt-c2000_16.9.3.LTS\lib\</path>
         <kind>archive</kind>
         <file>rts2800_ml.lib</file>
         <name>atoi.obj</name>
      </input_file>
      <input_file id="fl-47">
         <path>C:\ti\ccsv7\tools\compiler\ti-cgt-c2000_16.9.3.LTS\lib\</path>
         <kind>archive</kind>
         <file>rts2800_ml.lib</file>
         <name>ctype.obj</name>
      </input_file>
      <input_file id="fl-48">
         <path>C:\ti\ccsv7\tools\compiler\ti-cgt-c2000_16.9.3.LTS\lib\</path>
         <kind>archive</kind>
         <file>rts2800_ml.lib</file>
         <name>fd_cmp28.obj</name>
      </input_file>
      <input_file id="fl-49">
         <path>C:\ti\ccsv7\tools\compiler\ti-cgt-c2000_16.9.3.LTS\lib\</path>
         <kind>archive</kind>
         <file>rts2800_ml.lib</file>
         <name>fd_div28.obj</name>
      </input_file>
      <input_file id="fl-4a">
         <path>C:\ti\ccsv7\tools\compiler\ti-cgt-c2000_16.9.3.LTS\lib\</path>
         <kind>archive</kind>
         <file>rts2800_ml.lib</file>
         <name>fd_mpy28.obj</name>
      </input_file>
      <input_file id="fl-4b">
         <path>C:\ti\ccsv7\tools\compiler\ti-cgt-c2000_16.9.3.LTS\lib\</path>
         <kind>archive</kind>
         <file>rts2800_ml.lib</file>
         <name>fd_neg28.obj</name>
      </input_file>
      <input_file id="fl-4c">
         <path>C:\ti\ccsv7\tools\compiler\ti-cgt-c2000_16.9.3.LTS\lib\</path>
         <kind>archive</kind>
         <file>rts2800_ml.lib</file>
         <name>fd_sub28.obj</name>
      </input_file>
      <input_file id="fl-4d">
         <path>C:\ti\ccsv7\tools\compiler\ti-cgt-c2000_16.9.3.LTS\lib\</path>
         <kind>archive</kind>
         <file>rts2800_ml.lib</file>
         <name>fd_toi28.obj</name>
      </input_file>
      <input_file id="fl-4e">
         <path>C:\ti\ccsv7\tools\compiler\ti-cgt-c2000_16.9.3.LTS\lib\</path>
         <kind>archive</kind>
         <file>rts2800_ml.lib</file>
         <name>fd_tol28.obj</name>
      </input_file>
      <input_file id="fl-4f">
         <path>C:\ti\ccsv7\tools\compiler\ti-cgt-c2000_16.9.3.LTS\lib\</path>
         <kind>archive</kind>
         <file>rts2800_ml.lib</file>
         <name>fs_tofd28.obj</name>
      </input_file>
      <input_file id="fl-50">
         <path>C:\ti\ccsv7\tools\compiler\ti-cgt-c2000_16.9.3.LTS\lib\</path>
         <kind>archive</kind>
         <file>rts2800_ml.lib</file>
         <name>i_tofd28.obj</name>
      </input_file>
      <input_file id="fl-51">
         <path>C:\ti\ccsv7\tools\compiler\ti-cgt-c2000_16.9.3.LTS\lib\</path>
         <kind>archive</kind>
         <file>rts2800_ml.lib</file>
         <name>l_tofd28.obj</name>
      </input_file>
      <input_file id="fl-52">
         <path>C:\ti\ccsv7\tools\compiler\ti-cgt-c2000_16.9.3.LTS\lib\</path>
         <kind>archive</kind>
         <file>rts2800_ml.lib</file>
         <name>ll_aox28.obj</name>
      </input_file>
      <input_file id="fl-53">
         <path>C:\ti\ccsv7\tools\compiler\ti-cgt-c2000_16.9.3.LTS\lib\</path>
         <kind>archive</kind>
         <file>rts2800_ml.lib</file>
         <name>ll_cmp28.obj</name>
      </input_file>
      <input_file id="fl-54">
         <path>C:\ti\ccsv7\tools\compiler\ti-cgt-c2000_16.9.3.LTS\lib\</path>
         <kind>archive</kind>
         <file>rts2800_ml.lib</file>
         <name>ll_div28.obj</name>
      </input_file>
      <input_file id="fl-55">
         <path>C:\ti\ccsv7\tools\compiler\ti-cgt-c2000_16.9.3.LTS\lib\</path>
         <kind>archive</kind>
         <file>rts2800_ml.lib</file>
         <name>ltoa.obj</name>
      </input_file>
      <input_file id="fl-56">
         <path>C:\ti\ccsv7\tools\compiler\ti-cgt-c2000_16.9.3.LTS\lib\</path>
         <kind>archive</kind>
         <file>rts2800_ml.lib</file>
         <name>memccpy.obj</name>
      </input_file>
      <input_file id="fl-57">
         <path>C:\ti\ccsv7\tools\compiler\ti-cgt-c2000_16.9.3.LTS\lib\</path>
         <kind>archive</kind>
         <file>rts2800_ml.lib</file>
         <name>memset.obj</name>
      </input_file>
      <input_file id="fl-58">
         <path>C:\ti\ccsv7\tools\compiler\ti-cgt-c2000_16.9.3.LTS\lib\</path>
         <kind>archive</kind>
         <file>rts2800_ml.lib</file>
         <name>s_frexp.obj</name>
      </input_file>
      <input_file id="fl-59">
         <path>C:\ti\ccsv7\tools\compiler\ti-cgt-c2000_16.9.3.LTS\lib\</path>
         <kind>archive</kind>
         <file>rts2800_ml.lib</file>
         <name>s_scalbn.obj</name>
      </input_file>
      <input_file id="fl-5a">
         <path>C:\ti\ccsv7\tools\compiler\ti-cgt-c2000_16.9.3.LTS\lib\</path>
         <kind>archive</kind>
         <file>rts2800_ml.lib</file>
         <name>strchr.obj</name>
      </input_file>
      <input_file id="fl-5b">
         <path>C:\ti\ccsv7\tools\compiler\ti-cgt-c2000_16.9.3.LTS\lib\</path>
         <kind>archive</kind>
         <file>rts2800_ml.lib</file>
         <name>strlen.obj</name>
      </input_file>
      <input_file id="fl-5c">
         <path>C:\ti\ccsv7\tools\compiler\ti-cgt-c2000_16.9.3.LTS\lib\</path>
         <kind>archive</kind>
         <file>rts2800_ml.lib</file>
         <name>errno.obj</name>
      </input_file>
      <input_file id="fl-5d">
         <path>C:\ti\ccsv7\tools\compiler\ti-cgt-c2000_16.9.3.LTS\lib\</path>
         <kind>archive</kind>
         <file>rts2800_ml.lib</file>
         <name>fd_add28.obj</name>
      </input_file>
      <input_file id="fl-5e">
         <path>C:\ti\ccsv7\tools\compiler\ti-cgt-c2000_16.9.3.LTS\lib\</path>
         <kind>archive</kind>
         <file>rts2800_ml.lib</file>
         <name>s_copysign.obj</name>
      </input_file>
   </input_file_list>
   <object_component_list>
      <object_component id="oc-ac">
         <name>.cinit</name>
         <load_address>0x3ee4d4</load_address>
         <run_address>0x3ee4d4</run_address>
         <size>0x19f</size>
         <input_file_ref idref="fl-11"/>
      </object_component>
      <object_component id="oc-bb">
         <name>.cinit</name>
         <load_address>0x3ee673</load_address>
         <run_address>0x3ee673</run_address>
         <size>0x16b</size>
         <input_file_ref idref="fl-13"/>
      </object_component>
      <object_component id="oc-8b">
         <name>.cinit</name>
         <load_address>0x3ee7de</load_address>
         <run_address>0x3ee7de</run_address>
         <size>0x94</size>
         <input_file_ref idref="fl-c"/>
      </object_component>
      <object_component id="oc-46">
         <name>.cinit</name>
         <load_address>0x3ee872</load_address>
         <run_address>0x3ee872</run_address>
         <size>0x88</size>
         <input_file_ref idref="fl-2"/>
      </object_component>
      <object_component id="oc-6a">
         <name>.cinit</name>
         <load_address>0x3ee8fa</load_address>
         <run_address>0x3ee8fa</run_address>
         <size>0x69</size>
         <input_file_ref idref="fl-7"/>
      </object_component>
      <object_component id="oc-84">
         <name>.cinit</name>
         <load_address>0x3ee963</load_address>
         <run_address>0x3ee963</run_address>
         <size>0x52</size>
         <input_file_ref idref="fl-b"/>
      </object_component>
      <object_component id="oc-93">
         <name>.cinit</name>
         <load_address>0x3ee9b5</load_address>
         <run_address>0x3ee9b5</run_address>
         <size>0x36</size>
         <input_file_ref idref="fl-d"/>
      </object_component>
      <object_component id="oc-5c">
         <name>.cinit</name>
         <load_address>0x3ee9eb</load_address>
         <run_address>0x3ee9eb</run_address>
         <size>0x2d</size>
         <input_file_ref idref="fl-5"/>
      </object_component>
      <object_component id="oc-76">
         <name>.cinit</name>
         <load_address>0x3eea18</load_address>
         <run_address>0x3eea18</run_address>
         <size>0x23</size>
         <input_file_ref idref="fl-9"/>
      </object_component>
      <object_component id="oc-55">
         <name>.cinit</name>
         <load_address>0x3eea3b</load_address>
         <run_address>0x3eea3b</run_address>
         <size>0x1c</size>
         <input_file_ref idref="fl-4"/>
      </object_component>
      <object_component id="oc-b3">
         <name>.cinit</name>
         <load_address>0x3eea57</load_address>
         <run_address>0x3eea57</run_address>
         <size>0x1c</size>
         <input_file_ref idref="fl-12"/>
      </object_component>
      <object_component id="oc-4d">
         <name>.cinit</name>
         <load_address>0x3eea73</load_address>
         <run_address>0x3eea73</run_address>
         <size>0x14</size>
         <input_file_ref idref="fl-3"/>
      </object_component>
      <object_component id="oc-14e">
         <name>.cinit</name>
         <load_address>0x3eea87</load_address>
         <run_address>0x3eea87</run_address>
         <size>0xe</size>
         <input_file_ref idref="fl-38"/>
      </object_component>
      <object_component id="oc-63">
         <name>.cinit</name>
         <load_address>0x3eea95</load_address>
         <run_address>0x3eea95</run_address>
         <size>0xd</size>
         <input_file_ref idref="fl-6"/>
      </object_component>
      <object_component id="oc-21d">
         <name>.cinit:__lock</name>
         <load_address>0x3eeaa2</load_address>
         <run_address>0x3eeaa2</run_address>
         <size>0x5</size>
         <input_file_ref idref="fl-43"/>
      </object_component>
      <object_component id="oc-22c">
         <name>.cinit:__unlock</name>
         <load_address>0x3eeaa7</load_address>
         <run_address>0x3eeaa7</run_address>
         <size>0x5</size>
         <input_file_ref idref="fl-43"/>
      </object_component>
      <object_component id="oc-7d">
         <name>.cinit</name>
         <load_address>0x3eeaac</load_address>
         <run_address>0x3eeaac</run_address>
         <size>0x4</size>
         <input_file_ref idref="fl-a"/>
      </object_component>
      <object_component id="oc-9a">
         <name>.cinit</name>
         <load_address>0x3eeab0</load_address>
         <run_address>0x3eeab0</run_address>
         <size>0x4</size>
         <input_file_ref idref="fl-e"/>
      </object_component>
      <object_component id="oc-205">
         <name>.cinit</name>
         <load_address>0x3eeab4</load_address>
         <run_address>0x3eeab4</run_address>
         <size>0x4</size>
         <input_file_ref idref="fl-5c"/>
      </object_component>
      <object_component id="oc-21e">
         <name>.text</name>
         <load_address>0x3e8000</load_address>
         <run_address>0x3e8000</run_address>
         <size>0x1504</size>
         <input_file_ref idref="fl-11"/>
      </object_component>
      <object_component id="oc-23a">
         <name>.text</name>
         <load_address>0x3e9504</load_address>
         <run_address>0x3e9504</run_address>
         <size>0x11fb</size>
         <input_file_ref idref="fl-13"/>
      </object_component>
      <object_component id="oc-256">
         <name>.text</name>
         <load_address>0x3ea6ff</load_address>
         <run_address>0x3ea6ff</run_address>
         <size>0xb6e</size>
         <input_file_ref idref="fl-44"/>
      </object_component>
      <object_component id="oc-219">
         <name>.text</name>
         <load_address>0x3eb26d</load_address>
         <run_address>0x3eb26d</run_address>
         <size>0x866</size>
         <input_file_ref idref="fl-b"/>
      </object_component>
      <object_component id="oc-22a">
         <name>.text</name>
         <load_address>0x3ebad3</load_address>
         <run_address>0x3ebad3</run_address>
         <size>0x5e5</size>
         <input_file_ref idref="fl-7"/>
      </object_component>
      <object_component id="oc-231">
         <name>.text</name>
         <load_address>0x3ec0b8</load_address>
         <run_address>0x3ec0b8</run_address>
         <size>0x466</size>
         <input_file_ref idref="fl-5"/>
      </object_component>
      <object_component id="oc-22f">
         <name>.text</name>
         <load_address>0x3ec51e</load_address>
         <run_address>0x3ec51e</run_address>
         <size>0x263</size>
         <input_file_ref idref="fl-6"/>
      </object_component>
      <object_component id="oc-217">
         <name>.text</name>
         <load_address>0x3ec781</load_address>
         <run_address>0x3ec781</run_address>
         <size>0x226</size>
         <input_file_ref idref="fl-3"/>
      </object_component>
      <object_component id="oc-238">
         <name>.text</name>
         <load_address>0x3ec9a7</load_address>
         <run_address>0x3ec9a7</run_address>
         <size>0x20c</size>
         <input_file_ref idref="fl-c"/>
      </object_component>
      <object_component id="oc-23f">
         <name>.text</name>
         <load_address>0x3ecbb3</load_address>
         <run_address>0x3ecbb3</run_address>
         <size>0x205</size>
         <input_file_ref idref="fl-16"/>
      </object_component>
      <object_component id="oc-23d">
         <name>.text</name>
         <load_address>0x3ecdb8</load_address>
         <run_address>0x3ecdb8</run_address>
         <size>0x201</size>
         <input_file_ref idref="fl-15"/>
      </object_component>
      <object_component id="oc-230">
         <name>.text</name>
         <load_address>0x3ecfb9</load_address>
         <run_address>0x3ecfb9</run_address>
         <size>0x1d4</size>
         <input_file_ref idref="fl-9"/>
      </object_component>
      <object_component id="oc-22d">
         <name>.text</name>
         <load_address>0x3ed18d</load_address>
         <run_address>0x3ed18d</run_address>
         <size>0x1c7</size>
         <input_file_ref idref="fl-14"/>
      </object_component>
      <object_component id="oc-235">
         <name>.text</name>
         <load_address>0x3ed354</load_address>
         <run_address>0x3ed354</run_address>
         <size>0x190</size>
         <input_file_ref idref="fl-2"/>
      </object_component>
      <object_component id="oc-df">
         <name>.text:retain</name>
         <load_address>0x3ed4e4</load_address>
         <run_address>0x3ed4e4</run_address>
         <size>0x172</size>
         <input_file_ref idref="fl-19"/>
      </object_component>
      <object_component id="oc-22e">
         <name>.text</name>
         <load_address>0x3ed656</load_address>
         <run_address>0x3ed656</run_address>
         <size>0x159</size>
         <input_file_ref idref="fl-4"/>
      </object_component>
      <object_component id="oc-224">
         <name>.text</name>
         <load_address>0x3ed7af</load_address>
         <run_address>0x3ed7af</run_address>
         <size>0x155</size>
         <input_file_ref idref="fl-21"/>
      </object_component>
      <object_component id="oc-225">
         <name>.text</name>
         <load_address>0x3ed904</load_address>
         <run_address>0x3ed904</run_address>
         <size>0x131</size>
         <input_file_ref idref="fl-8"/>
      </object_component>
      <object_component id="oc-236">
         <name>.text</name>
         <load_address>0x3eda35</load_address>
         <run_address>0x3eda35</run_address>
         <size>0x107</size>
         <input_file_ref idref="fl-f"/>
      </object_component>
      <object_component id="oc-1da">
         <name>.text</name>
         <load_address>0x3edb3c</load_address>
         <run_address>0x3edb3c</run_address>
         <size>0x107</size>
         <input_file_ref idref="fl-54"/>
      </object_component>
      <object_component id="oc-25b">
         <name>.text</name>
         <load_address>0x3edc43</load_address>
         <run_address>0x3edc43</run_address>
         <size>0xbd</size>
         <input_file_ref idref="fl-59"/>
      </object_component>
      <object_component id="oc-208">
         <name>.text</name>
         <load_address>0x3edd00</load_address>
         <run_address>0x3edd00</run_address>
         <size>0x9c</size>
         <input_file_ref idref="fl-5d"/>
      </object_component>
      <object_component id="oc-1a3">
         <name>.text</name>
         <load_address>0x3edd9c</load_address>
         <run_address>0x3edd9c</run_address>
         <size>0x8b</size>
         <input_file_ref idref="fl-49"/>
      </object_component>
      <object_component id="oc-1a8">
         <name>.text</name>
         <load_address>0x3ede27</load_address>
         <run_address>0x3ede27</run_address>
         <size>0x83</size>
         <input_file_ref idref="fl-4a"/>
      </object_component>
      <object_component id="oc-241">
         <name>.text</name>
         <load_address>0x3edeaa</load_address>
         <run_address>0x3edeaa</run_address>
         <size>0x72</size>
         <input_file_ref idref="fl-18"/>
      </object_component>
      <object_component id="oc-25a">
         <name>.text</name>
         <load_address>0x3edf1c</load_address>
         <run_address>0x3edf1c</run_address>
         <size>0x5c</size>
         <input_file_ref idref="fl-58"/>
      </object_component>
      <object_component id="oc-154">
         <name>.text</name>
         <load_address>0x3edf78</load_address>
         <run_address>0x3edf78</run_address>
         <size>0x5a</size>
         <input_file_ref idref="fl-39"/>
      </object_component>
      <object_component id="oc-239">
         <name>.text</name>
         <load_address>0x3edfd2</load_address>
         <run_address>0x3edfd2</run_address>
         <size>0x58</size>
         <input_file_ref idref="fl-12"/>
      </object_component>
      <object_component id="oc-44">
         <name>.text</name>
         <load_address>0x3ee02a</load_address>
         <run_address>0x3ee02a</run_address>
         <size>0x54</size>
         <input_file_ref idref="fl-36"/>
      </object_component>
      <object_component id="oc-8d">
         <name>.text:retain</name>
         <load_address>0x3ee07e</load_address>
         <run_address>0x3ee07e</run_address>
         <size>0x4f</size>
         <input_file_ref idref="fl-c"/>
      </object_component>
      <object_component id="oc-243">
         <name>.text</name>
         <load_address>0x3ee0cd</load_address>
         <run_address>0x3ee0cd</run_address>
         <size>0x32</size>
         <input_file_ref idref="fl-3f"/>
      </object_component>
      <object_component id="oc-257">
         <name>.text</name>
         <load_address>0x3ee0ff</load_address>
         <run_address>0x3ee0ff</run_address>
         <size>0x31</size>
         <input_file_ref idref="fl-46"/>
      </object_component>
      <object_component id="oc-21b">
         <name>.text</name>
         <load_address>0x3ee130</load_address>
         <run_address>0x3ee130</run_address>
         <size>0x30</size>
         <input_file_ref idref="fl-e"/>
      </object_component>
      <object_component id="oc-259">
         <name>.text</name>
         <load_address>0x3ee160</load_address>
         <run_address>0x3ee160</run_address>
         <size>0x2e</size>
         <input_file_ref idref="fl-55"/>
      </object_component>
      <object_component id="oc-19e">
         <name>.text</name>
         <load_address>0x3ee18e</load_address>
         <run_address>0x3ee18e</run_address>
         <size>0x2a</size>
         <input_file_ref idref="fl-48"/>
      </object_component>
      <object_component id="oc-163">
         <name>.text</name>
         <load_address>0x3ee1b8</load_address>
         <run_address>0x3ee1b8</run_address>
         <size>0x2a</size>
         <input_file_ref idref="fl-3c"/>
      </object_component>
      <object_component id="oc-216">
         <name>.text</name>
         <load_address>0x3ee1e2</load_address>
         <run_address>0x3ee1e2</run_address>
         <size>0x29</size>
         <input_file_ref idref="fl-38"/>
      </object_component>
      <object_component id="oc-159">
         <name>.text</name>
         <load_address>0x3ee20b</load_address>
         <run_address>0x3ee20b</run_address>
         <size>0x29</size>
         <input_file_ref idref="fl-3a"/>
      </object_component>
      <object_component id="oc-226">
         <name>.text</name>
         <load_address>0x3ee234</load_address>
         <run_address>0x3ee234</run_address>
         <size>0x28</size>
         <input_file_ref idref="fl-1e"/>
      </object_component>
      <object_component id="oc-227">
         <name>.text</name>
         <load_address>0x3ee25c</load_address>
         <run_address>0x3ee25c</run_address>
         <size>0x26</size>
         <input_file_ref idref="fl-1f"/>
      </object_component>
      <object_component id="oc-213">
         <name>.text</name>
         <load_address>0x3ee282</load_address>
         <run_address>0x3ee282</run_address>
         <size>0x24</size>
         <input_file_ref idref="fl-37"/>
      </object_component>
      <object_component id="oc-260">
         <name>.text</name>
         <load_address>0x3ee2a6</load_address>
         <run_address>0x3ee2a6</run_address>
         <size>0x23</size>
         <input_file_ref idref="fl-5e"/>
      </object_component>
      <object_component id="oc-15e">
         <name>.text</name>
         <load_address>0x3ee2c9</load_address>
         <run_address>0x3ee2c9</run_address>
         <size>0x22</size>
         <input_file_ref idref="fl-3b"/>
      </object_component>
      <object_component id="oc-1b7">
         <name>.text</name>
         <load_address>0x3ee2eb</load_address>
         <run_address>0x3ee2eb</run_address>
         <size>0x21</size>
         <input_file_ref idref="fl-4d"/>
      </object_component>
      <object_component id="oc-1bc">
         <name>.text</name>
         <load_address>0x3ee30c</load_address>
         <run_address>0x3ee30c</run_address>
         <size>0x1f</size>
         <input_file_ref idref="fl-4e"/>
      </object_component>
      <object_component id="oc-1d5">
         <name>.text</name>
         <load_address>0x3ee32b</load_address>
         <run_address>0x3ee32b</run_address>
         <size>0x1e</size>
         <input_file_ref idref="fl-53"/>
      </object_component>
      <object_component id="oc-229">
         <name>.text</name>
         <load_address>0x3ee349</load_address>
         <run_address>0x3ee349</run_address>
         <size>0x1d</size>
         <input_file_ref idref="fl-a"/>
      </object_component>
      <object_component id="oc-1c6">
         <name>.text</name>
         <load_address>0x3ee366</load_address>
         <run_address>0x3ee366</run_address>
         <size>0x1d</size>
         <input_file_ref idref="fl-50"/>
      </object_component>
      <object_component id="oc-21a">
         <name>.text</name>
         <load_address>0x3ee383</load_address>
         <run_address>0x3ee383</run_address>
         <size>0x1d</size>
         <input_file_ref idref="fl-3d"/>
      </object_component>
      <object_component id="oc-237">
         <name>.text</name>
         <load_address>0x3ee3a0</load_address>
         <run_address>0x3ee3a0</run_address>
         <size>0x1c</size>
         <input_file_ref idref="fl-10"/>
      </object_component>
      <object_component id="oc-1c1">
         <name>.text</name>
         <load_address>0x3ee3bc</load_address>
         <run_address>0x3ee3bc</run_address>
         <size>0x1c</size>
         <input_file_ref idref="fl-4f"/>
      </object_component>
      <object_component id="oc-1cb">
         <name>.text</name>
         <load_address>0x3ee3d8</load_address>
         <run_address>0x3ee3d8</run_address>
         <size>0x1c</size>
         <input_file_ref idref="fl-51"/>
      </object_component>
      <object_component id="oc-4f">
         <name>.text:retain</name>
         <load_address>0x3ee3f4</load_address>
         <run_address>0x3ee3f4</run_address>
         <size>0x1b</size>
         <input_file_ref idref="fl-3"/>
      </object_component>
      <object_component id="oc-240">
         <name>.text</name>
         <load_address>0x3ee40f</load_address>
         <run_address>0x3ee40f</run_address>
         <size>0x1a</size>
         <input_file_ref idref="fl-20"/>
      </object_component>
      <object_component id="oc-215">
         <name>.text</name>
         <load_address>0x3ee429</load_address>
         <run_address>0x3ee429</run_address>
         <size>0x19</size>
         <input_file_ref idref="fl-45"/>
      </object_component>
      <object_component id="oc-1d0">
         <name>.text</name>
         <load_address>0x3ee442</load_address>
         <run_address>0x3ee442</run_address>
         <size>0x18</size>
         <input_file_ref idref="fl-52"/>
      </object_component>
      <object_component id="oc-228">
         <name>.text</name>
         <load_address>0x3ee45a</load_address>
         <run_address>0x3ee45a</run_address>
         <size>0x13</size>
         <input_file_ref idref="fl-1d"/>
      </object_component>
      <object_component id="oc-1b2">
         <name>.text</name>
         <load_address>0x3ee46d</load_address>
         <run_address>0x3ee46d</run_address>
         <size>0xe</size>
         <input_file_ref idref="fl-4c"/>
      </object_component>
      <object_component id="oc-25e">
         <name>.text</name>
         <load_address>0x3ee47b</load_address>
         <run_address>0x3ee47b</run_address>
         <size>0xd</size>
         <input_file_ref idref="fl-56"/>
      </object_component>
      <object_component id="oc-25d">
         <name>.text</name>
         <load_address>0x3ee488</load_address>
         <run_address>0x3ee488</run_address>
         <size>0xc</size>
         <input_file_ref idref="fl-57"/>
      </object_component>
      <object_component id="oc-25c">
         <name>.text</name>
         <load_address>0x3ee494</load_address>
         <run_address>0x3ee494</run_address>
         <size>0xb</size>
         <input_file_ref idref="fl-5a"/>
      </object_component>
      <object_component id="oc-181">
         <name>.text</name>
         <load_address>0x3ee49f</load_address>
         <run_address>0x3ee49f</run_address>
         <size>0xb</size>
         <input_file_ref idref="fl-42"/>
      </object_component>
      <object_component id="oc-22b">
         <name>.text</name>
         <load_address>0x3ee4aa</load_address>
         <run_address>0x3ee4aa</run_address>
         <size>0x9</size>
         <input_file_ref idref="fl-43"/>
      </object_component>
      <object_component id="oc-1ad">
         <name>.text</name>
         <load_address>0x3ee4b3</load_address>
         <run_address>0x3ee4b3</run_address>
         <size>0x9</size>
         <input_file_ref idref="fl-4b"/>
      </object_component>
      <object_component id="oc-d2">
         <name>.text</name>
         <load_address>0x3ee4bc</load_address>
         <run_address>0x3ee4bc</run_address>
         <size>0x8</size>
         <input_file_ref idref="fl-17"/>
      </object_component>
      <object_component id="oc-258">
         <name>.text</name>
         <load_address>0x3ee4c4</load_address>
         <run_address>0x3ee4c4</run_address>
         <size>0x8</size>
         <input_file_ref idref="fl-5b"/>
      </object_component>
      <object_component id="oc-254">
         <name>.text</name>
         <load_address>0x3ee4cc</load_address>
         <run_address>0x3ee4cc</run_address>
         <size>0x5</size>
         <input_file_ref idref="fl-41"/>
      </object_component>
      <object_component id="oc-212">
         <name>.text</name>
         <load_address>0x3ee4d1</load_address>
         <run_address>0x3ee4d1</run_address>
         <size>0x2</size>
         <input_file_ref idref="fl-3e"/>
      </object_component>
      <object_component id="oc-214">
         <name>.text</name>
         <load_address>0x3ee4d3</load_address>
         <run_address>0x3ee4d3</run_address>
         <size>0x1</size>
         <input_file_ref idref="fl-40"/>
      </object_component>
      <object_component id="oc-d3">
         <name>codestart</name>
         <load_address>0x3f7ff6</load_address>
         <run_address>0x3f7ff6</run_address>
         <size>0x2</size>
         <input_file_ref idref="fl-17"/>
      </object_component>
      <object_component id="oc-233">
         <name>ramfuncs</name>
         <load_address>0x3f53f0</load_address>
         <run_address>0x83f0</run_address>
         <size>0x1b</size>
         <input_file_ref idref="fl-21"/>
      </object_component>
      <object_component id="oc-13d">
         <name>ramfuncs</name>
         <load_address>0x3f540b</load_address>
         <run_address>0x840b</run_address>
         <size>0x4</size>
         <input_file_ref idref="fl-23"/>
      </object_component>
      <object_component id="oc-b5">
         <name>rammanual:retain</name>
         <load_address>0x3f5000</load_address>
         <run_address>0x8000</run_address>
         <size>0x215</size>
         <input_file_ref idref="fl-12"/>
      </object_component>
      <object_component id="oc-218">
         <name>rammanual</name>
         <load_address>0x3f5215</load_address>
         <run_address>0x8215</run_address>
         <size>0x1db</size>
         <input_file_ref idref="fl-d"/>
      </object_component>
      <object_component id="oc-142">
         <name>.stack</name>
         <uninitialized>true</uninitialized>
         <run_address>0x50</run_address>
         <size>0x0</size>
         <input_file_ref idref="fl-36"/>
      </object_component>
      <object_component id="oc-2ac">
         <name>.stack</name>
         <uninitialized>true</uninitialized>
         <run_address>0x50</run_address>
         <size>0x0</size>
      </object_component>
      <object_component id="oc-47">
         <name>.ebss</name>
         <uninitialized>true</uninitialized>
         <run_address>0x8e80</run_address>
         <size>0xa4</size>
         <input_file_ref idref="fl-2"/>
      </object_component>
      <object_component id="oc-4e">
         <name>.ebss</name>
         <uninitialized>true</uninitialized>
         <run_address>0x8fc2</run_address>
         <size>0x34</size>
         <input_file_ref idref="fl-3"/>
      </object_component>
      <object_component id="oc-56">
         <name>.ebss</name>
         <uninitialized>true</uninitialized>
         <run_address>0x8e78</run_address>
         <size>0x8</size>
         <input_file_ref idref="fl-4"/>
      </object_component>
      <object_component id="oc-5d">
         <name>.ebss</name>
         <uninitialized>true</uninitialized>
         <run_address>0x8f24</run_address>
         <size>0x1c</size>
         <input_file_ref idref="fl-5"/>
      </object_component>
      <object_component id="oc-64">
         <name>.ebss</name>
         <uninitialized>true</uninitialized>
         <run_address>0x9180</run_address>
         <size>0x60</size>
         <input_file_ref idref="fl-6"/>
      </object_component>
      <object_component id="oc-6b">
         <name>.ebss</name>
         <uninitialized>true</uninitialized>
         <run_address>0x8f40</run_address>
         <size>0x81</size>
         <input_file_ref idref="fl-7"/>
      </object_component>
      <object_component id="oc-77">
         <name>.ebss</name>
         <uninitialized>true</uninitialized>
         <run_address>0x91e0</run_address>
         <size>0x14</size>
         <input_file_ref idref="fl-9"/>
      </object_component>
      <object_component id="oc-7e">
         <name>.ebss</name>
         <uninitialized>true</uninitialized>
         <run_address>0x8fc1</run_address>
         <size>0x1</size>
         <input_file_ref idref="fl-a"/>
      </object_component>
      <object_component id="oc-85">
         <name>.ebss</name>
         <uninitialized>true</uninitialized>
         <run_address>0x90e4</run_address>
         <size>0x1a</size>
         <input_file_ref idref="fl-b"/>
      </object_component>
      <object_component id="oc-8c">
         <name>.ebss</name>
         <uninitialized>true</uninitialized>
         <run_address>0x9000</run_address>
         <size>0x80</size>
         <input_file_ref idref="fl-c"/>
      </object_component>
      <object_component id="oc-94">
         <name>.ebss</name>
         <uninitialized>true</uninitialized>
         <run_address>0x9200</run_address>
         <size>0x12</size>
         <input_file_ref idref="fl-d"/>
      </object_component>
      <object_component id="oc-9c">
         <name>.ebss</name>
         <uninitialized>true</uninitialized>
         <run_address>0x90fe</run_address>
         <size>0x1</size>
         <input_file_ref idref="fl-e"/>
      </object_component>
      <object_component id="oc-ad">
         <name>.ebss</name>
         <uninitialized>true</uninitialized>
         <run_address>0x8d40</run_address>
         <size>0x138</size>
         <input_file_ref idref="fl-11"/>
      </object_component>
      <object_component id="oc-b4">
         <name>.ebss</name>
         <uninitialized>true</uninitialized>
         <run_address>0x9080</run_address>
         <size>0x64</size>
         <input_file_ref idref="fl-12"/>
      </object_component>
      <object_component id="oc-bc">
         <name>.ebss</name>
         <uninitialized>true</uninitialized>
         <run_address>0x8c00</run_address>
         <size>0x140</size>
         <input_file_ref idref="fl-13"/>
      </object_component>
      <object_component id="oc-c3">
         <name>.ebss</name>
         <uninitialized>true</uninitialized>
         <run_address>0x9100</run_address>
         <size>0x64</size>
         <input_file_ref idref="fl-14"/>
      </object_component>
      <object_component id="oc-d9">
         <name>.ebss</name>
         <uninitialized>true</uninitialized>
         <run_address>0x9164</run_address>
         <size>0x18</size>
         <input_file_ref idref="fl-18"/>
      </object_component>
      <object_component id="oc-14f">
         <name>.ebss</name>
         <uninitialized>true</uninitialized>
         <run_address>0x8ff6</run_address>
         <size>0x6</size>
         <input_file_ref idref="fl-38"/>
      </object_component>
      <object_component id="oc-23c">
         <name>.ebss:__unlock</name>
         <uninitialized>true</uninitialized>
         <run_address>0x8ffe</run_address>
         <size>0x2</size>
         <input_file_ref idref="fl-43"/>
      </object_component>
      <object_component id="oc-21c">
         <name>.ebss:__lock</name>
         <uninitialized>true</uninitialized>
         <run_address>0x8ffc</run_address>
         <size>0x2</size>
         <input_file_ref idref="fl-43"/>
      </object_component>
      <object_component id="oc-206">
         <name>.ebss</name>
         <uninitialized>true</uninitialized>
         <run_address>0x90ff</run_address>
         <size>0x1</size>
         <input_file_ref idref="fl-5c"/>
      </object_component>
      <object_component id="oc-bd">
         <name>.econst:.string</name>
         <load_address>0x3eeaba</load_address>
         <run_address>0x3eeaba</run_address>
         <size>0x1cc</size>
         <input_file_ref idref="fl-13"/>
      </object_component>
      <object_component id="oc-25f">
         <name>.econst:.string:__ctypes_</name>
         <load_address>0x3eec86</load_address>
         <run_address>0x3eec86</run_address>
         <size>0x101</size>
         <input_file_ref idref="fl-47"/>
      </object_component>
      <object_component id="oc-133">
         <name>.econst</name>
         <load_address>0x3eed87</load_address>
         <run_address>0x3eed87</run_address>
         <size>0x1</size>
         <input_file_ref idref="fl-21"/>
      </object_component>
      <object_component id="oc-234">
         <name>.econst:_PieVectTableInit</name>
         <load_address>0x3eed88</load_address>
         <run_address>0x3eed88</run_address>
         <size>0x100</size>
         <input_file_ref idref="fl-1f"/>
      </object_component>
      <object_component id="oc-21f">
         <name>.econst:_LedTeb</name>
         <load_address>0x3eee88</load_address>
         <run_address>0x3eee88</run_address>
         <size>0x37</size>
         <input_file_ref idref="fl-b"/>
      </object_component>
      <object_component id="oc-9b">
         <name>.econst</name>
         <load_address>0x3eeebf</load_address>
         <run_address>0x3eeebf</run_address>
         <size>0x1</size>
         <input_file_ref idref="fl-e"/>
      </object_component>
      <object_component id="oc-18d">
         <name>.econst:.string</name>
         <load_address>0x3eeec0</load_address>
         <run_address>0x3eeec0</run_address>
         <size>0x26</size>
         <input_file_ref idref="fl-44"/>
      </object_component>
      <object_component id="oc-223">
         <name>.econst:_gCodeDuan</name>
         <load_address>0x3eeee6</load_address>
         <run_address>0x3eeee6</run_address>
         <size>0x26</size>
         <input_file_ref idref="fl-b"/>
      </object_component>
      <object_component id="oc-18c">
         <name>.econst</name>
         <load_address>0x3eef0c</load_address>
         <run_address>0x3eef0c</run_address>
         <size>0x1c</size>
         <input_file_ref idref="fl-44"/>
      </object_component>
      <object_component id="oc-1f5">
         <name>.econst</name>
         <load_address>0x3eef28</load_address>
         <run_address>0x3eef28</run_address>
         <size>0x1c</size>
         <input_file_ref idref="fl-59"/>
      </object_component>
      <object_component id="oc-24e">
         <name>.econst:.string:_$P$T11$25</name>
         <load_address>0x3eef44</load_address>
         <run_address>0x3eef44</run_address>
         <size>0xf</size>
         <input_file_ref idref="fl-13"/>
      </object_component>
      <object_component id="oc-24f">
         <name>.econst:.string:_$P$T12$26</name>
         <load_address>0x3eef53</load_address>
         <run_address>0x3eef53</run_address>
         <size>0xf</size>
         <input_file_ref idref="fl-13"/>
      </object_component>
      <object_component id="oc-253">
         <name>.econst:.string:_$P$T16$30</name>
         <load_address>0x3eef62</load_address>
         <run_address>0x3eef62</run_address>
         <size>0xf</size>
         <input_file_ref idref="fl-13"/>
      </object_component>
      <object_component id="oc-248">
         <name>.econst:.string:_$P$T5$19</name>
         <load_address>0x3eef71</load_address>
         <run_address>0x3eef71</run_address>
         <size>0xf</size>
         <input_file_ref idref="fl-13"/>
      </object_component>
      <object_component id="oc-249">
         <name>.econst:.string:_$P$T6$20</name>
         <load_address>0x3eef80</load_address>
         <run_address>0x3eef80</run_address>
         <size>0xf</size>
         <input_file_ref idref="fl-13"/>
      </object_component>
      <object_component id="oc-24a">
         <name>.econst:.string:_$P$T7$21</name>
         <load_address>0x3eef8f</load_address>
         <run_address>0x3eef8f</run_address>
         <size>0xf</size>
         <input_file_ref idref="fl-13"/>
      </object_component>
      <object_component id="oc-242">
         <name>.econst:.string:_$P$T0$1</name>
         <load_address>0x3eef9e</load_address>
         <run_address>0x3eef9e</run_address>
         <size>0xa</size>
         <input_file_ref idref="fl-13"/>
      </object_component>
      <object_component id="oc-24d">
         <name>.econst:.string:_$P$T10$24</name>
         <load_address>0x3eefa8</load_address>
         <run_address>0x3eefa8</run_address>
         <size>0xa</size>
         <input_file_ref idref="fl-13"/>
      </object_component>
      <object_component id="oc-250">
         <name>.econst:.string:_$P$T13$27</name>
         <load_address>0x3eefb2</load_address>
         <run_address>0x3eefb2</run_address>
         <size>0xa</size>
         <input_file_ref idref="fl-13"/>
      </object_component>
      <object_component id="oc-251">
         <name>.econst:.string:_$P$T14$28</name>
         <load_address>0x3eefbc</load_address>
         <run_address>0x3eefbc</run_address>
         <size>0xa</size>
         <input_file_ref idref="fl-13"/>
      </object_component>
      <object_component id="oc-252">
         <name>.econst:.string:_$P$T15$29</name>
         <load_address>0x3eefc6</load_address>
         <run_address>0x3eefc6</run_address>
         <size>0xa</size>
         <input_file_ref idref="fl-13"/>
      </object_component>
      <object_component id="oc-24b">
         <name>.econst:.string:_$P$T8$22</name>
         <load_address>0x3eefd0</load_address>
         <run_address>0x3eefd0</run_address>
         <size>0xa</size>
         <input_file_ref idref="fl-13"/>
      </object_component>
      <object_component id="oc-24c">
         <name>.econst:.string:_$P$T9$23</name>
         <load_address>0x3eefda</load_address>
         <run_address>0x3eefda</run_address>
         <size>0xa</size>
         <input_file_ref idref="fl-13"/>
      </object_component>
      <object_component id="oc-222">
         <name>.econst:_gCodeWei</name>
         <load_address>0x3eefe4</load_address>
         <run_address>0x3eefe4</run_address>
         <size>0x8</size>
         <input_file_ref idref="fl-b"/>
      </object_component>
      <object_component id="oc-1ef">
         <name>.econst</name>
         <load_address>0x3eefec</load_address>
         <run_address>0x3eefec</run_address>
         <size>0x8</size>
         <input_file_ref idref="fl-58"/>
      </object_component>
      <object_component id="oc-220">
         <name>.econst:_Led_Count</name>
         <load_address>0x3eeff4</load_address>
         <run_address>0x3eeff4</run_address>
         <size>0x7</size>
         <input_file_ref idref="fl-b"/>
      </object_component>
      <object_component id="oc-245">
         <name>.econst:.string:_$P$T2$16</name>
         <load_address>0x3eeffb</load_address>
         <run_address>0x3eeffb</run_address>
         <size>0x3</size>
         <input_file_ref idref="fl-13"/>
      </object_component>
      <object_component id="oc-244">
         <name>.econst:.string:_$P$T1$15</name>
         <load_address>0x3eeffe</load_address>
         <run_address>0x3eeffe</run_address>
         <size>0x2</size>
         <input_file_ref idref="fl-13"/>
      </object_component>
      <object_component id="oc-246">
         <name>.econst:.string:_$P$T3$17</name>
         <load_address>0x3ef000</load_address>
         <run_address>0x3ef000</run_address>
         <size>0x2</size>
         <input_file_ref idref="fl-13"/>
      </object_component>
      <object_component id="oc-247">
         <name>.econst:.string:_$P$T4$18</name>
         <load_address>0x3ef002</load_address>
         <run_address>0x3ef002</run_address>
         <size>0x2</size>
         <input_file_ref idref="fl-13"/>
      </object_component>
      <object_component id="oc-232">
         <name>.switch:_SelectCurve</name>
         <load_address>0x3ef004</load_address>
         <run_address>0x3ef004</run_address>
         <size>0x2e</size>
         <input_file_ref idref="fl-11"/>
      </object_component>
      <object_component id="oc-23b">
         <name>.switch:_LlcFlow</name>
         <load_address>0x3ef032</load_address>
         <run_address>0x3ef032</run_address>
         <size>0x2a</size>
         <input_file_ref idref="fl-7"/>
      </object_component>
      <object_component id="oc-23e">
         <name>.switch:_WriteEEPROM</name>
         <load_address>0x3ef05c</load_address>
         <run_address>0x3ef05c</run_address>
         <size>0x28</size>
         <input_file_ref idref="fl-5"/>
      </object_component>
      <object_component id="oc-221">
         <name>.switch:_LedErrDisplay</name>
         <load_address>0x3ef084</load_address>
         <run_address>0x3ef084</run_address>
         <size>0x20</size>
         <input_file_ref idref="fl-b"/>
      </object_component>
      <object_component id="oc-255">
         <name>.switch:_USBDownLoadData</name>
         <load_address>0x3ef0a4</load_address>
         <run_address>0x3ef0a4</run_address>
         <size>0x1e</size>
         <input_file_ref idref="fl-13"/>
      </object_component>
      <object_component id="oc-143">
         <name>.reset</name>
         <load_address>0x3fffc0</load_address>
         <run_address>0x3fffc0</run_address>
         <size>0x2</size>
         <input_file_ref idref="fl-36"/>
      </object_component>
      <object_component id="oc-11b">
         <name>PieVectTableFile</name>
         <uninitialized>true</uninitialized>
         <run_address>0xd00</run_address>
         <size>0x100</size>
         <input_file_ref idref="fl-1c"/>
      </object_component>
      <object_component id="oc-ef">
         <name>EmuKeyVar</name>
         <uninitialized>true</uninitialized>
         <run_address>0xd00</run_address>
         <size>0x1</size>
         <input_file_ref idref="fl-1c"/>
      </object_component>
      <object_component id="oc-f1">
         <name>EmuBModeVar</name>
         <uninitialized>true</uninitialized>
         <run_address>0xd01</run_address>
         <size>0x1</size>
         <input_file_ref idref="fl-1c"/>
      </object_component>
      <object_component id="oc-f3">
         <name>FlashCallbackVar</name>
         <uninitialized>true</uninitialized>
         <run_address>0xd02</run_address>
         <size>0x2</size>
         <input_file_ref idref="fl-1c"/>
      </object_component>
      <object_component id="oc-f2">
         <name>FlashScalingVar</name>
         <uninitialized>true</uninitialized>
         <run_address>0xd04</run_address>
         <size>0x2</size>
         <input_file_ref idref="fl-1c"/>
      </object_component>
      <object_component id="oc-f5">
         <name>DevEmuRegsFile</name>
         <uninitialized>true</uninitialized>
         <run_address>0x880</run_address>
         <size>0x4</size>
         <input_file_ref idref="fl-1c"/>
      </object_component>
      <object_component id="oc-f4">
         <name>SysPwrCtrlRegsFile</name>
         <uninitialized>true</uninitialized>
         <run_address>0x985</run_address>
         <size>0x3</size>
         <input_file_ref idref="fl-1c"/>
      </object_component>
      <object_component id="oc-f6">
         <name>FlashRegsFile</name>
         <uninitialized>true</uninitialized>
         <run_address>0xa80</run_address>
         <size>0x8</size>
         <input_file_ref idref="fl-1c"/>
      </object_component>
      <object_component id="oc-101">
         <name>CsmRegsFile</name>
         <uninitialized>true</uninitialized>
         <run_address>0xae0</run_address>
         <size>0x10</size>
         <input_file_ref idref="fl-1c"/>
      </object_component>
      <object_component id="oc-109">
         <name>AdcResultFile</name>
         <uninitialized>true</uninitialized>
         <run_address>0xb00</run_address>
         <size>0x20</size>
         <input_file_ref idref="fl-1c"/>
      </object_component>
      <object_component id="oc-f8">
         <name>CpuTimer0RegsFile</name>
         <uninitialized>true</uninitialized>
         <run_address>0xc00</run_address>
         <size>0x8</size>
         <input_file_ref idref="fl-1c"/>
      </object_component>
      <object_component id="oc-f9">
         <name>CpuTimer1RegsFile</name>
         <uninitialized>true</uninitialized>
         <run_address>0xc08</run_address>
         <size>0x8</size>
         <input_file_ref idref="fl-1c"/>
      </object_component>
      <object_component id="oc-fa">
         <name>CpuTimer2RegsFile</name>
         <uninitialized>true</uninitialized>
         <run_address>0xc10</run_address>
         <size>0x8</size>
         <input_file_ref idref="fl-1c"/>
      </object_component>
      <object_component id="oc-105">
         <name>PieCtrlRegsFile</name>
         <uninitialized>true</uninitialized>
         <run_address>0xce0</run_address>
         <size>0x1a</size>
         <input_file_ref idref="fl-1c"/>
      </object_component>
      <object_component id="oc-114">
         <name>Cla1RegsFile</name>
         <uninitialized>true</uninitialized>
         <run_address>0x1400</run_address>
         <size>0x40</size>
         <input_file_ref idref="fl-1c"/>
      </object_component>
      <object_component id="oc-10b">
         <name>ECanaRegsFile</name>
         <uninitialized>true</uninitialized>
         <run_address>0x6000</run_address>
         <size>0x34</size>
         <input_file_ref idref="fl-1c"/>
      </object_component>
      <object_component id="oc-115">
         <name>ECanaLAMRegsFile</name>
         <uninitialized>true</uninitialized>
         <run_address>0x6040</run_address>
         <size>0x40</size>
         <input_file_ref idref="fl-1c"/>
      </object_component>
      <object_component id="oc-11c">
         <name>ECanaMboxesFile</name>
         <uninitialized>true</uninitialized>
         <run_address>0x6100</run_address>
         <size>0x100</size>
         <input_file_ref idref="fl-1c"/>
      </object_component>
      <object_component id="oc-116">
         <name>ECanaMOTSRegsFile</name>
         <uninitialized>true</uninitialized>
         <run_address>0x6080</run_address>
         <size>0x40</size>
         <input_file_ref idref="fl-1c"/>
      </object_component>
      <object_component id="oc-113">
         <name>ECanaMOTORegsFile</name>
         <uninitialized>true</uninitialized>
         <run_address>0x60c0</run_address>
         <size>0x40</size>
         <input_file_ref idref="fl-1c"/>
      </object_component>
      <object_component id="oc-106">
         <name>ECap1RegsFile</name>
         <uninitialized>true</uninitialized>
         <run_address>0x6a00</run_address>
         <size>0x20</size>
         <input_file_ref idref="fl-1c"/>
      </object_component>
      <object_component id="oc-117">
         <name>EQep1RegsFile</name>
         <uninitialized>true</uninitialized>
         <run_address>0x6b00</run_address>
         <size>0x40</size>
         <input_file_ref idref="fl-1c"/>
      </object_component>
      <object_component id="oc-119">
         <name>LinaRegsFile</name>
         <uninitialized>true</uninitialized>
         <run_address>0x6c00</run_address>
         <size>0x4a</size>
         <input_file_ref idref="fl-1c"/>
      </object_component>
      <object_component id="oc-118">
         <name>GpioCtrlRegsFile</name>
         <uninitialized>true</uninitialized>
         <run_address>0x6f80</run_address>
         <size>0x40</size>
         <input_file_ref idref="fl-1c"/>
      </object_component>
      <object_component id="oc-108">
         <name>GpioDataRegsFile</name>
         <uninitialized>true</uninitialized>
         <run_address>0x6fc0</run_address>
         <size>0x20</size>
         <input_file_ref idref="fl-1c"/>
      </object_component>
      <object_component id="oc-fb">
         <name>GpioIntRegsFile</name>
         <uninitialized>true</uninitialized>
         <run_address>0x6fe0</run_address>
         <size>0xc</size>
         <input_file_ref idref="fl-1c"/>
      </object_component>
      <object_component id="oc-107">
         <name>SysCtrlRegsFile</name>
         <uninitialized>true</uninitialized>
         <run_address>0x7010</run_address>
         <size>0x20</size>
         <input_file_ref idref="fl-1c"/>
      </object_component>
      <object_component id="oc-fc">
         <name>SpiaRegsFile</name>
         <uninitialized>true</uninitialized>
         <run_address>0x7040</run_address>
         <size>0x10</size>
         <input_file_ref idref="fl-1c"/>
      </object_component>
      <object_component id="oc-fe">
         <name>SpibRegsFile</name>
         <uninitialized>true</uninitialized>
         <run_address>0x7740</run_address>
         <size>0x10</size>
         <input_file_ref idref="fl-1c"/>
      </object_component>
      <object_component id="oc-fd">
         <name>SciaRegsFile</name>
         <uninitialized>true</uninitialized>
         <run_address>0x7050</run_address>
         <size>0x10</size>
         <input_file_ref idref="fl-1c"/>
      </object_component>
      <object_component id="oc-ff">
         <name>NmiIntruptRegsFile</name>
         <uninitialized>true</uninitialized>
         <run_address>0x7060</run_address>
         <size>0x10</size>
         <input_file_ref idref="fl-1c"/>
      </object_component>
      <object_component id="oc-100">
         <name>XIntruptRegsFile</name>
         <uninitialized>true</uninitialized>
         <run_address>0x7070</run_address>
         <size>0x10</size>
         <input_file_ref idref="fl-1c"/>
      </object_component>
      <object_component id="oc-11a">
         <name>AdcRegsFile</name>
         <uninitialized>true</uninitialized>
         <run_address>0x7100</run_address>
         <size>0x50</size>
         <input_file_ref idref="fl-1c"/>
      </object_component>
      <object_component id="oc-10a">
         <name>I2caRegsFile</name>
         <uninitialized>true</uninitialized>
         <run_address>0x7900</run_address>
         <size>0x22</size>
         <input_file_ref idref="fl-1c"/>
      </object_component>
      <object_component id="oc-102">
         <name>Comp1RegsFile</name>
         <uninitialized>true</uninitialized>
         <run_address>0x6400</run_address>
         <size>0x11</size>
         <input_file_ref idref="fl-1c"/>
      </object_component>
      <object_component id="oc-103">
         <name>Comp2RegsFile</name>
         <uninitialized>true</uninitialized>
         <run_address>0x6420</run_address>
         <size>0x11</size>
         <input_file_ref idref="fl-1c"/>
      </object_component>
      <object_component id="oc-104">
         <name>Comp3RegsFile</name>
         <uninitialized>true</uninitialized>
         <run_address>0x6440</run_address>
         <size>0x11</size>
         <input_file_ref idref="fl-1c"/>
      </object_component>
      <object_component id="oc-110">
         <name>EPwm1RegsFile</name>
         <uninitialized>true</uninitialized>
         <run_address>0x6800</run_address>
         <size>0x3a</size>
         <input_file_ref idref="fl-1c"/>
      </object_component>
      <object_component id="oc-10e">
         <name>EPwm2RegsFile</name>
         <uninitialized>true</uninitialized>
         <run_address>0x6840</run_address>
         <size>0x3a</size>
         <input_file_ref idref="fl-1c"/>
      </object_component>
      <object_component id="oc-10f">
         <name>EPwm3RegsFile</name>
         <uninitialized>true</uninitialized>
         <run_address>0x6880</run_address>
         <size>0x3a</size>
         <input_file_ref idref="fl-1c"/>
      </object_component>
      <object_component id="oc-10c">
         <name>EPwm4RegsFile</name>
         <uninitialized>true</uninitialized>
         <run_address>0x68c0</run_address>
         <size>0x3a</size>
         <input_file_ref idref="fl-1c"/>
      </object_component>
      <object_component id="oc-10d">
         <name>EPwm5RegsFile</name>
         <uninitialized>true</uninitialized>
         <run_address>0x6900</run_address>
         <size>0x3a</size>
         <input_file_ref idref="fl-1c"/>
      </object_component>
      <object_component id="oc-111">
         <name>EPwm6RegsFile</name>
         <uninitialized>true</uninitialized>
         <run_address>0x6940</run_address>
         <size>0x3a</size>
         <input_file_ref idref="fl-1c"/>
      </object_component>
      <object_component id="oc-112">
         <name>EPwm7RegsFile</name>
         <uninitialized>true</uninitialized>
         <run_address>0x6980</run_address>
         <size>0x3a</size>
         <input_file_ref idref="fl-1c"/>
      </object_component>
      <object_component id="oc-f7">
         <name>CsmPwlFile</name>
         <uninitialized>true</uninitialized>
         <run_address>0x3f7ff8</run_address>
         <size>0x8</size>
         <input_file_ref idref="fl-1c"/>
      </object_component>
      <object_component id="oc-f0">
         <name>PartIdRegsFile</name>
         <uninitialized>true</uninitialized>
         <run_address>0x3d7e80</run_address>
         <size>0x1</size>
         <input_file_ref idref="fl-1c"/>
      </object_component>
      <object_component id="oc-45">
         <name>.debug_info</name>
         <load_address>0x0</load_address>
         <run_address>0x0</run_address>
         <size>0x2302</size>
         <input_file_ref idref="fl-2"/>
      </object_component>
      <object_component id="oc-4c">
         <name>.debug_info</name>
         <load_address>0x2302</load_address>
         <run_address>0x2302</run_address>
         <size>0x67cd</size>
         <input_file_ref idref="fl-3"/>
      </object_component>
      <object_component id="oc-54">
         <name>.debug_info</name>
         <load_address>0x8acf</load_address>
         <run_address>0x8acf</run_address>
         <size>0x208b</size>
         <input_file_ref idref="fl-4"/>
      </object_component>
      <object_component id="oc-5b">
         <name>.debug_info</name>
         <load_address>0xab5a</load_address>
         <run_address>0xab5a</run_address>
         <size>0x123b</size>
         <input_file_ref idref="fl-5"/>
      </object_component>
      <object_component id="oc-62">
         <name>.debug_info</name>
         <load_address>0xbd95</load_address>
         <run_address>0xbd95</run_address>
         <size>0x1a35</size>
         <input_file_ref idref="fl-6"/>
      </object_component>
      <object_component id="oc-69">
         <name>.debug_info</name>
         <load_address>0xd7ca</load_address>
         <run_address>0xd7ca</run_address>
         <size>0x1c7d</size>
         <input_file_ref idref="fl-7"/>
      </object_component>
      <object_component id="oc-70">
         <name>.debug_info</name>
         <load_address>0xf447</load_address>
         <run_address>0xf447</run_address>
         <size>0x1961</size>
         <input_file_ref idref="fl-8"/>
      </object_component>
      <object_component id="oc-75">
         <name>.debug_info</name>
         <load_address>0x10da8</load_address>
         <run_address>0x10da8</run_address>
         <size>0x230a</size>
         <input_file_ref idref="fl-9"/>
      </object_component>
      <object_component id="oc-7c">
         <name>.debug_info</name>
         <load_address>0x130b2</load_address>
         <run_address>0x130b2</run_address>
         <size>0x56f</size>
         <input_file_ref idref="fl-a"/>
      </object_component>
      <object_component id="oc-83">
         <name>.debug_info</name>
         <load_address>0x13621</load_address>
         <run_address>0x13621</run_address>
         <size>0x2213</size>
         <input_file_ref idref="fl-b"/>
      </object_component>
      <object_component id="oc-8a">
         <name>.debug_info</name>
         <load_address>0x15834</load_address>
         <run_address>0x15834</run_address>
         <size>0x6321</size>
         <input_file_ref idref="fl-c"/>
      </object_component>
      <object_component id="oc-92">
         <name>.debug_info</name>
         <load_address>0x1bb55</load_address>
         <run_address>0x1bb55</run_address>
         <size>0x2cca</size>
         <input_file_ref idref="fl-d"/>
      </object_component>
      <object_component id="oc-99">
         <name>.debug_info</name>
         <load_address>0x1e81f</load_address>
         <run_address>0x1e81f</run_address>
         <size>0x1d8f</size>
         <input_file_ref idref="fl-e"/>
      </object_component>
      <object_component id="oc-a1">
         <name>.debug_info</name>
         <load_address>0x205ae</load_address>
         <run_address>0x205ae</run_address>
         <size>0x3186</size>
         <input_file_ref idref="fl-f"/>
      </object_component>
      <object_component id="oc-a6">
         <name>.debug_info</name>
         <load_address>0x23734</load_address>
         <run_address>0x23734</run_address>
         <size>0xd9e</size>
         <input_file_ref idref="fl-10"/>
      </object_component>
      <object_component id="oc-ab">
         <name>.debug_info</name>
         <load_address>0x244d2</load_address>
         <run_address>0x244d2</run_address>
         <size>0x416c</size>
         <input_file_ref idref="fl-11"/>
      </object_component>
      <object_component id="oc-b2">
         <name>.debug_info</name>
         <load_address>0x2863e</load_address>
         <run_address>0x2863e</run_address>
         <size>0x31ea</size>
         <input_file_ref idref="fl-12"/>
      </object_component>
      <object_component id="oc-ba">
         <name>.debug_info</name>
         <load_address>0x2b828</load_address>
         <run_address>0x2b828</run_address>
         <size>0x69e3</size>
         <input_file_ref idref="fl-13"/>
      </object_component>
      <object_component id="oc-c2">
         <name>.debug_info</name>
         <load_address>0x3220b</load_address>
         <run_address>0x3220b</run_address>
         <size>0xe7d</size>
         <input_file_ref idref="fl-14"/>
      </object_component>
      <object_component id="oc-c8">
         <name>.debug_info</name>
         <load_address>0x33088</load_address>
         <run_address>0x33088</run_address>
         <size>0x257c</size>
         <input_file_ref idref="fl-15"/>
      </object_component>
      <object_component id="oc-cd">
         <name>.debug_info</name>
         <load_address>0x35604</load_address>
         <run_address>0x35604</run_address>
         <size>0x426a</size>
         <input_file_ref idref="fl-16"/>
      </object_component>
      <object_component id="oc-d4">
         <name>.debug_info</name>
         <load_address>0x3986e</load_address>
         <run_address>0x3986e</run_address>
         <size>0x12e</size>
         <input_file_ref idref="fl-17"/>
      </object_component>
      <object_component id="oc-d8">
         <name>.debug_info</name>
         <load_address>0x3999c</load_address>
         <run_address>0x3999c</run_address>
         <size>0x90e</size>
         <input_file_ref idref="fl-18"/>
      </object_component>
      <object_component id="oc-de">
         <name>.debug_info</name>
         <load_address>0x3a2aa</load_address>
         <run_address>0x3a2aa</run_address>
         <size>0x224d</size>
         <input_file_ref idref="fl-19"/>
      </object_component>
      <object_component id="oc-e4">
         <name>.debug_info</name>
         <load_address>0x3c4f7</load_address>
         <run_address>0x3c4f7</run_address>
         <size>0x148c</size>
         <input_file_ref idref="fl-1a"/>
      </object_component>
      <object_component id="oc-e9">
         <name>.debug_info</name>
         <load_address>0x3d983</load_address>
         <run_address>0x3d983</run_address>
         <size>0x1688</size>
         <input_file_ref idref="fl-1b"/>
      </object_component>
      <object_component id="oc-ee">
         <name>.debug_info</name>
         <load_address>0x3f00b</load_address>
         <run_address>0x3f00b</run_address>
         <size>0x1359b</size>
         <input_file_ref idref="fl-1c"/>
      </object_component>
      <object_component id="oc-11e">
         <name>.debug_info</name>
         <load_address>0x525a6</load_address>
         <run_address>0x525a6</run_address>
         <size>0x3c1</size>
         <input_file_ref idref="fl-1d"/>
      </object_component>
      <object_component id="oc-123">
         <name>.debug_info</name>
         <load_address>0x52967</load_address>
         <run_address>0x52967</run_address>
         <size>0xab2</size>
         <input_file_ref idref="fl-1e"/>
      </object_component>
      <object_component id="oc-128">
         <name>.debug_info</name>
         <load_address>0x53419</load_address>
         <run_address>0x53419</run_address>
         <size>0x2198</size>
         <input_file_ref idref="fl-1f"/>
      </object_component>
      <object_component id="oc-12d">
         <name>.debug_info</name>
         <load_address>0x555b1</load_address>
         <run_address>0x555b1</run_address>
         <size>0x15ce</size>
         <input_file_ref idref="fl-20"/>
      </object_component>
      <object_component id="oc-132">
         <name>.debug_info</name>
         <load_address>0x56b7f</load_address>
         <run_address>0x56b7f</run_address>
         <size>0x32be</size>
         <input_file_ref idref="fl-21"/>
      </object_component>
      <object_component id="oc-138">
         <name>.debug_info</name>
         <load_address>0x59e3d</load_address>
         <run_address>0x59e3d</run_address>
         <size>0x2c5</size>
         <input_file_ref idref="fl-22"/>
      </object_component>
      <object_component id="oc-13e">
         <name>.debug_info</name>
         <load_address>0x5a102</load_address>
         <run_address>0x5a102</run_address>
         <size>0xef</size>
         <input_file_ref idref="fl-23"/>
      </object_component>
      <object_component id="oc-144">
         <name>.debug_info</name>
         <load_address>0x5a1f1</load_address>
         <run_address>0x5a1f1</run_address>
         <size>0x16b</size>
         <input_file_ref idref="fl-36"/>
      </object_component>
      <object_component id="oc-148">
         <name>.debug_info</name>
         <load_address>0x5a35c</load_address>
         <run_address>0x5a35c</run_address>
         <size>0x50f</size>
         <input_file_ref idref="fl-37"/>
      </object_component>
      <object_component id="oc-14d">
         <name>.debug_info</name>
         <load_address>0x5a86b</load_address>
         <run_address>0x5a86b</run_address>
         <size>0x4f9</size>
         <input_file_ref idref="fl-38"/>
      </object_component>
      <object_component id="oc-155">
         <name>.debug_info</name>
         <load_address>0x5ad64</load_address>
         <run_address>0x5ad64</run_address>
         <size>0x10c</size>
         <input_file_ref idref="fl-39"/>
      </object_component>
      <object_component id="oc-15a">
         <name>.debug_info</name>
         <load_address>0x5ae70</load_address>
         <run_address>0x5ae70</run_address>
         <size>0x118</size>
         <input_file_ref idref="fl-3a"/>
      </object_component>
      <object_component id="oc-15f">
         <name>.debug_info</name>
         <load_address>0x5af88</load_address>
         <run_address>0x5af88</run_address>
         <size>0x139</size>
         <input_file_ref idref="fl-3b"/>
      </object_component>
      <object_component id="oc-164">
         <name>.debug_info</name>
         <load_address>0x5b0c1</load_address>
         <run_address>0x5b0c1</run_address>
         <size>0x19d</size>
         <input_file_ref idref="fl-3c"/>
      </object_component>
      <object_component id="oc-168">
         <name>.debug_info</name>
         <load_address>0x5b25e</load_address>
         <run_address>0x5b25e</run_address>
         <size>0x3bd</size>
         <input_file_ref idref="fl-3d"/>
      </object_component>
      <object_component id="oc-16d">
         <name>.debug_info</name>
         <load_address>0x5b61b</load_address>
         <run_address>0x5b61b</run_address>
         <size>0x330</size>
         <input_file_ref idref="fl-3e"/>
      </object_component>
      <object_component id="oc-172">
         <name>.debug_info</name>
         <load_address>0x5b94b</load_address>
         <run_address>0x5b94b</run_address>
         <size>0x5d9</size>
         <input_file_ref idref="fl-3f"/>
      </object_component>
      <object_component id="oc-177">
         <name>.debug_info</name>
         <load_address>0x5bf24</load_address>
         <run_address>0x5bf24</run_address>
         <size>0x32d</size>
         <input_file_ref idref="fl-40"/>
      </object_component>
      <object_component id="oc-17c">
         <name>.debug_info</name>
         <load_address>0x5c251</load_address>
         <run_address>0x5c251</run_address>
         <size>0x43e</size>
         <input_file_ref idref="fl-41"/>
      </object_component>
      <object_component id="oc-182">
         <name>.debug_info</name>
         <load_address>0x5c68f</load_address>
         <run_address>0x5c68f</run_address>
         <size>0x139</size>
         <input_file_ref idref="fl-42"/>
      </object_component>
      <object_component id="oc-186">
         <name>.debug_info</name>
         <load_address>0x5c7c8</load_address>
         <run_address>0x5c7c8</run_address>
         <size>0x44f</size>
         <input_file_ref idref="fl-43"/>
      </object_component>
      <object_component id="oc-18b">
         <name>.debug_info</name>
         <load_address>0x5cc17</load_address>
         <run_address>0x5cc17</run_address>
         <size>0x25a3</size>
         <input_file_ref idref="fl-44"/>
      </object_component>
      <object_component id="oc-192">
         <name>.debug_info</name>
         <load_address>0x5f1ba</load_address>
         <run_address>0x5f1ba</run_address>
         <size>0x41c</size>
         <input_file_ref idref="fl-45"/>
      </object_component>
      <object_component id="oc-197">
         <name>.debug_info</name>
         <load_address>0x5f5d6</load_address>
         <run_address>0x5f5d6</run_address>
         <size>0x3a2</size>
         <input_file_ref idref="fl-46"/>
      </object_component>
      <object_component id="oc-19c">
         <name>.debug_info</name>
         <load_address>0x5f978</load_address>
         <run_address>0x5f978</run_address>
         <size>0x1dc</size>
         <input_file_ref idref="fl-47"/>
      </object_component>
      <object_component id="oc-19f">
         <name>.debug_info</name>
         <load_address>0x5fb54</load_address>
[...]
         <value>0x985</value>
         <object_component_ref idref="oc-f4"/>
      </symbol>
      <symbol id="sm-9c7">
         <name>_EmuBMode</name>
         <value>0xd01</value>
         <object_component_ref idref="oc-f1"/>
      </symbol>
      <symbol id="sm-9c8">
         <name>_CsmRegs</name>
         <value>0xae0</value>
         <object_component_ref idref="oc-101"/>
      </symbol>
      <symbol id="sm-9c9">
         <name>_ECanaLAMRegs</name>
         <value>0x6040</value>
         <object_component_ref idref="oc-115"/>
      </symbol>
      <symbol id="sm-9ca">
         <name>_AdcResult</name>
         <value>0xb00</value>
         <object_component_ref idref="oc-109"/>
      </symbol>
      <symbol id="sm-9cb">
         <name>_EPwm4Regs</name>
         <value>0x68c0</value>
         <object_component_ref idref="oc-10c"/>
      </symbol>
      <symbol id="sm-9cc">
         <name>_CpuTimer1Regs</name>
         <value>0xc08</value>
         <object_component_ref idref="oc-f9"/>
      </symbol>
      <symbol id="sm-9cd">
         <name>_SysCtrlRegs</name>
         <value>0x7010</value>
         <object_component_ref idref="oc-107"/>
      </symbol>
      <symbol id="sm-9ce">
         <name>_EPwm5Regs</name>
         <value>0x6900</value>
         <object_component_ref idref="oc-10d"/>
      </symbol>
      <symbol id="sm-9cf">
         <name>_SpiaRegs</name>
         <value>0x7040</value>
         <object_component_ref idref="oc-fc"/>
      </symbol>
      <symbol id="sm-9d0">
         <name>_ECanaMOTSRegs</name>
         <value>0x6080</value>
         <object_component_ref idref="oc-116"/>
      </symbol>
      <symbol id="sm-9d1">
         <name>_FlashRegs</name>
         <value>0xa80</value>
         <object_component_ref idref="oc-f6"/>
      </symbol>
      <symbol id="sm-9d2">
         <name>_CpuTimer0Regs</name>
         <value>0xc00</value>
         <object_component_ref idref="oc-f8"/>
      </symbol>
      <symbol id="sm-9d3">
         <name>_DevEmuRegs</name>
         <value>0x880</value>
         <object_component_ref idref="oc-f5"/>
      </symbol>
      <symbol id="sm-9d4">
         <name>_EPwm6Regs</name>
         <value>0x6940</value>
         <object_component_ref idref="oc-111"/>
      </symbol>
      <symbol id="sm-9d5">
         <name>_Comp1Regs</name>
         <value>0x6400</value>
         <object_component_ref idref="oc-102"/>
      </symbol>
      <symbol id="sm-9d6">
         <name>_SciaRegs</name>
         <value>0x7050</value>
         <object_component_ref idref="oc-fd"/>
      </symbol>
      <symbol id="sm-9d7">
         <name>_GpioDataRegs</name>
         <value>0x6fc0</value>
         <object_component_ref idref="oc-108"/>
      </symbol>
      <symbol id="sm-9d8">
         <name>_CsmPwl</name>
         <value>0x3f7ff8</value>
         <object_component_ref idref="oc-f7"/>
      </symbol>
      <symbol id="sm-9d9">
         <name>_AdcRegs</name>
         <value>0x7100</value>
         <object_component_ref idref="oc-11a"/>
      </symbol>
      <symbol id="sm-9da">
         <name>_EPwm7Regs</name>
         <value>0x6980</value>
         <object_component_ref idref="oc-112"/>
      </symbol>
      <symbol id="sm-9db">
         <name>_Comp2Regs</name>
         <value>0x6420</value>
         <object_component_ref idref="oc-103"/>
      </symbol>
      <symbol id="sm-9dc">
         <name>_XIntruptRegs</name>
         <value>0x7070</value>
         <object_component_ref idref="oc-100"/>
      </symbol>
      <symbol id="sm-9dd">
         <name>_CpuTimer2Regs</name>
         <value>0xc10</value>
         <object_component_ref idref="oc-fa"/>
      </symbol>
      <symbol id="sm-9de">
         <name>_PieCtrlRegs</name>
         <value>0xce0</value>
         <object_component_ref idref="oc-105"/>
      </symbol>
      <symbol id="sm-9df">
         <name>_SpibRegs</name>
         <value>0x7740</value>
         <object_component_ref idref="oc-fe"/>
      </symbol>
      <symbol id="sm-9e0">
         <name>_ECanaRegs</name>
         <value>0x6000</value>
         <object_component_ref idref="oc-10b"/>
      </symbol>
      <symbol id="sm-9e1">
         <name>_Comp3Regs</name>
         <value>0x6440</value>
         <object_component_ref idref="oc-104"/>
      </symbol>
      <symbol id="sm-9e2">
         <name>_ECap1Regs</name>
         <value>0x6a00</value>
         <object_component_ref idref="oc-106"/>
      </symbol>
      <symbol id="sm-9e3">
         <name>_EmuKey</name>
         <value>0xd00</value>
         <object_component_ref idref="oc-ef"/>
      </symbol>
      <symbol id="sm-9e4">
         <name>_LinaRegs</name>
         <value>0x6c00</value>
         <object_component_ref idref="oc-119"/>
      </symbol>
      <symbol id="sm-9e5">
         <name>_Cla1Regs</name>
         <value>0x1400</value>
         <object_component_ref idref="oc-114"/>
      </symbol>
      <symbol id="sm-9e6">
         <name>_EQep1Regs</name>
         <value>0x6b00</value>
         <object_component_ref idref="oc-117"/>
      </symbol>
      <symbol id="sm-9e7">
         <name>_EPwm1Regs</name>
         <value>0x6800</value>
         <object_component_ref idref="oc-110"/>
      </symbol>
      <symbol id="sm-9e8">
         <name>_GpioIntRegs</name>
         <value>0x6fe0</value>
         <object_component_ref idref="oc-fb"/>
      </symbol>
      <symbol id="sm-9e9">
         <name>_PartIdRegs</name>
         <value>0x3d7e80</value>
         <object_component_ref idref="oc-f0"/>
      </symbol>
      <symbol id="sm-9ea">
         <name>_Flash_CPUScaleFactor</name>
         <value>0xd04</value>
         <object_component_ref idref="oc-f2"/>
      </symbol>
      <symbol id="sm-9eb">
         <name>_EPwm2Regs</name>
         <value>0x6840</value>
         <object_component_ref idref="oc-10e"/>
      </symbol>
      <symbol id="sm-9ec">
         <name>_ECanaMboxes</name>
         <value>0x6100</value>
         <object_component_ref idref="oc-11c"/>
      </symbol>
      <symbol id="sm-9ed">
         <name>_NmiIntruptRegs</name>
         <value>0x7060</value>
         <object_component_ref idref="oc-ff"/>
      </symbol>
      <symbol id="sm-9ee">
         <name>_ECanaMOTORegs</name>
         <value>0x60c0</value>
         <object_component_ref idref="oc-113"/>
      </symbol>
      <symbol id="sm-9ef">
         <name>_Flash_CallbackPtr</name>
         <value>0xd02</value>
         <object_component_ref idref="oc-f3"/>
      </symbol>
      <symbol id="sm-9f0">
         <name>_EPwm3Regs</name>
         <value>0x6880</value>
         <object_component_ref idref="oc-10f"/>
      </symbol>
      <symbol id="sm-9f1">
         <name>_I2caRegs</name>
         <value>0x7900</value>
         <object_component_ref idref="oc-10a"/>
      </symbol>
      <symbol id="sm-9ff">
         <name>_MemCopy</name>
         <value>0x3ee45a</value>
         <object_component_ref idref="oc-228"/>
      </symbol>
      <symbol id="sm-a0b">
         <name>_InitPieCtrl</name>
         <value>0x3ee234</value>
         <object_component_ref idref="oc-226"/>
      </symbol>
      <symbol id="sm-a0c">
         <name>_EnableInterrupts</name>
         <value>0x3ee253</value>
         <object_component_ref idref="oc-226"/>
      </symbol>
      <symbol id="sm-a1c">
         <name>_PieVectTableInit</name>
         <value>0x3eed88</value>
         <object_component_ref idref="oc-234"/>
      </symbol>
      <symbol id="sm-a1d">
         <name>_InitPieVectTable</name>
         <value>0x3ee25c</value>
         <object_component_ref idref="oc-227"/>
      </symbol>
      <symbol id="sm-a29">
         <name>_InitSciaGpio</name>
         <value>0x3ee413</value>
         <object_component_ref idref="oc-240"/>
      </symbol>
      <symbol id="sm-a2a">
         <name>_InitSciGpio</name>
         <value>0x3ee410</value>
         <object_component_ref idref="oc-240"/>
      </symbol>
      <symbol id="sm-a2b">
         <name>_InitSci</name>
         <value>0x3ee40f</value>
         <object_component_ref idref="oc-240"/>
      </symbol>
      <symbol id="sm-a46">
         <name>_InitPll</name>
         <value>0x3ed7f4</value>
         <object_component_ref idref="oc-224"/>
      </symbol>
      <symbol id="sm-a47">
         <name>_IntOsc1Sel</name>
         <value>0x3ed8b6</value>
         <object_component_ref idref="oc-224"/>
      </symbol>
      <symbol id="sm-a48">
         <name>_ExtOscSel</name>
         <value>0x3ed8ee</value>
         <object_component_ref idref="oc-224"/>
      </symbol>
      <symbol id="sm-a49">
         <name>_DisableDog</name>
         <value>0x3ed7ec</value>
         <object_component_ref idref="oc-224"/>
      </symbol>
      <symbol id="sm-a4a">
         <name>_InitPeripheralClocks</name>
         <value>0x3ed849</value>
         <object_component_ref idref="oc-224"/>
      </symbol>
      <symbol id="sm-a4b">
         <name>_IntOsc2Sel</name>
         <value>0x3ed8c6</value>
         <object_component_ref idref="oc-224"/>
      </symbol>
      <symbol id="sm-a4c">
         <name>_InitFlash</name>
         <value>0x83f0</value>
         <object_component_ref idref="oc-233"/>
      </symbol>
      <symbol id="sm-a4d">
         <name>_CsmUnlock</name>
         <value>0x3ed885</value>
         <object_component_ref idref="oc-224"/>
      </symbol>
      <symbol id="sm-a4e">
         <name>_ServiceDog</name>
         <value>0x3ed7e2</value>
         <object_component_ref idref="oc-224"/>
      </symbol>
      <symbol id="sm-a4f">
         <name>_XtalOscSel</name>
         <value>0x3ed8da</value>
         <object_component_ref idref="oc-224"/>
      </symbol>
      <symbol id="sm-a50">
         <name>_InitSysCtrl</name>
         <value>0x3ed7af</value>
         <object_component_ref idref="oc-224"/>
      </symbol>
      <symbol id="sm-a51">
         <name>_OscSelXtalFlag</name>
         <value>0x3eed87</value>
         <object_component_ref idref="oc-133"/>
      </symbol>
      <symbol id="sm-a66">
         <name>_DSP28x_usDelay</name>
         <value>0x840b</value>
         <object_component_ref idref="oc-13d"/>
      </symbol>
      <symbol id="sm-a81">
         <name>_c_int00</name>
         <value>0x3ee02a</value>
         <object_component_ref idref="oc-44"/>
      </symbol>
      <symbol id="sm-a82">
         <name>__stack</name>
         <value>0x50</value>
         <object_component_ref idref="oc-142"/>
      </symbol>
      <symbol id="sm-a91">
         <name>_copy_in</name>
         <value>0x3ee282</value>
         <object_component_ref idref="oc-213"/>
      </symbol>
      <symbol id="sm-aa5">
         <name>C$$EXIT</name>
         <value>0x3ee1e2</value>
         <object_component_ref idref="oc-216"/>
      </symbol>
      <symbol id="sm-aa6">
         <name>_exit</name>
         <value>0x3ee1e4</value>
         <object_component_ref idref="oc-216"/>
      </symbol>
      <symbol id="sm-aa7">
         <name>___TI_cleanup_ptr</name>
         <value>0x8ff8</value>
         <object_component_ref idref="oc-14f"/>
      </symbol>
      <symbol id="sm-aa8">
         <name>___TI_enable_exit_profile_output</name>
         <value>0x8ff6</value>
         <object_component_ref idref="oc-14f"/>
      </symbol>
      <symbol id="sm-aa9">
         <name>_abort</name>
         <value>0x3ee1e2</value>
         <object_component_ref idref="oc-216"/>
      </symbol>
      <symbol id="sm-aaa">
         <name>___TI_dtors_ptr</name>
         <value>0x8ffa</value>
         <object_component_ref idref="oc-14f"/>
      </symbol>
      <symbol id="sm-abb">
         <name>FS$$MPY</name>
         <value>0x3edf78</value>
         <object_component_ref idref="oc-154"/>
      </symbol>
      <symbol id="sm-ace">
         <name>FS$$TOL</name>
         <value>0x3ee20b</value>
         <object_component_ref idref="oc-159"/>
      </symbol>
      <symbol id="sm-adc">
         <name>I$$MOD</name>
         <value>0x3ee2da</value>
         <object_component_ref idref="oc-15e"/>
      </symbol>
      <symbol id="sm-add">
         <name>I$$DIV</name>
         <value>0x3ee2c9</value>
         <object_component_ref idref="oc-15e"/>
      </symbol>
      <symbol id="sm-ae9">
         <name>UL$$MOD</name>
         <value>0x3ee1dc</value>
         <object_component_ref idref="oc-163"/>
      </symbol>
      <symbol id="sm-aea">
         <name>L$$MOD</name>
         <value>0x3ee1c7</value>
         <object_component_ref idref="oc-163"/>
      </symbol>
      <symbol id="sm-aeb">
         <name>L$$DIV</name>
         <value>0x3ee1b8</value>
         <object_component_ref idref="oc-163"/>
      </symbol>
      <symbol id="sm-aec">
         <name>UL$$DIV</name>
         <value>0x3ee1d5</value>
         <object_component_ref idref="oc-163"/>
      </symbol>
      <symbol id="sm-afd">
         <name>_memcpy</name>
         <value>0x3ee383</value>
         <object_component_ref idref="oc-21a"/>
      </symbol>
      <symbol id="sm-b09">
         <name>__system_pre_init</name>
         <value>0x3ee4d1</value>
         <object_component_ref idref="oc-212"/>
      </symbol>
      <symbol id="sm-b17">
         <name>_sprintf</name>
         <value>0x3ee0cd</value>
         <object_component_ref idref="oc-243"/>
      </symbol>
      <symbol id="sm-b23">
         <name>__system_post_cinit</name>
         <value>0x3ee4d3</value>
         <object_component_ref idref="oc-214"/>
      </symbol>
      <symbol id="sm-b30">
         <name>_strcpy</name>
         <value>0x3ee4cc</value>
         <object_component_ref idref="oc-254"/>
      </symbol>
      <symbol id="sm-b3c">
         <name>U$$MOD</name>
         <value>0x3ee4a4</value>
         <object_component_ref idref="oc-181"/>
      </symbol>
      <symbol id="sm-b3d">
         <name>U$$DIV</name>
         <value>0x3ee49f</value>
         <object_component_ref idref="oc-181"/>
      </symbol>
      <symbol id="sm-b51">
         <name>__unlock</name>
         <value>0x8ffe</value>
         <object_component_ref idref="oc-23c"/>
      </symbol>
      <symbol id="sm-b52">
         <name>__lock</name>
         <value>0x8ffc</value>
         <object_component_ref idref="oc-21c"/>
      </symbol>
      <symbol id="sm-b53">
         <name>__register_lock</name>
         <value>0x3ee4ae</value>
         <object_component_ref idref="oc-22b"/>
      </symbol>
      <symbol id="sm-b54">
         <name>__nop</name>
         <value>0x3ee4b2</value>
         <object_component_ref idref="oc-22b"/>
      </symbol>
      <symbol id="sm-b55">
         <name>__register_unlock</name>
         <value>0x3ee4aa</value>
         <object_component_ref idref="oc-22b"/>
      </symbol>
      <symbol id="sm-c84">
         <name>___TI_printfi</name>
         <value>0x3eb148</value>
         <object_component_ref idref="oc-256"/>
      </symbol>
      <symbol id="sm-c93">
         <name>__args_main</name>
         <value>0x3ee429</value>
         <object_component_ref idref="oc-215"/>
      </symbol>
      <symbol id="sm-ca7">
         <name>_atoi</name>
         <value>0x3ee0ff</value>
         <object_component_ref idref="oc-257"/>
      </symbol>
      <symbol id="sm-caf">
         <name>__ctypes_</name>
         <value>0x3eec86</value>
         <object_component_ref idref="oc-25f"/>
      </symbol>
      <symbol id="sm-cbf">
         <name>FD$$CMP</name>
         <value>0x3ee18e</value>
         <object_component_ref idref="oc-19e"/>
      </symbol>
      <symbol id="sm-cd6">
         <name>FD$$DIV</name>
         <value>0x3edd9c</value>
         <object_component_ref idref="oc-1a3"/>
      </symbol>
      <symbol id="sm-ce8">
         <name>FD$$MPY</name>
         <value>0x3ede27</value>
         <object_component_ref idref="oc-1a8"/>
      </symbol>
      <symbol id="sm-cf5">
         <name>FD$$NEG</name>
         <value>0x3ee4b3</value>
         <object_component_ref idref="oc-1ad"/>
      </symbol>
      <symbol id="sm-d01">
         <name>FD$$SUB</name>
         <value>0x3ee46d</value>
         <object_component_ref idref="oc-1b2"/>
      </symbol>
      <symbol id="sm-d10">
         <name>FD$$TOI</name>
         <value>0x3ee2eb</value>
         <object_component_ref idref="oc-1b7"/>
      </symbol>
      <symbol id="sm-d1f">
         <name>FD$$TOL</name>
         <value>0x3ee30c</value>
         <object_component_ref idref="oc-1bc"/>
      </symbol>
      <symbol id="sm-d2f">
         <name>FS$$TOFD</name>
         <value>0x3ee3bc</value>
         <object_component_ref idref="oc-1c1"/>
      </symbol>
      <symbol id="sm-d3f">
         <name>I$$TOFD</name>
         <value>0x3ee366</value>
         <object_component_ref idref="oc-1c6"/>
      </symbol>
      <symbol id="sm-d4f">
         <name>L$$TOFD</name>
         <value>0x3ee3d8</value>
         <object_component_ref idref="oc-1cb"/>
      </symbol>
      <symbol id="sm-d5b">
         <name>LL$$AND</name>
         <value>0x3ee442</value>
         <object_component_ref idref="oc-1d0"/>
      </symbol>
      <symbol id="sm-d5c">
         <name>LL$$OR</name>
         <value>0x3ee44a</value>
         <object_component_ref idref="oc-1d0"/>
      </symbol>
      <symbol id="sm-d5d">
         <name>LL$$XOR</name>
         <value>0x3ee452</value>
         <object_component_ref idref="oc-1d0"/>
      </symbol>
      <symbol id="sm-d6b">
         <name>ULL$$CMP</name>
         <value>0x3ee33d</value>
         <object_component_ref idref="oc-1d5"/>
      </symbol>
      <symbol id="sm-d6c">
         <name>LL$$CMP</name>
         <value>0x3ee32b</value>
         <object_component_ref idref="oc-1d5"/>
      </symbol>
      <symbol id="sm-d98">
         <name>ULL$$MOD</name>
         <value>0x3edbe1</value>
         <object_component_ref idref="oc-1da"/>
      </symbol>
      <symbol id="sm-d99">
         <name>ULL$$DIV</name>
         <value>0x3edbb2</value>
         <object_component_ref idref="oc-1da"/>
      </symbol>
      <symbol id="sm-d9a">
         <name>LL$$MOD</name>
         <value>0x3edb78</value>
         <object_component_ref idref="oc-1da"/>
      </symbol>
      <symbol id="sm-d9b">
         <name>LL$$DIV</name>
         <value>0x3edb3c</value>
         <object_component_ref idref="oc-1da"/>
      </symbol>
      <symbol id="sm-da9">
         <name>_ltoa</name>
         <value>0x3ee160</value>
         <object_component_ref idref="oc-259"/>
      </symbol>
      <symbol id="sm-db8">
         <name>_memccpy</name>
         <value>0x3ee47b</value>
         <object_component_ref idref="oc-25e"/>
      </symbol>
      <symbol id="sm-dc6">
         <name>_memset</name>
         <value>0x3ee488</value>
         <object_component_ref idref="oc-25d"/>
      </symbol>
      <symbol id="sm-dd9">
         <name>_frexpl</name>
         <value>0x3edf1c</value>
         <object_component_ref idref="oc-25a"/>
      </symbol>
      <symbol id="sm-df6">
         <name>_scalbnl</name>
         <value>0x3edc43</value>
         <object_component_ref idref="oc-25b"/>
      </symbol>
      <symbol id="sm-df7">
         <name>_ldexpl</name>
         <value>0x3edc43</value>
         <object_component_ref idref="oc-25b"/>
      </symbol>
      <symbol id="sm-e06">
         <name>_strchr</name>
         <value>0x3ee494</value>
         <object_component_ref idref="oc-25c"/>
      </symbol>
      <symbol id="sm-e13">
         <name>_strlen</name>
         <value>0x3ee4c4</value>
         <object_component_ref idref="oc-258"/>
      </symbol>
      <symbol id="sm-e1d">
         <name>_errno</name>
         <value>0x90ff</value>
         <object_component_ref idref="oc-206"/>
      </symbol>
      <symbol id="sm-e38">
         <name>FD$$ADD</name>
         <value>0x3edd00</value>
         <object_component_ref idref="oc-208"/>
      </symbol>
      <symbol id="sm-e45">
         <name>_copysignl</name>
         <value>0x3ee2a6</value>
         <object_component_ref idref="oc-260"/>
      </symbol>
   </symbol_table>
   <title>Link successful</title>
</link_info>
