Component: ARM Compiler 6.9 Tool: armlink [5ced1b00]

==============================================================================

Section Cross References

    main.o(.text.delay_ms) refers to main.o(.bss.g_ms) for g_ms
    main.o(.ARM.exidx.text.delay_ms) refers to main.o(.text.delay_ms) for [Anonymous Symbol]
    main.o(.text.systick_config) refers to system_gd32f30x.o(.data.SystemCoreClock) for SystemCoreClock
    main.o(.ARM.exidx.text.systick_config) refers to main.o(.text.systick_config) for [Anonymous Symbol]
    main.o(.text.systick_1ms_init) refers to system_gd32f30x.o(.text.SystemCoreClockUpdate) for SystemCoreClockUpdate
    main.o(.text.systick_1ms_init) refers to system_gd32f30x.o(.data.SystemCoreClock) for SystemCoreClock
    main.o(.ARM.exidx.text.systick_1ms_init) refers to main.o(.text.systick_1ms_init) for [Anonymous Symbol]
    main.o(.text.SysTick_Handler) refers to main.o(.bss.g_ms) for g_ms
    main.o(.text.SysTick_Handler) refers to main.o(.bss..L_MergedGlobals) for [Anonymous Symbol]
    main.o(.ARM.exidx.text.SysTick_Handler) refers to main.o(.text.SysTick_Handler) for [Anonymous Symbol]
    main.o(.text.main) refers to rcu.o(.text.InitRCU) for InitRCU
    main.o(.text.main) refers to gd32f30x_misc.o(.text.nvic_priority_group_set) for nvic_priority_group_set
    main.o(.text.main) refers to debug_printf.o(.text.debug_printf_init) for debug_printf_init
    main.o(.text.main) refers to debug_printf.o(.text.debug_printf) for debug_printf
    main.o(.text.main) refers to main.o(.text.systick_1ms_init) for systick_1ms_init
    main.o(.text.main) refers to pwm_llc.o(.text.llc_pwm_init) for llc_pwm_init
    main.o(.text.main) refers to pwm.o(.text.pb0_pwm_set_duty) for pb0_pwm_set_duty
    main.o(.text.main) refers to adc_dma.o(.text.adc_multi_init_dma) for adc_multi_init_dma
    main.o(.text.main) refers to adc_dma.o(.text.adc_multi_start) for adc_multi_start
    main.o(.text.main) refers to protect_exti.o(.text.protect_exti_init) for protect_exti_init
    main.o(.text.main) refers to protect_exti.o(.text.protect_fault_active_hw) for protect_fault_active_hw
    main.o(.text.main) refers to protect_exti.o(.text.protect_fault_latched) for protect_fault_latched
    main.o(.text.main) refers to protect_exti.o(.text.protect_clear_fault) for protect_clear_fault
    main.o(.text.main) refers to pfc_control.o(.text.pfc_init) for pfc_init
    main.o(.text.main) refers to llc_control.o(.text.llc_app_init) for llc_app_init
    main.o(.text.main) refers to pfc_control.o(.text.pfc_enable) for pfc_enable
    main.o(.text.main) refers to adc_dma.o(.text.adc_multi_sample_aux_1khz) for adc_multi_sample_aux_1khz
    main.o(.text.main) refers to adc_dma.o(.text.adc_multi_copy) for adc_multi_copy
    main.o(.text.main) refers to pfc_control.o(.text.pfc_tick_1khz) for pfc_tick_1khz
    main.o(.text.main) refers to llc_control.o(.text.llc_app_tick_1khz) for llc_app_tick_1khz
    main.o(.text.main) refers to main.o(.rodata..Lmain.lcfg) for [Anonymous Symbol]
    main.o(.text.main) refers to main.o(.bss..L_MergedGlobals) for [Anonymous Symbol]
    main.o(.ARM.exidx.text.main) refers to main.o(.text.main) for [Anonymous Symbol]
    llc_soft_start.o(.text.llc_softstart_update_target) refers to llc_soft_start.o(.bss.s_llc_softstart) for [Anonymous Symbol]
    llc_soft_start.o(.ARM.exidx.text.llc_softstart_update_target) refers to llc_soft_start.o(.text.llc_softstart_update_target) for [Anonymous Symbol]
    llc_soft_start.o(.text.llc_softstart_init) refers to llc_soft_start.o(.text.ss_update_safe_window) for ss_update_safe_window
    llc_soft_start.o(.text.llc_softstart_init) refers to llc_soft_start.o(.text.ss_apply) for ss_apply
    llc_soft_start.o(.text.llc_softstart_init) refers to f2d.o(.text) for __aeabi_f2d
    llc_soft_start.o(.text.llc_softstart_init) refers to debug_printf.o(.text.debug_printf) for debug_printf
    llc_soft_start.o(.text.llc_softstart_init) refers to llc_soft_start.o(.bss.s_llc_softstart) for [Anonymous Symbol]
    llc_soft_start.o(.text.llc_softstart_init) refers to llc_soft_start.o(.rodata.str1.1) for .L.str
    llc_soft_start.o(.ARM.exidx.text.llc_softstart_init) refers to llc_soft_start.o(.text.llc_softstart_init) for [Anonymous Symbol]
    llc_soft_start.o(.text.llc_softstart_start) refers to llc_soft_start.o(.text.llc_softstart_init) for llc_softstart_init
    llc_soft_start.o(.text.llc_softstart_start) refers to llc_soft_start.o(.text.ss_update_safe_window) for ss_update_safe_window
    llc_soft_start.o(.text.llc_softstart_start) refers to llc_soft_start.o(.text.ss_apply) for ss_apply
    llc_soft_start.o(.text.llc_softstart_start) refers to f2d.o(.text) for __aeabi_f2d
    llc_soft_start.o(.text.llc_softstart_start) refers to debug_printf.o(.text.debug_printf) for debug_printf
    llc_soft_start.o(.text.llc_softstart_start) refers to llc_soft_start.o(.bss.s_llc_softstart) for [Anonymous Symbol]
[...]
    __arm_cp.0_1                             0x08000e10   Number         4  gd32f30x_adc.o(.text.adc_deinit)
    __arm_cp.0_2                             0x08000e14   Number         4  gd32f30x_adc.o(.text.adc_deinit)
    [Anonymous Symbol]                       0x08000e18   Section        0  gd32f30x_adc.o(.text.adc_dma_mode_enable)
    [Anonymous Symbol]                       0x08000e22   Section        0  gd32f30x_adc.o(.text.adc_enable)
    [Anonymous Symbol]                       0x08000e34   Section        0  gd32f30x_adc.o(.text.adc_external_trigger_config)
    [Anonymous Symbol]                       0x08000e6c   Section        0  gd32f30x_adc.o(.text.adc_external_trigger_source_config)
    __arm_cp.18_0                            0x08000e8c   Number         4  gd32f30x_adc.o(.text.adc_external_trigger_source_config)
    __arm_cp.18_1                            0x08000e90   Number         4  gd32f30x_adc.o(.text.adc_external_trigger_source_config)
    [Anonymous Symbol]                       0x08000e94   Section        0  gd32f30x_adc.o(.text.adc_flag_clear)
    [Anonymous Symbol]                       0x08000e9e   Section        0  gd32f30x_adc.o(.text.adc_flag_get)
    [Anonymous Symbol]                       0x08000ea8   Section        0  gd32f30x_adc.o(.text.adc_mode_config)
    __arm_cp.10_0                            0x08000ebc   Number         4  gd32f30x_adc.o(.text.adc_mode_config)
    [Anonymous Symbol]                       0x08000ec0   Section        0  adc_dma.o(.text.adc_multi_copy)
    __arm_cp.7_0                             0x08000f10   Number         4  adc_dma.o(.text.adc_multi_copy)
    __arm_cp.7_1                             0x08000f14   Number         4  adc_dma.o(.text.adc_multi_copy)
    [Anonymous Symbol]                       0x08000f18   Section        0  adc_dma.o(.text.adc_multi_init_dma)
    [Anonymous Symbol]                       0x08000f1c   Section        0  adc_dma.o(.text.adc_multi_sample_aux_1khz)
    [Anonymous Symbol]                       0x08000f20   Section        0  adc_dma.o(.text.adc_multi_start)
    [Anonymous Symbol]                       0x08000f2e   Section        0  gd32f30x_adc.o(.text.adc_regular_channel_config)
    [Anonymous Symbol]                       0x08000fa6   Section        0  gd32f30x_adc.o(.text.adc_regular_data_read)
    [Anonymous Symbol]                       0x08000fac   Section        0  gd32f30x_adc.o(.text.adc_software_trigger_enable)
    [Anonymous Symbol]                       0x08000fc8   Section        0  gd32f30x_adc.o(.text.adc_special_function_config)
    [Anonymous Symbol]                       0x08001018   Section        0  pwm_llc.o(.text.bdtr_deadtime_code_ns)
    bdtr_deadtime_code_ns                    0x08001019   Thumb Code   280  pwm_llc.o(.text.bdtr_deadtime_code_ns)
    [Anonymous Symbol]                       0x08001130   Section        0  debug_printf.o(.text.debug_printf)
    [Anonymous Symbol]                       0x0800114c   Section        0  debug_printf.o(.text.debug_printf_init)
    __arm_cp.0_0                             0x080011e0   Number         4  debug_printf.o(.text.debug_printf_init)
    [Anonymous Symbol]                       0x080011e4   Section        0  debug_printf.o(.text.debug_putchar)
    [Anonymous Symbol]                       0x080011fc   Section        0  debug_printf.o(.text.debug_usart_send)
    debug_usart_send                         0x080011fd   Thumb Code    36  debug_printf.o(.text.debug_usart_send)
    __arm_cp.3_0                             0x0800121c   Number         4  debug_printf.o(.text.debug_usart_send)
    [Anonymous Symbol]                       0x08001220   Section        0  debug_printf.o(.text.debug_vprintf)
    __arm_cp.5_0                             0x08001258   Number         4  debug_printf.o(.text.debug_vprintf)
    [Anonymous Symbol]                       0x0800125c   Section        0  debug_printf.o(.text.debug_write)
    [Anonymous Symbol]                       0x08001274   Section        0  main.o(.text.delay_ms)
    __arm_cp.0_0                             0x08001288   Number         4  main.o(.text.delay_ms)
    [Anonymous Symbol]                       0x0800128c   Section        0  gd32f30x_dma.o(.text.dma_channel_enable)
    [Anonymous Symbol]                       0x080012ac   Section        0  gd32f30x_dma.o(.text.dma_circulation_enable)
    [Anonymous Symbol]                       0x080012cc   Section        0  gd32f30x_dma.o(.text.dma_deinit)
    [Anonymous Symbol]                       0x08001304   Section        0  gd32f30x_dma.o(.text.dma_init)
    [Anonymous Symbol]                       0x08001380   Section        0  gd32f30x_dma.o(.text.dma_interrupt_enable)
    __arm_cp.24_0                            0x0800139c   Number         4  gd32f30x_dma.o(.text.dma_interrupt_enable)
    [Anonymous Symbol]                       0x080013a0   Section        0  gd32f30x_dma.o(.text.dma_interrupt_flag_clear)
    [Anonymous Symbol]                       0x080013ae   Section        0  gd32f30x_dma.o(.text.dma_interrupt_flag_get)
    [Anonymous Symbol]                       0x080013e8   Section        0  pwm_llc.o(.text.duty_to_ccr)
    duty_to_ccr                              0x080013e9   Thumb Code   116  pwm_llc.o(.text.duty_to_ccr)
    __arm_cp.6_1                             0x08001454   Number         4  pwm_llc.o(.text.duty_to_ccr)
    [Anonymous Symbol]                       0x0800145c   Section        0  gd32f30x_fmc.o(.text.fmc_wscnt_set)
    __arm_cp.0_0                             0x0800146c   Number         4  gd32f30x_fmc.o(.text.fmc_wscnt_set)
    [Anonymous Symbol]                       0x08001470   Section        0  gd32f30x_gpio.o(.text.gpio_bit_reset)
    [Anonymous Symbol]                       0x08001474   Section        0  gd32f30x_gpio.o(.text.gpio_bit_set)
    [Anonymous Symbol]                       0x08001478   Section        0  gd32f30x_gpio.o(.text.gpio_init)
    [Anonymous Symbol]                       0x08001524   Section        0  gd32f30x_gpio.o(.text.gpio_input_bit_get)
    [Anonymous Symbol]                       0x08001530   Section        0  llc_control.o(.text.llc_app_init)
    __arm_cp.0_1                             0x08001550   Number         4  llc_control.o(.text.llc_app_init)
    __arm_cp.0_2                             0x08001554   Number         4  llc_control.o(.text.llc_app_init)
    __arm_cp.0_3                             0x08001558   Number         4  llc_control.o(.text.llc_app_init)
    [Anonymous Symbol]                       0x0800155c   Section        0  llc_control.o(.text.llc_app_tick_1khz)
    __arm_cp.2_0                             0x08001660   Number         4  llc_control.o(.text.llc_app_tick_1khz)
    __arm_cp.2_7                             0x0800167c   Number         4  llc_control.o(.text.llc_app_tick_1khz)
    [Anonymous Symbol]                       0x0800168c   Section        0  llc_control.o(.text.llc_driver_en_set)
    llc_driver_en_set                        0x0800168d   Thumb Code    92  llc_control.o(.text.llc_driver_en_set)
    __arm_cp.4_0                             0x080016e0   Number         4  llc_control.o(.text.llc_driver_en_set)
    __arm_cp.4_1                             0x080016e4   Number         4  llc_control.o(.text.llc_driver_en_set)
    [Anonymous Symbol]                       0x080016e8   Section        0  pwm_llc.o(.text.llc_pwm_get_deadtime_ns)
    [Anonymous Symbol]                       0x080016f0   Section        0  pwm_llc.o(.text.llc_pwm_get_period_ns)
    __arm_cp.9_0                             0x0800172c   Number         4  pwm_llc.o(.text.llc_pwm_get_period_ns)
    __arm_cp.9_1                             0x08001730   Number         4  pwm_llc.o(.text.llc_pwm_get_period_ns)
    [Anonymous Symbol]                       0x08001734   Section        0  pwm_llc.o(.text.llc_pwm_init)
    __arm_cp.0_1                             0x080018b4   Number         4  pwm_llc.o(.text.llc_pwm_init)
    __arm_cp.0_2                             0x080018b8   Number         4  pwm_llc.o(.text.llc_pwm_init)
    __arm_cp.0_3                             0x080018bc   Number         4  pwm_llc.o(.text.llc_pwm_init)
    [Anonymous Symbol]                       0x080018c0   Section        0  pwm_llc.o(.text.llc_pwm_outputs_enable)
    [Anonymous Symbol]                       0x080019a0   Section        0  pwm_llc.o(.text.llc_pwm_set_duty)
    [Anonymous Symbol]                       0x080019f0   Section        0  pwm_llc.o(.text.llc_pwm_set_freq)
    __arm_cp.8_0                             0x08001a58   Number         4  pwm_llc.o(.text.llc_pwm_set_freq)
    __arm_cp.8_1                             0x08001a5c   Number         4  pwm_llc.o(.text.llc_pwm_set_freq)
    [Anonymous Symbol]                       0x08001a60   Section        0  llc_control.o(.text.llc_set_freq)
    llc_set_freq                             0x08001a61   Thumb Code    60  llc_control.o(.text.llc_set_freq)
    [Anonymous Symbol]                       0x08001a98   Section        0  llc_soft_start.o(.text.llc_softstart_abort)
    __arm_cp.4_0                             0x08001ab4   Number         4  llc_soft_start.o(.text.llc_softstart_abort)
    [Anonymous Symbol]                       0x08001abc   Section        0  llc_soft_start.o(.text.llc_softstart_init)
    __arm_cp.1_1                             0x08001b70   Number         4  llc_soft_start.o(.text.llc_softstart_init)
    __arm_cp.1_2                             0x08001b74   Number         4  llc_soft_start.o(.text.llc_softstart_init)
    [Anonymous Symbol]                       0x08001b78   Section        0  llc_soft_start.o(.text.llc_softstart_on_fault)
    [Anonymous Symbol]                       0x08001b88   Section        0  llc_soft_start.o(.text.llc_softstart_start)
    __arm_cp.2_0                             0x08001c84   Number         4  llc_soft_start.o(.text.llc_softstart_start)
    __arm_cp.2_4                             0x08001c94   Number         4  llc_soft_start.o(.text.llc_softstart_start)
    [Anonymous Symbol]                       0x08001cc8   Section        0  llc_control.o(.text.llc_state_enter)
    llc_state_enter                          0x08001cc9   Thumb Code   264  llc_control.o(.text.llc_state_enter)
    __arm_cp.1_0                             0x08001dbc   Number         4  llc_control.o(.text.llc_state_enter)
    __arm_cp.1_1                             0x08001dc0   Number         4  llc_control.o(.text.llc_state_enter)
    __arm_cp.1_3                             0x08001dc8   Number         4  llc_control.o(.text.llc_state_enter)
    __arm_cp.1_4                             0x08001dcc   Number         4  llc_control.o(.text.llc_state_enter)
    [Anonymous Symbol]                       0x08001dd0   Section        0  main.o(.text.main)
    __arm_cp.4_1                             0x08001ea4   Number         4  main.o(.text.main)
    __arm_cp.4_2                             0x08001ea8   Number         4  main.o(.text.main)
    [Anonymous Symbol]                       0x08001eac   Section        0  gd32f30x_misc.o(.text.nvic_irq_enable)
    __arm_cp.1_1                             0x08001f44   Number         4  gd32f30x_misc.o(.text.nvic_irq_enable)
    [Anonymous Symbol]                       0x08001f48   Section        0  gd32f30x_misc.o(.text.nvic_priority_group_set)
    __arm_cp.0_0                             0x08001f54   Number         4  gd32f30x_misc.o(.text.nvic_priority_group_set)
    __arm_cp.0_1                             0x08001f58   Number         4  gd32f30x_misc.o(.text.nvic_priority_group_set)
    [Anonymous Symbol]                       0x08001f5c   Section        0  pwm.o(.text.pb0_pwm_init)
    __arm_cp.0_1                             0x08001ff8   Number         4  pwm.o(.text.pb0_pwm_init)
    [Anonymous Symbol]                       0x08001ffc   Section        0  pwm.o(.text.pb0_pwm_set_duty)
    __arm_cp.1_0                             0x08002040   Number         4  pwm.o(.text.pb0_pwm_set_duty)
    __arm_cp.1_3                             0x0800204c   Number         4  pwm.o(.text.pb0_pwm_set_duty)
    [Anonymous Symbol]                       0x08002050   Section        0  pfc_control.o(.text.pfc_duty_ff_from_vbus_cmd)
    pfc_duty_ff_from_vbus_cmd                0x08002051   Thumb Code   120  pfc_control.o(.text.pfc_duty_ff_from_vbus_cmd)
    [Anonymous Symbol]                       0x080020c8   Section        0  pfc_control.o(.text.pfc_enable)
    [Anonymous Symbol]                       0x080020dc   Section        0  pfc_control.o(.text.pfc_get_vbus)
    [Anonymous Symbol]                       0x080020e4   Section        0  pfc_control.o(.text.pfc_handle_fault)
    pfc_handle_fault                         0x080020e5   Thumb Code    16  pfc_control.o(.text.pfc_handle_fault)
    [Anonymous Symbol]                       0x080020f4   Section        0  pfc_control.o(.text.pfc_hw_set_main)
    __arm_cp.0_0                             0x08002140   Number         4  pfc_control.o(.text.pfc_hw_set_main)
    __arm_cp.0_1                             0x08002144   Number         4  pfc_control.o(.text.pfc_hw_set_main)
    [Anonymous Symbol]                       0x08002148   Section        0  pfc_control.o(.text.pfc_init)
    __arm_cp.1_0                             0x0800217c   Number         4  pfc_control.o(.text.pfc_init)
    __arm_cp.1_1                             0x08002180   Number         4  pfc_control.o(.text.pfc_init)
    [Anonymous Symbol]                       0x08002188   Section        0  pfc_control.o(.text.pfc_is_fault)
    [Anonymous Symbol]                       0x08002198   Section        0  pfc_control.o(.text.pfc_is_fault_latched)
    [Anonymous Symbol]                       0x080021a0   Section        0  pfc_control.o(.text.pfc_is_ready)
    __arm_cp.17_0                            0x080021cc   Number         4  pfc_control.o(.text.pfc_is_ready)
    [Anonymous Symbol]                       0x080021d4   Section        0  pfc_control.o(.text.pfc_outputs_off)
    pfc_outputs_off                          0x080021d5   Thumb Code    24  pfc_control.o(.text.pfc_outputs_off)
    [Anonymous Symbol]                       0x080021ec   Section        0  pfc_control.o(.text.pfc_pwm_set)
    pfc_pwm_set                              0x080021ed   Thumb Code    72  pfc_control.o(.text.pfc_pwm_set)
    [Anonymous Symbol]                       0x08002234   Section        0  pfc_control.o(.text.pfc_state_enter)
    pfc_state_enter                          0x08002235   Thumb Code    96  pfc_control.o(.text.pfc_state_enter)
    __arm_cp.4_0                             0x0800228c   Number         4  pfc_control.o(.text.pfc_state_enter)
    __arm_cp.4_1                             0x08002290   Number         4  pfc_control.o(.text.pfc_state_enter)
    [Anonymous Symbol]                       0x08002294   Section        0  pfc_control.o(.text.pfc_target_from_battery)
    pfc_target_from_battery                  0x08002295   Thumb Code   108  pfc_control.o(.text.pfc_target_from_battery)
    [Anonymous Symbol]                       0x08002300   Section        0  pfc_control.o(.text.pfc_tick_1khz)
    __arm_cp.7_21                            0x080026cc   Number         4  pfc_control.o(.text.pfc_tick_1khz)
    __arm_cp.7_22                            0x080026d0   Number         4  pfc_control.o(.text.pfc_tick_1khz)
    __arm_cp.7_23                            0x080026d4   Number         4  pfc_control.o(.text.pfc_tick_1khz)
    __arm_cp.7_24                            0x080026d8   Number         4  pfc_control.o(.text.pfc_tick_1khz)
    __arm_cp.7_25                            0x080026dc   Number         4  pfc_control.o(.text.pfc_tick_1khz)
    __arm_cp.7_26                            0x080026e0   Number         4  pfc_control.o(.text.pfc_tick_1khz)
    __arm_cp.7_27                            0x080026e4   Number         4  pfc_control.o(.text.pfc_tick_1khz)
    __arm_cp.7_28                            0x080026e8   Number         4  pfc_control.o(.text.pfc_tick_1khz)
    __arm_cp.7_29                            0x080026ec   Number         4  pfc_control.o(.text.pfc_tick_1khz)
    __arm_cp.7_30                            0x080026f0   Number         4  pfc_control.o(.text.pfc_tick_1khz)
    __arm_cp.7_31                            0x080026f4   Number         4  pfc_control.o(.text.pfc_tick_1khz)
    __arm_cp.7_1                             0x08002828   Number         4  pfc_control.o(.text.pfc_tick_1khz)
    __arm_cp.7_11                            0x0800282c   Number         4  pfc_control.o(.text.pfc_tick_1khz)
    [Anonymous Symbol]                       0x08002848   Section        0  pfc_control.o(.text.pfc_update_regulation_stability)
    pfc_update_regulation_stability          0x08002849   Thumb Code    80  pfc_control.o(.text.pfc_update_regulation_stability)
    __arm_cp.12_0                            0x08002890   Number         4  pfc_control.o(.text.pfc_update_regulation_stability)
    __arm_cp.12_1                            0x08002894   Number         4  pfc_control.o(.text.pfc_update_regulation_stability)
    [Anonymous Symbol]                       0x08002898   Section        0  protect_exti.o(.text.protect_clear_fault)
    [Anonymous Symbol]                       0x080028a4   Section        0  protect_exti.o(.text.protect_exti_init)
    __arm_cp.1_0                             0x08002904   Number         4  protect_exti.o(.text.protect_exti_init)
    __arm_cp.1_1                             0x08002908   Number         4  protect_exti.o(.text.protect_exti_init)
    [Anonymous Symbol]                       0x0800290c   Section        0  protect_exti.o(.text.protect_fault_active_hw)
    __arm_cp.0_0                             0x08002920   Number         4  protect_exti.o(.text.protect_fault_active_hw)
    [Anonymous Symbol]                       0x08002924   Section        0  protect_exti.o(.text.protect_fault_latched)
    [Anonymous Symbol]                       0x08002930   Section        0  protect_exti.o(.text.protect_fault_trigger)
    protect_fault_trigger                    0x08002931   Thumb Code    36  protect_exti.o(.text.protect_fault_trigger)
    __arm_cp.2_0                             0x08002950   Number         4  protect_exti.o(.text.protect_fault_trigger)
    [Anonymous Symbol]                       0x08002954   Section        0  gd32f30x_rcu.o(.text.rcu_adc_clock_config)
    __arm_cp.19_1                            0x080029a8   Number         4  gd32f30x_rcu.o(.text.rcu_adc_clock_config)
    __arm_cp.19_2                            0x080029ac   Number         4  gd32f30x_rcu.o(.text.rcu_adc_clock_config)
    __arm_cp.19_3                            0x080029b0   Number         4  gd32f30x_rcu.o(.text.rcu_adc_clock_config)
    [Anonymous Symbol]                       0x080029b4   Section        0  gd32f30x_rcu.o(.text.rcu_ahb_clock_config)
    [Anonymous Symbol]                       0x080029c4   Section        0  gd32f30x_rcu.o(.text.rcu_apb1_clock_config)
    [Anonymous Symbol]                       0x080029d4   Section        0  gd32f30x_rcu.o(.text.rcu_apb2_clock_config)
    [Anonymous Symbol]                       0x080029e4   Section        0  gd32f30x_rcu.o(.text.rcu_clock_freq_get)
    __arm_cp.38_0                            0x08002a84   Number         4  gd32f30x_rcu.o(.text.rcu_clock_freq_get)
    __arm_cp.38_1                            0x08002a88   Number         4  gd32f30x_rcu.o(.text.rcu_clock_freq_get)
    __arm_cp.38_2                            0x08002a8c   Number         4  gd32f30x_rcu.o(.text.rcu_clock_freq_get)
    __arm_cp.38_3                            0x08002a90   Number         4  gd32f30x_rcu.o(.text.rcu_clock_freq_get)
    __arm_cp.38_4                            0x08002a94   Number         4  gd32f30x_rcu.o(.text.rcu_clock_freq_get)
    [Anonymous Symbol]                       0x08002aa8   Section        0  gd32f30x_rcu.o(.text.rcu_deinit)
    __arm_cp.0_1                             0x08002ae4   Number         4  gd32f30x_rcu.o(.text.rcu_deinit)
    __arm_cp.0_2                             0x08002ae8   Number         4  gd32f30x_rcu.o(.text.rcu_deinit)
    [Anonymous Symbol]                       0x08002aec   Section        0  gd32f30x_rcu.o(.text.rcu_flag_get)
    [Anonymous Symbol]                       0x08002b04   Section        0  gd32f30x_rcu.o(.text.rcu_osci_on)
    [Anonymous Symbol]                       0x08002b1c   Section        0  gd32f30x_rcu.o(.text.rcu_osci_stab_wait)
    __arm_cp.1_0                             0x08002bf0   Number         4  gd32f30x_rcu.o(.text.rcu_osci_stab_wait)
    __arm_cp.1_2                             0x08002bf4   Number         4  gd32f30x_rcu.o(.text.rcu_osci_stab_wait)
    [Anonymous Symbol]                       0x08002bf8   Section        0  gd32f30x_rcu.o(.text.rcu_periph_clock_enable)
    [Anonymous Symbol]                       0x08002c10   Section        0  gd32f30x_rcu.o(.text.rcu_periph_reset_disable)
    [Anonymous Symbol]                       0x08002c2c   Section        0  gd32f30x_rcu.o(.text.rcu_periph_reset_enable)
    __arm_cp.6_0                             0x08002c44   Number         4  gd32f30x_rcu.o(.text.rcu_periph_reset_enable)
    [Anonymous Symbol]                       0x08002c48   Section        0  gd32f30x_rcu.o(.text.rcu_pll_config)
    __arm_cp.16_1                            0x08002c58   Number         4  gd32f30x_rcu.o(.text.rcu_pll_config)
    [Anonymous Symbol]                       0x08002c5c   Section        0  gd32f30x_rcu.o(.text.rcu_pllpresel_config)
    __arm_cp.17_0                            0x08002c6c   Number         4  gd32f30x_rcu.o(.text.rcu_pllpresel_config)
    [Anonymous Symbol]                       0x08002c70   Section        0  gd32f30x_rcu.o(.text.rcu_predv0_config)
    [Anonymous Symbol]                       0x08002c84   Section        0  gd32f30x_rcu.o(.text.rcu_system_clock_source_config)
    [Anonymous Symbol]                       0x08002c94   Section        0  gd32f30x_rcu.o(.text.rcu_system_clock_source_get)
    __arm_cp.11_0                            0x08002ca0   Number         4  gd32f30x_rcu.o(.text.rcu_system_clock_source_get)
    [Anonymous Symbol]                       0x08002ca4   Section        0  llc_soft_start.o(.text.ss_apply)
    ss_apply                                 0x08002ca5   Thumb Code    52  llc_soft_start.o(.text.ss_apply)
    [Anonymous Symbol]                       0x08002cd4   Section        0  llc_soft_start.o(.text.ss_update_safe_window)
    ss_update_safe_window                    0x08002cd5   Thumb Code   156  llc_soft_start.o(.text.ss_update_safe_window)
    __arm_cp.6_4                             0x08002d6c   Number         4  llc_soft_start.o(.text.ss_update_safe_window)
    [Anonymous Symbol]                       0x08002d70   Section        0  main.o(.text.systick_1ms_init)
    __arm_cp.2_0                             0x08002da4   Number         4  main.o(.text.systick_1ms_init)
    __arm_cp.2_1                             0x08002da8   Number         4  main.o(.text.systick_1ms_init)
    __arm_cp.2_2                             0x08002dac   Number         4  main.o(.text.systick_1ms_init)
    __arm_cp.2_3                             0x08002db0   Number         4  main.o(.text.systick_1ms_init)
    [Anonymous Symbol]                       0x08002db4   Section        0  pwm_llc.o(.text.timer0_clk_hz)
    timer0_clk_hz                            0x08002db5   Thumb Code    28  pwm_llc.o(.text.timer0_clk_hz)
    __arm_cp.1_0                             0x08002dcc   Number         4  pwm_llc.o(.text.timer0_clk_hz)
    [Anonymous Symbol]                       0x08002dd0   Section        0  gd32f30x_timer.o(.text.timer_auto_reload_shadow_enable)
    [Anonymous Symbol]                       0x08002dda   Section        0  gd32f30x_timer.o(.text.timer_break_config)
    [Anonymous Symbol]                       0x08002df8   Section        0  gd32f30x_timer.o(.text.timer_channel_output_config)
    __arm_cp.39_0                            0x08002fc4   Number         4  gd32f30x_timer.o(.text.timer_channel_output_config)
    [Anonymous Symbol]                       0x08002fc8   Section        0  gd32f30x_timer.o(.text.timer_channel_output_mode_config)
    [Anonymous Symbol]                       0x08003000   Section        0  gd32f30x_timer.o(.text.timer_channel_output_pulse_value_config)
    [Anonymous Symbol]                       0x0800300c   Section        0  gd32f30x_timer.o(.text.timer_channel_output_shadow_config)
    [Anonymous Symbol]                       0x08003044   Section        0  gd32f30x_timer.o(.text.timer_enable)
    [Anonymous Symbol]                       0x0800304e   Section        0  gd32f30x_timer.o(.text.timer_event_software_generate)
    [Anonymous Symbol]                       0x08003056   Section        0  gd32f30x_timer.o(.text.timer_flag_clear)
    [Anonymous Symbol]                       0x08003060   Section        0  gd32f30x_timer.o(.text.timer_flag_get)
    [Anonymous Symbol]                       0x0800306c   Section        0  gd32f30x_timer.o(.text.timer_init)
    __arm_cp.2_0                             0x080030e4   Number         4  gd32f30x_timer.o(.text.timer_init)
    __arm_cp.2_1                             0x080030e8   Number         4  gd32f30x_timer.o(.text.timer_init)
    __arm_cp.2_2                             0x080030ec   Number         4  gd32f30x_timer.o(.text.timer_init)
    __arm_cp.2_3                             0x080030f0   Number         4  gd32f30x_timer.o(.text.timer_init)
    __arm_cp.2_5                             0x080030f4   Number         4  gd32f30x_timer.o(.text.timer_init)
    [Anonymous Symbol]                       0x080030f8   Section        0  gd32f30x_timer.o(.text.timer_interrupt_enable)
    [Anonymous Symbol]                       0x08003100   Section        0  gd32f30x_timer.o(.text.timer_interrupt_flag_clear)
    [Anonymous Symbol]                       0x0800310a   Section        0  gd32f30x_timer.o(.text.timer_interrupt_flag_get)
    [Anonymous Symbol]                       0x0800311e   Section        0  gd32f30x_timer.o(.text.timer_master_output_trigger_source_select)
    [Anonymous Symbol]                       0x0800312e   Section        0  gd32f30x_timer.o(.text.timer_primary_output_config)
    [Anonymous Symbol]                       0x08003140   Section        0  pwm_llc.o(.text.update_adc_trigger_midpoint_from_arr)
    update_adc_trigger_midpoint_from_arr     0x08003141   Thumb Code    68  pwm_llc.o(.text.update_adc_trigger_midpoint_from_arr)
    __arm_cp.3_0                             0x08003180   Number         4  pwm_llc.o(.text.update_adc_trigger_midpoint_from_arr)
    [Anonymous Symbol]                       0x08003184   Section        0  gd32f30x_usart.o(.text.usart_baudrate_set)
    [Anonymous Symbol]                       0x080031c8   Section        0  gd32f30x_usart.o(.text.usart_data_transmit)
    [Anonymous Symbol]                       0x080031d0   Section        0  gd32f30x_usart.o(.text.usart_deinit)
    __arm_cp.0_0                             0x08003258   Number         4  gd32f30x_usart.o(.text.usart_deinit)
    __arm_cp.0_1                             0x0800325c   Number         4  gd32f30x_usart.o(.text.usart_deinit)
    __arm_cp.0_2                             0x08003260   Number         4  gd32f30x_usart.o(.text.usart_deinit)
    __arm_cp.0_3                             0x08003264   Number         4  gd32f30x_usart.o(.text.usart_deinit)
    __arm_cp.0_4                             0x08003268   Number         4  gd32f30x_usart.o(.text.usart_deinit)
    [Anonymous Symbol]                       0x0800326c   Section        0  gd32f30x_usart.o(.text.usart_enable)
    [Anonymous Symbol]                       0x08003276   Section        0  gd32f30x_usart.o(.text.usart_flag_get)
    [Anonymous Symbol]                       0x0800328c   Section        0  gd32f30x_usart.o(.text.usart_hardware_flow_cts_config)
    [Anonymous Symbol]                       0x08003298   Section        0  gd32f30x_usart.o(.text.usart_hardware_flow_rts_config)
    [Anonymous Symbol]                       0x080032a4   Section        0  gd32f30x_usart.o(.text.usart_parity_config)
    [Anonymous Symbol]                       0x080032b4   Section        0  gd32f30x_usart.o(.text.usart_receive_config)
    [Anonymous Symbol]                       0x080032c0   Section        0  gd32f30x_usart.o(.text.usart_stop_bit_set)
    [Anonymous Symbol]                       0x080032d0   Section        0  gd32f30x_usart.o(.text.usart_transmit_config)
    [Anonymous Symbol]                       0x080032dc   Section        0  gd32f30x_usart.o(.text.usart_word_length_set)
    i.__0vsnprintf                           0x080032ec   Section        0  printfa.o(i.__0vsnprintf)
    i.__hardfp__fabsf                        0x08003318   Section        0  fabsf.o(i.__hardfp__fabsf)
    i.__scatterload_copy                     0x08003326   Section       14  handlers.o(i.__scatterload_copy)
    i.__scatterload_null                     0x08003334   Section        2  handlers.o(i.__scatterload_null)
    i.__scatterload_zeroinit                 0x08003336   Section       14  handlers.o(i.__scatterload_zeroinit)
    i._fp_digits                             0x08003344   Section        0  printfa.o(i._fp_digits)
    _fp_digits                               0x08003345   Thumb Code   366  printfa.o(i._fp_digits)
    i._printf_core                           0x080034c8   Section        0  printfa.o(i._printf_core)
    _printf_core                             0x080034c9   Thumb Code  1744  printfa.o(i._printf_core)
    i._printf_post_padding                   0x08003ba4   Section        0  printfa.o(i._printf_post_padding)
    _printf_post_padding                     0x08003ba5   Thumb Code    36  printfa.o(i._printf_post_padding)
    i._printf_pre_padding                    0x08003bc8   Section        0  printfa.o(i._printf_pre_padding)
    _printf_pre_padding                      0x08003bc9   Thumb Code    46  printfa.o(i._printf_pre_padding)
    i._snputc                                0x08003bf6   Section        0  printfa.o(i._snputc)
    _snputc                                  0x08003bf7   Thumb Code    22  printfa.o(i._snputc)
    [Anonymous Symbol]                       0x08003c0c   Section        0  main.o(.rodata..Lmain.lcfg)
    .Lrcu_clock_freq_get.apb2_exp            0x08003c18   Data           8  gd32f30x_rcu.o(.rodata.cst8)
    [Anonymous Symbol]                       0x08003c20   Section        0  debug_printf.o(.rodata.debug_vprintf.trunc_marker)
    debug_vprintf.trunc_marker               0x08003c20   Data           4  debug_printf.o(.rodata.debug_vprintf.trunc_marker)
    [Anonymous Symbol]                       0x08003c24   Section        0  llc_soft_start.o(.rodata.str1.1)
    .L.str                                   0x08003c24   Data          77  llc_soft_start.o(.rodata.str1.1)
    [Anonymous Symbol]                       0x20000010   Section        0  main.o(.bss..L_MergedGlobals)
    s_control_tick_pending                   0x20000010   Data           4  main.o(.bss..L_MergedGlobals)
    s_tick_drop_count                        0x20000014   Data           4  main.o(.bss..L_MergedGlobals)
    [Anonymous Symbol]                       0x20000018   Section        0  timer.o(.bss..L_MergedGlobals)
    s_i2msFlag                               0x20000018   Data           1  timer.o(.bss..L_MergedGlobals)
    s_i1secFlag                              0x20000019   Data           1  timer.o(.bss..L_MergedGlobals)
    TIMER5_IRQHandler.s_iCnt2                0x2000001a   Data           2  timer.o(.bss..L_MergedGlobals)
    TIMER6_IRQHandler.s_iCnt1000             0x2000001c   Data           2  timer.o(.bss..L_MergedGlobals)
    [Anonymous Symbol]                       0x20000020   Section        0  adc_dma.o(.bss..L_MergedGlobals)
    adc1_initialized                         0x20000020   Data           1  adc_dma.o(.bss..L_MergedGlobals)
    s_buf                                    0x20000022   Data           8  adc_dma.o(.bss..L_MergedGlobals)
    s_latched                                0x2000002a   Data          12  adc_dma.o(.bss..L_MergedGlobals)
    [Anonymous Symbol]                       0x20000038   Section        0  pwm_llc.o(.bss..L_MergedGlobals)
    s_period                                 0x20000038   Data           4  pwm_llc.o(.bss..L_MergedGlobals)
    s_cfg                                    0x2000003c   Data          12  pwm_llc.o(.bss..L_MergedGlobals)
    [Anonymous Symbol]                       0x20000048   Section        0  protect_exti.o(.bss..L_MergedGlobals)
    s_fault                                  0x20000048   Data           1  protect_exti.o(.bss..L_MergedGlobals)
    s_fault_source_hw                        0x20000049   Data           1  protect_exti.o(.bss..L_MergedGlobals)
    [Anonymous Symbol]                       0x2000004c   Section        0  pfc_control.o(.bss..L_MergedGlobals)
    pfc_hw_set_main.s_gpio_initialized       0x2000004c   Data           1  pfc_control.o(.bss..L_MergedGlobals)
    pfc_hw_set_main.s_last                   0x2000004d   Data           1  pfc_control.o(.bss..L_MergedGlobals)
    [Anonymous Symbol]                       0x20000050   Section        0  llc_control.o(.bss..L_MergedGlobals)
    llc_driver_en_set.initialized            0x20000050   Data           1  llc_control.o(.bss..L_MergedGlobals)
    llc_driver_en_set.last                   0x20000051   Data           1  llc_control.o(.bss..L_MergedGlobals)
    s_llc.5                                  0x20000054   Data           4  llc_control.o(.bss..L_MergedGlobals)
    s_llc.6                                  0x20000058   Data           4  llc_control.o(.bss..L_MergedGlobals)
    s_llc.7                                  0x2000005c   Data           4  llc_control.o(.bss..L_MergedGlobals)
    s_llc_rt.2                               0x20000060   Data           4  llc_control.o(.bss..L_MergedGlobals)
    s_llc_rt.3                               0x20000064   Data           4  llc_control.o(.bss..L_MergedGlobals)
    s_llc_rt.5                               0x20000068   Data           4  llc_control.o(.bss..L_MergedGlobals)
    s_llc_rt.6                               0x2000006c   Data           4  llc_control.o(.bss..L_MergedGlobals)
    s_llc_rt.7                               0x20000070   Data           4  llc_control.o(.bss..L_MergedGlobals)
    s_llc_rt.8                               0x20000074   Data           4  llc_control.o(.bss..L_MergedGlobals)
    s_llc_rt.9                               0x20000078   Data           4  llc_control.o(.bss..L_MergedGlobals)
    s_llc_rt.1.0                             0x2000007c   Data           4  llc_control.o(.bss..L_MergedGlobals)
    s_llc_rt.1.1                             0x20000080   Data           4  llc_control.o(.bss..L_MergedGlobals)
    s_llc_rt.1.2                             0x20000084   Data           4  llc_control.o(.bss..L_MergedGlobals)
    [Anonymous Symbol]                       0x20000088   Section        0  adc_dma.o(.bss.adc0_initialized)
    adc0_initialized                         0x20000088   Data           1  adc_dma.o(.bss.adc0_initialized)
    [Anonymous Symbol]                       0x2000009c   Section        0  llc_control.o(.bss.s_llc_rt.4)
    s_llc_rt.4                               0x2000009c   Data           1  llc_control.o(.bss.s_llc_rt.4)
    [Anonymous Symbol]                       0x200000a0   Section        0  llc_soft_start.o(.bss.s_llc_softstart)
    s_llc_softstart                          0x200000a0   Data          36  llc_soft_start.o(.bss.s_llc_softstart)
    [Anonymous Symbol]                       0x200000c4   Section        0  pwm.o(.bss.s_period)
    s_period                                 0x200000c4   Data           4  pwm.o(.bss.s_period)
    [Anonymous Symbol]                       0x200000c8   Section        0  pfc_control.o(.bss.s_pfc)
    s_pfc                                    0x200000c8   Data          84  pfc_control.o(.bss.s_pfc)
    STACK                                    0x20000120   Section     1024  startup_gd32f30x_hd.o(STACK)

    Global Symbols

    Symbol Name                              Value     Ov Type        Size  Object(Section)

    BuildAttributes$$THM_ISAv4$E$P$D$K$B$S$7EM$VFPi3$EXTD16$VFPS$VFMA$PE$A:L22UL41UL21$X:L11$S22US41US21$IEEE1$IW$~IW$USESV6$~STKCKD$USESV7$~SHL$OTIME$ROPI$IEEEX$EBA8$MICROLIB$REQ8$PRES8$EABIv2 0x00000000   Number         0  anon$$obj.o ABSOLUTE
    __cpp_initialize__aeabi_                  - Undefined Weak Reference
    __cxa_finalize                            - Undefined Weak Reference
    __decompress                              - Undefined Weak Reference
    _clock_init                               - Undefined Weak Reference
    _microlib_exit                            - Undefined Weak Reference
    __Vectors_Size                           0x00000130   Number         0  startup_gd32f30x_hd.o ABSOLUTE
    __Vectors                                0x08000000   Data           4  startup_gd32f30x_hd.o(RESET)
    __Vectors_End                            0x08000130   Data           0  startup_gd32f30x_hd.o(RESET)
    __main                                   0x08000131   Thumb Code     0  entry.o(.ARM.Collect$$$$00000000)
    _main_stk                                0x08000131   Thumb Code     0  entry2.o(.ARM.Collect$$$$00000001)
    _main_scatterload                        0x08000135   Thumb Code     0  entry5.o(.ARM.Collect$$$$00000004)
    __main_after_scatterload                 0x08000139   Thumb Code     0  entry5.o(.ARM.Collect$$$$00000004)
    _main_clock                              0x08000139   Thumb Code     0  entry7b.o(.ARM.Collect$$$$00000008)
    _main_cpp_init                           0x08000139   Thumb Code     0  entry8b.o(.ARM.Collect$$$$0000000A)
    _main_init                               0x08000139   Thumb Code     0  entry9a.o(.ARM.Collect$$$$0000000B)
    __rt_final_cpp                           0x08000141   Thumb Code     0  entry10a.o(.ARM.Collect$$$$0000000D)
    __rt_final_exit                          0x08000141   Thumb Code     0  entry11a.o(.ARM.Collect$$$$0000000F)
    Reset_Handler                            0x08000145   Thumb Code     8  startup_gd32f30x_hd.o(.text)
    ADC0_1_IRQHandler                        0x0800015f   Thumb Code     0  startup_gd32f30x_hd.o(.text)
    ADC2_IRQHandler                          0x0800015f   Thumb Code     0  startup_gd32f30x_hd.o(.text)
    CAN0_EWMC_IRQHandler                     0x0800015f   Thumb Code     0  startup_gd32f30x_hd.o(.text)
    CAN0_RX1_IRQHandler                      0x0800015f   Thumb Code     0  startup_gd32f30x_hd.o(.text)
    DMA0_Channel1_IRQHandler                 0x0800015f   Thumb Code     0  startup_gd32f30x_hd.o(.text)
    DMA0_Channel2_IRQHandler                 0x0800015f   Thumb Code     0  startup_gd32f30x_hd.o(.text)
    DMA0_Channel3_IRQHandler                 0x0800015f   Thumb Code     0  startup_gd32f30x_hd.o(.text)
    DMA0_Channel4_IRQHandler                 0x0800015f   Thumb Code     0  startup_gd32f30x_hd.o(.text)
    DMA0_Channel5_IRQHandler                 0x0800015f   Thumb Code     0  startup_gd32f30x_hd.o(.text)
    DMA0_Channel6_IRQHandler                 0x0800015f   Thumb Code     0  startup_gd32f30x_hd.o(.text)
    DMA1_Channel0_IRQHandler                 0x0800015f   Thumb Code     0  startup_gd32f30x_hd.o(.text)
    DMA1_Channel1_IRQHandler                 0x0800015f   Thumb Code     0  startup_gd32f30x_hd.o(.text)
    DMA1_Channel2_IRQHandler                 0x0800015f   Thumb Code     0  startup_gd32f30x_hd.o(.text)
    DMA1_Channel3_4_IRQHandler               0x0800015f   Thumb Code     0  startup_gd32f30x_hd.o(.text)
    EXMC_IRQHandler                          0x0800015f   Thumb Code     0  startup_gd32f30x_hd.o(.text)
    EXTI0_IRQHandler                         0x0800015f   Thumb Code     0  startup_gd32f30x_hd.o(.text)
    EXTI10_15_IRQHandler                     0x0800015f   Thumb Code     0  startup_gd32f30x_hd.o(.text)
    EXTI1_IRQHandler                         0x0800015f   Thumb Code     0  startup_gd32f30x_hd.o(.text)
    EXTI2_IRQHandler                         0x0800015f   Thumb Code     0  startup_gd32f30x_hd.o(.text)
    EXTI3_IRQHandler                         0x0800015f   Thumb Code     0  startup_gd32f30x_hd.o(.text)
    EXTI4_IRQHandler                         0x0800015f   Thumb Code     0  startup_gd32f30x_hd.o(.text)
    EXTI5_9_IRQHandler                       0x0800015f   Thumb Code     0  startup_gd32f30x_hd.o(.text)
    FMC_IRQHandler                           0x0800015f   Thumb Code     0  startup_gd32f30x_hd.o(.text)
    I2C0_ER_IRQHandler                       0x0800015f   Thumb Code     0  startup_gd32f30x_hd.o(.text)
    I2C0_EV_IRQHandler                       0x0800015f   Thumb Code     0  startup_gd32f30x_hd.o(.text)
    I2C1_ER_IRQHandler                       0x0800015f   Thumb Code     0  startup_gd32f30x_hd.o(.text)
    I2C1_EV_IRQHandler                       0x0800015f   Thumb Code     0  startup_gd32f30x_hd.o(.text)
    LVD_IRQHandler                           0x0800015f   Thumb Code     0  startup_gd32f30x_hd.o(.text)
    RCU_CTC_IRQHandler                       0x0800015f   Thumb Code     0  startup_gd32f30x_hd.o(.text)
    RTC_Alarm_IRQHandler                     0x0800015f   Thumb Code     0  startup_gd32f30x_hd.o(.text)
    RTC_IRQHandler                           0x0800015f   Thumb Code     0  startup_gd32f30x_hd.o(.text)
    SDIO_IRQHandler                          0x0800015f   Thumb Code     0  startup_gd32f30x_hd.o(.text)
    SPI0_IRQHandler                          0x0800015f   Thumb Code     0  startup_gd32f30x_hd.o(.text)
    SPI1_IRQHandler                          0x0800015f   Thumb Code     0  startup_gd32f30x_hd.o(.text)
    SPI2_IRQHandler                          0x0800015f   Thumb Code     0  startup_gd32f30x_hd.o(.text)
    TAMPER_IRQHandler                        0x0800015f   Thumb Code     0  startup_gd32f30x_hd.o(.text)
    TIMER0_Channel_IRQHandler                0x0800015f   Thumb Code     0  startup_gd32f30x_hd.o(.text)
    TIMER0_TRG_CMT_IRQHandler                0x0800015f   Thumb Code     0  startup_gd32f30x_hd.o(.text)
    TIMER0_UP_IRQHandler                     0x0800015f   Thumb Code     0  startup_gd32f30x_hd.o(.text)
    TIMER1_IRQHandler                        0x0800015f   Thumb Code     0  startup_gd32f30x_hd.o(.text)
    TIMER2_IRQHandler                        0x0800015f   Thumb Code     0  startup_gd32f30x_hd.o(.text)
    TIMER3_IRQHandler                        0x0800015f   Thumb Code     0  startup_gd32f30x_hd.o(.text)
    TIMER4_IRQHandler                        0x0800015f   Thumb Code     0  startup_gd32f30x_hd.o(.text)
    TIMER7_BRK_IRQHandler                    0x0800015f   Thumb Code     0  startup_gd32f30x_hd.o(.text)
    TIMER7_Channel_IRQHandler                0x0800015f   Thumb Code     0  startup_gd32f30x_hd.o(.text)
    TIMER7_TRG_CMT_IRQHandler                0x0800015f   Thumb Code     0  startup_gd32f30x_hd.o(.text)
    TIMER7_UP_IRQHandler                     0x0800015f   Thumb Code     0  startup_gd32f30x_hd.o(.text)
    UART3_IRQHandler                         0x0800015f   Thumb Code     0  startup_gd32f30x_hd.o(.text)
    UART4_IRQHandler                         0x0800015f   Thumb Code     0  startup_gd32f30x_hd.o(.text)
    USART0_IRQHandler                        0x0800015f   Thumb Code     0  startup_gd32f30x_hd.o(.text)
    USART1_IRQHandler                        0x0800015f   Thumb Code     0  startup_gd32f30x_hd.o(.text)
    USART2_IRQHandler                        0x0800015f   Thumb Code     0  startup_gd32f30x_hd.o(.text)
    USBD_HP_CAN0_TX_IRQHandler               0x0800015f   Thumb Code     0  startup_gd32f30x_hd.o(.text)
    USBD_LP_CAN0_RX0_IRQHandler              0x0800015f   Thumb Code     0  startup_gd32f30x_hd.o(.text)
    USBD_WKUP_IRQHandler                     0x0800015f   Thumb Code     0  startup_gd32f30x_hd.o(.text)
    WWDGT_IRQHandler                         0x0800015f   Thumb Code     0  startup_gd32f30x_hd.o(.text)
    __aeabi_uldivmod                         0x08000169   Thumb Code    98  uldiv.o(.text)
    __aeabi_memset                           0x080001cb   Thumb Code    14  memseta.o(.text)
    __aeabi_memset4                          0x080001cb   Thumb Code     0  memseta.o(.text)
    __aeabi_memset8                          0x080001cb   Thumb Code     0  memseta.o(.text)
    __aeabi_memclr                           0x080001d9   Thumb Code     4  memseta.o(.text)
    __aeabi_memclr4                          0x080001d9   Thumb Code     0  memseta.o(.text)
    __aeabi_memclr8                          0x080001d9   Thumb Code     0  memseta.o(.text)
    _memset$wrapper                          0x080001dd   Thumb Code    18  memseta.o(.text)
    __aeabi_dadd                             0x080001ef   Thumb Code   322  dadd.o(.text)
    __aeabi_dsub                             0x08000331   Thumb Code     6  dadd.o(.text)
    __aeabi_drsub                            0x08000337   Thumb Code     6  dadd.o(.text)
    __aeabi_dmul                             0x0800033d   Thumb Code   228  dmul.o(.text)
    __aeabi_ddiv                             0x08000421   Thumb Code   222  ddiv.o(.text)
    __aeabi_ui2d                             0x080004ff   Thumb Code    26  dfltui.o(.text)
    __aeabi_d2uiz                            0x08000519   Thumb Code    50  dfixui.o(.text)
    __aeabi_f2d                              0x0800054b   Thumb Code    38  f2d.o(.text)
    __aeabi_uidiv                            0x08000571   Thumb Code     0  uidiv.o(.text)
    __aeabi_uidivmod                         0x08000571   Thumb Code    44  uidiv.o(.text)
    __aeabi_llsl                             0x0800059d   Thumb Code    30  llshl.o(.text)
    _ll_shift_l                              0x0800059d   Thumb Code     0  llshl.o(.text)
    __aeabi_llsr                             0x080005bb   Thumb Code    32  llushr.o(.text)
    _ll_ushift_r                             0x080005bb   Thumb Code     0  llushr.o(.text)
    __aeabi_lasr                             0x080005db   Thumb Code    36  llsshr.o(.text)
    _ll_sshift_r                             0x080005db   Thumb Code     0  llsshr.o(.text)
    __I$use$fp                               0x080005ff   Thumb Code     0  iusefp.o(.text)
    _double_round                            0x080005ff   Thumb Code    30  depilogue.o(.text)
    _double_epilogue                         0x0800061d   Thumb Code   156  depilogue.o(.text)
    __aeabi_d2ulz                            0x080006b9   Thumb Code    48  dfixul.o(.text)
    __aeabi_cdrcmple                         0x080006e9   Thumb Code    48  cdrcmple.o(.text)
    __scatterload                            0x08000719   Thumb Code    28  init.o(.text)
    __scatterload_rt2                        0x08000719   Thumb Code     0  init.o(.text)
    BusFault_Handler                         0x0800073d   Thumb Code     2  gd32f30x_it.o(.text.BusFault_Handler)
    DMA0_Channel0_IRQHandler                 0x08000741   Thumb Code    92  adc_dma.o(.text.DMA0_Channel0_IRQHandler)
    DebugMon_Handler                         0x0800079d   Thumb Code     2  gd32f30x_it.o(.text.DebugMon_Handler)
    HardFault_Handler                        0x0800079f   Thumb Code     2  gd32f30x_it.o(.text.HardFault_Handler)
    InitRCU                                  0x080007a1   Thumb Code   106  rcu.o(.text.InitRCU)
    MemManage_Handler                        0x0800080b   Thumb Code     2  gd32f30x_it.o(.text.MemManage_Handler)
    NMI_Handler                              0x0800080d   Thumb Code     2  gd32f30x_it.o(.text.NMI_Handler)
    PendSV_Handler                           0x0800080f   Thumb Code     2  gd32f30x_it.o(.text.PendSV_Handler)
    SVC_Handler                              0x08000811   Thumb Code     2  gd32f30x_it.o(.text.SVC_Handler)
    SysTick_Handler                          0x08000815   Thumb Code    28  main.o(.text.SysTick_Handler)
    SystemCoreClockUpdate                    0x08000831   Thumb Code   128  system_gd32f30x.o(.text.SystemCoreClockUpdate)
    SystemInit                               0x080008ad   Thumb Code   260  system_gd32f30x.o(.text.SystemInit)
    TIMER0_BRK_IRQHandler                    0x080009b1   Thumb Code    36  protect_exti.o(.text.TIMER0_BRK_IRQHandler)
    TIMER5_IRQHandler                        0x080009d1   Thumb Code    60  timer.o(.text.TIMER5_IRQHandler)
    TIMER6_IRQHandler                        0x08000a09   Thumb Code    60  timer.o(.text.TIMER6_IRQHandler)
    UsageFault_Handler                       0x08000a45   Thumb Code     2  gd32f30x_it.o(.text.UsageFault_Handler)
    adc0_dma_init                            0x08000a49   Thumb Code   344  adc_dma.o(.text.adc0_dma_init)
    adc0_dma_start                           0x08000b91   Thumb Code    28  adc_dma.o(.text.adc0_dma_start)
    adc1_aux_init                            0x08000bad   Thumb Code   232  adc_dma.o(.text.adc1_aux_init)
    adc1_aux_read_channel                    0x08000c91   Thumb Code   136  adc_dma.o(.text.adc1_aux_read_channel)
    adc1_sample_aux_1khz                     0x08000d11   Thumb Code    52  adc_dma.o(.text.adc1_sample_aux_1khz)
    adc_calibration_enable                   0x08000d45   Thumb Code    34  gd32f30x_adc.o(.text.adc_calibration_enable)
    adc_channel_length_config                0x08000d69   Thumb Code    60  gd32f30x_adc.o(.text.adc_channel_length_config)
    adc_data_alignment_config                0x08000da5   Thumb Code    18  gd32f30x_adc.o(.text.adc_data_alignment_config)
    adc_deinit                               0x08000db9   Thumb Code    96  gd32f30x_adc.o(.text.adc_deinit)
    adc_dma_mode_enable                      0x08000e19   Thumb Code    10  gd32f30x_adc.o(.text.adc_dma_mode_enable)
    adc_enable                               0x08000e23   Thumb Code    18  gd32f30x_adc.o(.text.adc_enable)
    adc_external_trigger_config              0x08000e35   Thumb Code    54  gd32f30x_adc.o(.text.adc_external_trigger_config)
    adc_external_trigger_source_config       0x08000e6d   Thumb Code    40  gd32f30x_adc.o(.text.adc_external_trigger_source_config)
    adc_flag_clear                           0x08000e95   Thumb Code    10  gd32f30x_adc.o(.text.adc_flag_clear)
    adc_flag_get                             0x08000e9f   Thumb Code    10  gd32f30x_adc.o(.text.adc_flag_get)
    adc_mode_config                          0x08000ea9   Thumb Code    24  gd32f30x_adc.o(.text.adc_mode_config)
    adc_multi_copy                           0x08000ec1   Thumb Code    88  adc_dma.o(.text.adc_multi_copy)
    adc_multi_init_dma                       0x08000f19   Thumb Code     4  adc_dma.o(.text.adc_multi_init_dma)
    adc_multi_sample_aux_1khz                0x08000f1d   Thumb Code     4  adc_dma.o(.text.adc_multi_sample_aux_1khz)
    adc_multi_start                          0x08000f21   Thumb Code    14  adc_dma.o(.text.adc_multi_start)
    adc_regular_channel_config               0x08000f2f   Thumb Code   120  gd32f30x_adc.o(.text.adc_regular_channel_config)
    adc_regular_data_read                    0x08000fa7   Thumb Code     6  gd32f30x_adc.o(.text.adc_regular_data_read)
    adc_software_trigger_enable              0x08000fad   Thumb Code    28  gd32f30x_adc.o(.text.adc_software_trigger_enable)
    adc_special_function_config              0x08000fc9   Thumb Code    78  gd32f30x_adc.o(.text.adc_special_function_config)
    debug_printf                             0x08001131   Thumb Code    28  debug_printf.o(.text.debug_printf)
    debug_printf_init                        0x0800114d   Thumb Code   156  debug_printf.o(.text.debug_printf_init)
    debug_putchar                            0x080011e5   Thumb Code    24  debug_printf.o(.text.debug_putchar)
    debug_vprintf                            0x08001221   Thumb Code    60  debug_printf.o(.text.debug_vprintf)
    debug_write                              0x0800125d   Thumb Code    24  debug_printf.o(.text.debug_write)
    delay_ms                                 0x08001275   Thumb Code    24  main.o(.text.delay_ms)
    dma_channel_enable                       0x0800128d   Thumb Code    36  gd32f30x_dma.o(.text.dma_channel_enable)
    dma_circulation_enable                   0x080012ad   Thumb Code    36  gd32f30x_dma.o(.text.dma_circulation_enable)
    dma_deinit                               0x080012cd   Thumb Code    60  gd32f30x_dma.o(.text.dma_deinit)
    dma_init                                 0x08001305   Thumb Code   128  gd32f30x_dma.o(.text.dma_init)
    dma_interrupt_enable                     0x08001381   Thumb Code    32  gd32f30x_dma.o(.text.dma_interrupt_enable)
    dma_interrupt_flag_clear                 0x080013a1   Thumb Code    14  gd32f30x_dma.o(.text.dma_interrupt_flag_clear)
    dma_interrupt_flag_get                   0x080013af   Thumb Code    56  gd32f30x_dma.o(.text.dma_interrupt_flag_get)
    fmc_wscnt_set                            0x0800145d   Thumb Code    20  gd32f30x_fmc.o(.text.fmc_wscnt_set)
    gpio_bit_reset                           0x08001471   Thumb Code     4  gd32f30x_gpio.o(.text.gpio_bit_reset)
    gpio_bit_set                             0x08001475   Thumb Code     4  gd32f30x_gpio.o(.text.gpio_bit_set)
    gpio_init                                0x08001479   Thumb Code   172  gd32f30x_gpio.o(.text.gpio_init)
    gpio_input_bit_get                       0x08001525   Thumb Code    10  gd32f30x_gpio.o(.text.gpio_input_bit_get)
    llc_app_init                             0x08001531   Thumb Code    48  llc_control.o(.text.llc_app_init)
    llc_app_tick_1khz                        0x0800155d   Thumb Code   304  llc_control.o(.text.llc_app_tick_1khz)
    llc_pwm_get_deadtime_ns                  0x080016e9   Thumb Code    12  pwm_llc.o(.text.llc_pwm_get_deadtime_ns)
    llc_pwm_get_period_ns                    0x080016f1   Thumb Code    68  pwm_llc.o(.text.llc_pwm_get_period_ns)
    llc_pwm_init                             0x08001735   Thumb Code   400  pwm_llc.o(.text.llc_pwm_init)
    llc_pwm_outputs_enable                   0x080018c1   Thumb Code   232  pwm_llc.o(.text.llc_pwm_outputs_enable)
    llc_pwm_set_duty                         0x080019a1   Thumb Code    88  pwm_llc.o(.text.llc_pwm_set_duty)
    llc_pwm_set_freq                         0x080019f1   Thumb Code   112  pwm_llc.o(.text.llc_pwm_set_freq)
    llc_softstart_abort                      0x08001a99   Thumb Code    36  llc_soft_start.o(.text.llc_softstart_abort)
    llc_softstart_init                       0x08001abd   Thumb Code   192  llc_soft_start.o(.text.llc_softstart_init)
    llc_softstart_on_fault                   0x08001b79   Thumb Code    20  llc_soft_start.o(.text.llc_softstart_on_fault)
    llc_softstart_start                      0x08001b89   Thumb Code   320  llc_soft_start.o(.text.llc_softstart_start)
    main                                     0x08001dd1   Thumb Code   220  main.o(.text.main)
    nvic_irq_enable                          0x08001ead   Thumb Code   160  gd32f30x_misc.o(.text.nvic_irq_enable)
    nvic_priority_group_set                  0x08001f49   Thumb Code    20  gd32f30x_misc.o(.text.nvic_priority_group_set)
    pb0_pwm_init                             0x08001f5d   Thumb Code   168  pwm.o(.text.pb0_pwm_init)
    pb0_pwm_set_duty                         0x08001ffd   Thumb Code    84  pwm.o(.text.pb0_pwm_set_duty)
    pfc_enable                               0x080020c9   Thumb Code    24  pfc_control.o(.text.pfc_enable)
    pfc_get_vbus                             0x080020dd   Thumb Code    12  pfc_control.o(.text.pfc_get_vbus)
    pfc_hw_set_main                          0x080020f5   Thumb Code    84  pfc_control.o(.text.pfc_hw_set_main)
    pfc_init                                 0x08002149   Thumb Code    64  pfc_control.o(.text.pfc_init)
    pfc_is_fault                             0x08002189   Thumb Code    20  pfc_control.o(.text.pfc_is_fault)
    pfc_is_fault_latched                     0x08002199   Thumb Code    12  pfc_control.o(.text.pfc_is_fault_latched)
    pfc_is_ready                             0x080021a1   Thumb Code    52  pfc_control.o(.text.pfc_is_ready)
    pfc_tick_1khz                            0x08002301   Thumb Code  1352  pfc_control.o(.text.pfc_tick_1khz)
    protect_clear_fault                      0x08002899   Thumb Code    16  protect_exti.o(.text.protect_clear_fault)
    protect_exti_init                        0x080028a5   Thumb Code   104  protect_exti.o(.text.protect_exti_init)
    protect_fault_active_hw                  0x0800290d   Thumb Code    24  protect_exti.o(.text.protect_fault_active_hw)
    protect_fault_latched                    0x08002925   Thumb Code    16  protect_exti.o(.text.protect_fault_latched)
    rcu_adc_clock_config                     0x08002955   Thumb Code   100  gd32f30x_rcu.o(.text.rcu_adc_clock_config)
    rcu_ahb_clock_config                     0x080029b5   Thumb Code    20  gd32f30x_rcu.o(.text.rcu_ahb_clock_config)
    rcu_apb1_clock_config                    0x080029c5   Thumb Code    20  gd32f30x_rcu.o(.text.rcu_apb1_clock_config)
    rcu_apb2_clock_config                    0x080029d5   Thumb Code    20  gd32f30x_rcu.o(.text.rcu_apb2_clock_config)
    rcu_clock_freq_get                       0x080029e5   Thumb Code   196  gd32f30x_rcu.o(.text.rcu_clock_freq_get)
    rcu_deinit                               0x08002aa9   Thumb Code    72  gd32f30x_rcu.o(.text.rcu_deinit)
    rcu_flag_get                             0x08002aed   Thumb Code    28  gd32f30x_rcu.o(.text.rcu_flag_get)
    rcu_osci_on                              0x08002b05   Thumb Code    28  gd32f30x_rcu.o(.text.rcu_osci_on)
    rcu_osci_stab_wait                       0x08002b1d   Thumb Code   224  gd32f30x_rcu.o(.text.rcu_osci_stab_wait)
    rcu_periph_clock_enable                  0x08002bf9   Thumb Code    28  gd32f30x_rcu.o(.text.rcu_periph_clock_enable)
    rcu_periph_reset_disable                 0x08002c11   Thumb Code    32  gd32f30x_rcu.o(.text.rcu_periph_reset_disable)
    rcu_periph_reset_enable                  0x08002c2d   Thumb Code    28  gd32f30x_rcu.o(.text.rcu_periph_reset_enable)
    rcu_pll_config                           0x08002c49   Thumb Code    24  gd32f30x_rcu.o(.text.rcu_pll_config)
    rcu_pllpresel_config                     0x08002c5d   Thumb Code    20  gd32f30x_rcu.o(.text.rcu_pllpresel_config)
    rcu_predv0_config                        0x08002c71   Thumb Code    24  gd32f30x_rcu.o(.text.rcu_predv0_config)
    rcu_system_clock_source_config           0x08002c85   Thumb Code    20  gd32f30x_rcu.o(.text.rcu_system_clock_source_config)
    rcu_system_clock_source_get              0x08002c95   Thumb Code    16  gd32f30x_rcu.o(.text.rcu_system_clock_source_get)
    systick_1ms_init                         0x08002d71   Thumb Code    68  main.o(.text.systick_1ms_init)
    timer_auto_reload_shadow_enable          0x08002dd1   Thumb Code    10  gd32f30x_timer.o(.text.timer_auto_reload_shadow_enable)
    timer_break_config                       0x08002ddb   Thumb Code    30  gd32f30x_timer.o(.text.timer_break_config)
    timer_channel_output_config              0x08002df9   Thumb Code   472  gd32f30x_timer.o(.text.timer_channel_output_config)
    timer_channel_output_mode_config         0x08002fc9   Thumb Code    56  gd32f30x_timer.o(.text.timer_channel_output_mode_config)
    timer_channel_output_pulse_value_config  0x08003001   Thumb Code    12  gd32f30x_timer.o(.text.timer_channel_output_pulse_value_config)
    timer_channel_output_shadow_config       0x0800300d   Thumb Code    56  gd32f30x_timer.o(.text.timer_channel_output_shadow_config)
    timer_enable                             0x08003045   Thumb Code    10  gd32f30x_timer.o(.text.timer_enable)
    timer_event_software_generate            0x0800304f   Thumb Code     8  gd32f30x_timer.o(.text.timer_event_software_generate)
    timer_flag_clear                         0x08003057   Thumb Code    10  gd32f30x_timer.o(.text.timer_flag_clear)
    timer_flag_get                           0x08003061   Thumb Code    10  gd32f30x_timer.o(.text.timer_flag_get)
    timer_init                               0x0800306d   Thumb Code   144  gd32f30x_timer.o(.text.timer_init)
    timer_interrupt_enable                   0x080030f9   Thumb Code     8  gd32f30x_timer.o(.text.timer_interrupt_enable)
    timer_interrupt_flag_clear               0x08003101   Thumb Code    10  gd32f30x_timer.o(.text.timer_interrupt_flag_clear)
    timer_interrupt_flag_get                 0x0800310b   Thumb Code    20  gd32f30x_timer.o(.text.timer_interrupt_flag_get)
    timer_master_output_trigger_source_select 0x0800311f   Thumb Code    16  gd32f30x_timer.o(.text.timer_master_output_trigger_source_select)
    timer_primary_output_config              0x0800312f   Thumb Code    18  gd32f30x_timer.o(.text.timer_primary_output_config)
    usart_baudrate_set                       0x08003185   Thumb Code    88  gd32f30x_usart.o(.text.usart_baudrate_set)
    usart_data_transmit                      0x080031c9   Thumb Code     8  gd32f30x_usart.o(.text.usart_data_transmit)
    usart_deinit                             0x080031d1   Thumb Code   156  gd32f30x_usart.o(.text.usart_deinit)
    usart_enable                             0x0800326d   Thumb Code    10  gd32f30x_usart.o(.text.usart_enable)
    usart_flag_get                           0x08003277   Thumb Code    22  gd32f30x_usart.o(.text.usart_flag_get)
    usart_hardware_flow_cts_config           0x0800328d   Thumb Code    12  gd32f30x_usart.o(.text.usart_hardware_flow_cts_config)
    usart_hardware_flow_rts_config           0x08003299   Thumb Code    12  gd32f30x_usart.o(.text.usart_hardware_flow_rts_config)
    usart_parity_config                      0x080032a5   Thumb Code    16  gd32f30x_usart.o(.text.usart_parity_config)
    usart_receive_config                     0x080032b5   Thumb Code    12  gd32f30x_usart.o(.text.usart_receive_config)
    usart_stop_bit_set                       0x080032c1   Thumb Code    16  gd32f30x_usart.o(.text.usart_stop_bit_set)
    usart_transmit_config                    0x080032d1   Thumb Code    12  gd32f30x_usart.o(.text.usart_transmit_config)
    usart_word_length_set                    0x080032dd   Thumb Code    16  gd32f30x_usart.o(.text.usart_word_length_set)
    __0vsnprintf                             0x080032ed   Thumb Code    40  printfa.o(i.__0vsnprintf)
    __1vsnprintf                             0x080032ed   Thumb Code     0  printfa.o(i.__0vsnprintf)
    __2vsnprintf                             0x080032ed   Thumb Code     0  printfa.o(i.__0vsnprintf)
    __c89vsnprintf                           0x080032ed   Thumb Code     0  printfa.o(i.__0vsnprintf)
    vsnprintf                                0x080032ed   Thumb Code     0  printfa.o(i.__0vsnprintf)
    __hardfp__fabsf                          0x08003319   Thumb Code    14  fabsf.o(i.__hardfp__fabsf)
    __scatterload_copy                       0x08003327   Thumb Code    14  handlers.o(i.__scatterload_copy)
    __scatterload_null                       0x08003335   Thumb Code     2  handlers.o(i.__scatterload_null)
    __scatterload_zeroinit                   0x08003337   Thumb Code    14  handlers.o(i.__scatterload_zeroinit)
    Region$$Table$$Base                      0x08003c74   Number         0  anon$$obj.o(Region$$Table)
    Region$$Table$$Limit                     0x08003c94   Number         0  anon$$obj.o(Region$$Table)
    SystemCoreClock                          0x20000000   Data           4  system_gd32f30x.o(.data.SystemCoreClock)
    g_adc_multi                              0x2000008a   Data          12  adc_dma.o(.bss.g_adc_multi)
    g_ms                                     0x20000098   Data           4  main.o(.bss.g_ms)
    __initial_sp                             0x20000520   Data           0  startup_gd32f30x_hd.o(STACK)



==============================================================================

Memory Map of the image

  Image Entry point : 0x08000131

  Load Region LR_IROM1 (Base: 0x08000000, Size: 0x00003cb0, Max: 0x00080000, ABSOLUTE)

    Execution Region ER_IROM1 (Exec base: 0x08000000, Load base: 0x08000000, Size: 0x00003c94, Max: 0x00080000, ABSOLUTE)

    Exec Addr    Load Addr    Size         Type   Attr      Idx    E Section Name        Object

    0x08000000   0x08000000   0x00000130   Data   RO         1784    RESET               startup_gd32f30x_hd.o
    0x08000130   0x08000130   0x00000000   Code   RO         1856  * .ARM.Collect$$$$00000000  mc_w.l(entry.o)
    0x08000130   0x08000130   0x00000004   Code   RO         1956    .ARM.Collect$$$$00000001  mc_w.l(entry2.o)
    0x08000134   0x08000134   0x00000004   Code   RO         1959    .ARM.Collect$$$$00000004  mc_w.l(entry5.o)
    0x08000138   0x08000138   0x00000000   Code   RO         1961    .ARM.Collect$$$$00000008  mc_w.l(entry7b.o)
    0x08000138   0x08000138   0x00000000   Code   RO         1963    .ARM.Collect$$$$0000000A  mc_w.l(entry8b.o)
    0x08000138   0x08000138   0x00000008   Code   RO         1964    .ARM.Collect$$$$0000000B  mc_w.l(entry9a.o)
    0x08000140   0x08000140   0x00000000   Code   RO         1966    .ARM.Collect$$$$0000000D  mc_w.l(entry10a.o)
    0x08000140   0x08000140   0x00000000   Code   RO         1968    .ARM.Collect$$$$0000000F  mc_w.l(entry11a.o)
    0x08000140   0x08000140   0x00000004   Code   RO         1957    .ARM.Collect$$$$00002712  mc_w.l(entry2.o)
    0x08000144   0x08000144   0x00000024   Code   RO         1785    .text               startup_gd32f30x_hd.o
    0x08000168   0x08000168   0x00000062   Code   RO         1859    .text               mc_w.l(uldiv.o)
    0x080001ca   0x080001ca   0x00000024   Code   RO         1861    .text               mc_w.l(memseta.o)
    0x080001ee   0x080001ee   0x0000014e   Code   RO         1891    .text               mf_w.l(dadd.o)
    0x0800033c   0x0800033c   0x000000e4   Code   RO         1893    .text               mf_w.l(dmul.o)
    0x08000420   0x08000420   0x000000de   Code   RO         1895    .text               mf_w.l(ddiv.o)
    0x080004fe   0x080004fe   0x0000001a   Code   RO         1905    .text               mf_w.l(dfltui.o)
    0x08000518   0x08000518   0x00000032   Code   RO         1907    .text               mf_w.l(dfixui.o)
    0x0800054a   0x0800054a   0x00000026   Code   RO         1909    .text               mf_w.l(f2d.o)
    0x08000570   0x08000570   0x0000002c   Code   RO         1975    .text               mc_w.l(uidiv.o)
    0x0800059c   0x0800059c   0x0000001e   Code   RO         1977    .text               mc_w.l(llshl.o)
    0x080005ba   0x080005ba   0x00000020   Code   RO         1979    .text               mc_w.l(llushr.o)
    0x080005da   0x080005da   0x00000024   Code   RO         1981    .text               mc_w.l(llsshr.o)
    0x080005fe   0x080005fe   0x00000000   Code   RO         1990    .text               mc_w.l(iusefp.o)
    0x080005fe   0x080005fe   0x000000ba   Code   RO         1991    .text               mf_w.l(depilogue.o)
    0x080006b8   0x080006b8   0x00000030   Code   RO         1995    .text               mf_w.l(dfixul.o)
    0x080006e8   0x080006e8   0x00000030   Code   RO         1997    .text               mf_w.l(cdrcmple.o)
    0x08000718   0x08000718   0x00000024   Code   RO         2009    .text               mc_w.l(init.o)
    0x0800073c   0x0800073c   0x00000002   Code   RO         1762    .text.BusFault_Handler  gd32f30x_it.o
    0x0800073e   0x0800073e   0x00000002   PAD
    0x08000740   0x08000740   0x0000005c   Code   RO         1551    .text.DMA0_Channel0_IRQHandler  adc_dma.o
    0x0800079c   0x0800079c   0x00000002   Code   RO         1768    .text.DebugMon_Handler  gd32f30x_it.o
    0x0800079e   0x0800079e   0x00000002   Code   RO         1758    .text.HardFault_Handler  gd32f30x_it.o
    0x080007a0   0x080007a0   0x0000006a   Code   RO         1487    .text.InitRCU       rcu.o
    0x0800080a   0x0800080a   0x00000002   Code   RO         1760    .text.MemManage_Handler  gd32f30x_it.o
    0x0800080c   0x0800080c   0x00000002   Code   RO         1756    .text.NMI_Handler   gd32f30x_it.o
    0x0800080e   0x0800080e   0x00000002   Code   RO         1770    .text.PendSV_Handler  gd32f30x_it.o
    0x08000810   0x08000810   0x00000002   Code   RO         1766    .text.SVC_Handler   gd32f30x_it.o
    0x08000812   0x08000812   0x00000002   PAD
    0x08000814   0x08000814   0x0000001c   Code   RO            8    .text.SysTick_Handler  main.o
    0x08000830   0x08000830   0x0000007c   Code   RO         1794    .text.SystemCoreClockUpdate  system_gd32f30x.o
    0x080008ac   0x080008ac   0x00000104   Code   RO         1792    .text.SystemInit    system_gd32f30x.o
    0x080009b0   0x080009b0   0x00000020   Code   RO         1629    .text.TIMER0_BRK_IRQHandler  protect_exti.o
    0x080009d0   0x080009d0   0x00000038   Code   RO         1499    .text.TIMER5_IRQHandler  timer.o
    0x08000a08   0x08000a08   0x0000003c   Code   RO         1501    .text.TIMER6_IRQHandler  timer.o
    0x08000a44   0x08000a44   0x00000002   Code   RO         1764    .text.UsageFault_Handler  gd32f30x_it.o
    0x08000a46   0x08000a46   0x00000002   PAD
    0x08000a48   0x08000a48   0x00000148   Code   RO         1525    .text.adc0_dma_init  adc_dma.o
    0x08000b90   0x08000b90   0x0000001c   Code   RO         1527    .text.adc0_dma_start  adc_dma.o
    0x08000bac   0x08000bac   0x000000e4   Code   RO         1531    .text.adc1_aux_init  adc_dma.o
    0x08000c90   0x08000c90   0x00000080   Code   RO         1533    .text.adc1_aux_read_channel  adc_dma.o
    0x08000d10   0x08000d10   0x00000034   Code   RO         1535    .text.adc1_sample_aux_1khz  adc_dma.o
    0x08000d44   0x08000d44   0x00000022   Code   RO           64    .text.adc_calibration_enable  gd32f30x_adc.o
    0x08000d66   0x08000d66   0x00000002   PAD
    0x08000d68   0x08000d68   0x0000003c   Code   RO           84    .text.adc_channel_length_config  gd32f30x_adc.o
    0x08000da4   0x08000da4   0x00000012   Code   RO           82    .text.adc_data_alignment_config  gd32f30x_adc.o
    0x08000db6   0x08000db6   0x00000002   PAD
    0x08000db8   0x08000db8   0x00000060   Code   RO           58    .text.adc_deinit    gd32f30x_adc.o
    0x08000e18   0x08000e18   0x0000000a   Code   RO           66    .text.adc_dma_mode_enable  gd32f30x_adc.o
    0x08000e22   0x08000e22   0x00000012   Code   RO           60    .text.adc_enable    gd32f30x_adc.o
    0x08000e34   0x08000e34   0x00000036   Code   RO           92    .text.adc_external_trigger_config  gd32f30x_adc.o
    0x08000e6a   0x08000e6a   0x00000002   PAD
    0x08000e6c   0x08000e6c   0x00000028   Code   RO           94    .text.adc_external_trigger_source_config  gd32f30x_adc.o
    0x08000e94   0x08000e94   0x0000000a   Code   RO          106    .text.adc_flag_clear  gd32f30x_adc.o
    0x08000e9e   0x08000e9e   0x0000000a   Code   RO          104    .text.adc_flag_get  gd32f30x_adc.o
    0x08000ea8   0x08000ea8   0x00000018   Code   RO           78    .text.adc_mode_config  gd32f30x_adc.o
    0x08000ec0   0x08000ec0   0x00000058   Code   RO         1539    .text.adc_multi_copy  adc_dma.o
    0x08000f18   0x08000f18   0x00000004   Code   RO         1541    .text.adc_multi_init_dma  adc_dma.o
    0x08000f1c   0x08000f1c   0x00000004   Code   RO         1545    .text.adc_multi_sample_aux_1khz  adc_dma.o
    0x08000f20   0x08000f20   0x0000000e   Code   RO         1543    .text.adc_multi_start  adc_dma.o
    0x08000f2e   0x08000f2e   0x00000078   Code   RO           86    .text.adc_regular_channel_config  gd32f30x_adc.o
    0x08000fa6   0x08000fa6   0x00000006   Code   RO           98    .text.adc_regular_data_read  gd32f30x_adc.o
    0x08000fac   0x08000fac   0x0000001c   Code   RO           96    .text.adc_software_trigger_enable  gd32f30x_adc.o
    0x08000fc8   0x08000fc8   0x0000004e   Code   RO           80    .text.adc_special_function_config  gd32f30x_adc.o
    0x08001016   0x08001016   0x00000002   PAD
    0x08001018   0x08001018   0x00000118   Code   RO         1572    .text.bdtr_deadtime_code_ns  pwm_llc.o
    0x08001130   0x08001130   0x0000001c   Code   RO         1660    .text.debug_printf  debug_printf.o
    0x0800114c   0x0800114c   0x00000098   Code   RO         1648    .text.debug_printf_init  debug_printf.o
    0x080011e4   0x080011e4   0x00000018   Code   RO         1652    .text.debug_putchar  debug_printf.o
    0x080011fc   0x080011fc   0x00000024   Code   RO         1654    .text.debug_usart_send  debug_printf.o
    0x08001220   0x08001220   0x0000003c   Code   RO         1658    .text.debug_vprintf  debug_printf.o
    0x0800125c   0x0800125c   0x00000018   Code   RO         1656    .text.debug_write   debug_printf.o
    0x08001274   0x08001274   0x00000018   Code   RO            2    .text.delay_ms      main.o
    0x0800128c   0x0800128c   0x00000020   Code   RO          431    .text.dma_channel_enable  gd32f30x_dma.o
    0x080012ac   0x080012ac   0x00000020   Code   RO          423    .text.dma_circulation_enable  gd32f30x_dma.o
    0x080012cc   0x080012cc   0x00000038   Code   RO          419    .text.dma_deinit    gd32f30x_dma.o
    0x08001304   0x08001304   0x0000007c   Code   RO          421    .text.dma_init      gd32f30x_dma.o
    0x08001380   0x08001380   0x00000020   Code   RO          467    .text.dma_interrupt_enable  gd32f30x_dma.o
    0x080013a0   0x080013a0   0x0000000e   Code   RO          465    .text.dma_interrupt_flag_clear  gd32f30x_dma.o
    0x080013ae   0x080013ae   0x00000038   Code   RO          463    .text.dma_interrupt_flag_get  gd32f30x_dma.o
    0x080013e6   0x080013e6   0x00000002   PAD
    0x080013e8   0x080013e8   0x00000074   Code   RO         1580    .text.duty_to_ccr   pwm_llc.o
    0x0800145c   0x0800145c   0x00000014   Code   RO          577    .text.fmc_wscnt_set  gd32f30x_fmc.o
    0x08001470   0x08001470   0x00000004   Code   RO          685    .text.gpio_bit_reset  gd32f30x_gpio.o
    0x08001474   0x08001474   0x00000004   Code   RO          683    .text.gpio_bit_set  gd32f30x_gpio.o
    0x08001478   0x08001478   0x000000ac   Code   RO          681    .text.gpio_init     gd32f30x_gpio.o
    0x08001524   0x08001524   0x0000000a   Code   RO          691    .text.gpio_input_bit_get  gd32f30x_gpio.o
    0x0800152e   0x0800152e   0x00000002   PAD
    0x08001530   0x08001530   0x0000002c   Code   RO         1731    .text.llc_app_init  llc_control.o
    0x0800155c   0x0800155c   0x00000130   Code   RO         1735    .text.llc_app_tick_1khz  llc_control.o
    0x0800168c   0x0800168c   0x0000005c   Code   RO         1739    .text.llc_driver_en_set  llc_control.o
    0x080016e8   0x080016e8   0x00000008   Code   RO         1588    .text.llc_pwm_get_deadtime_ns  pwm_llc.o
    0x080016f0   0x080016f0   0x00000044   Code   RO         1586    .text.llc_pwm_get_period_ns  pwm_llc.o
    0x08001734   0x08001734   0x0000018c   Code   RO         1568    .text.llc_pwm_init  pwm_llc.o
    0x080018c0   0x080018c0   0x000000e0   Code   RO         1576    .text.llc_pwm_outputs_enable  pwm_llc.o
    0x080019a0   0x080019a0   0x00000050   Code   RO         1578    .text.llc_pwm_set_duty  pwm_llc.o
    0x080019f0   0x080019f0   0x00000070   Code   RO         1584    .text.llc_pwm_set_freq  pwm_llc.o
    0x08001a60   0x08001a60   0x00000038   Code   RO         1737    .text.llc_set_freq  llc_control.o
    0x08001a98   0x08001a98   0x00000024   Code   RO           35    .text.llc_softstart_abort  llc_soft_start.o
    0x08001abc   0x08001abc   0x000000bc   Code   RO           29    .text.llc_softstart_init  llc_soft_start.o
    0x08001b78   0x08001b78   0x00000010   Code   RO           33    .text.llc_softstart_on_fault  llc_soft_start.o
    0x08001b88   0x08001b88   0x00000140   Code   RO           31    .text.llc_softstart_start  llc_soft_start.o
    0x08001cc8   0x08001cc8   0x00000108   Code   RO         1733    .text.llc_state_enter  llc_control.o
    0x08001dd0   0x08001dd0   0x000000dc   Code   RO           10    .text.main          main.o
    0x08001eac   0x08001eac   0x0000009c   Code   RO          799    .text.nvic_irq_enable  gd32f30x_misc.o
    0x08001f48   0x08001f48   0x00000014   Code   RO          797    .text.nvic_priority_group_set  gd32f30x_misc.o
    0x08001f5c   0x08001f5c   0x000000a0   Code   RO         1602    .text.pb0_pwm_init  pwm.o
    0x08001ffc   0x08001ffc   0x00000054   Code   RO         1604    .text.pb0_pwm_set_duty  pwm.o
    0x08002050   0x08002050   0x00000078   Code   RO         1694    .text.pfc_duty_ff_from_vbus_cmd  pfc_control.o
    0x080020c8   0x080020c8   0x00000014   Code   RO         1682    .text.pfc_enable    pfc_control.o
    0x080020dc   0x080020dc   0x00000008   Code   RO         1702    .text.pfc_get_vbus  pfc_control.o
    0x080020e4   0x080020e4   0x00000010   Code   RO         1692    .text.pfc_handle_fault  pfc_control.o
    0x080020f4   0x080020f4   0x00000054   Code   RO         1676    .text.pfc_hw_set_main  pfc_control.o
    0x08002148   0x08002148   0x00000040   Code   RO         1678    .text.pfc_init      pfc_control.o
    0x08002188   0x08002188   0x00000010   Code   RO         1712    .text.pfc_is_fault  pfc_control.o
    0x08002198   0x08002198   0x00000008   Code   RO         1714    .text.pfc_is_fault_latched  pfc_control.o
    0x080021a0   0x080021a0   0x00000034   Code   RO         1710    .text.pfc_is_ready  pfc_control.o
    0x080021d4   0x080021d4   0x00000018   Code   RO         1680    .text.pfc_outputs_off  pfc_control.o
    0x080021ec   0x080021ec   0x00000048   Code   RO         1696    .text.pfc_pwm_set   pfc_control.o
    0x08002234   0x08002234   0x00000060   Code   RO         1684    .text.pfc_state_enter  pfc_control.o
    0x08002294   0x08002294   0x0000006c   Code   RO         1698    .text.pfc_target_from_battery  pfc_control.o
    0x08002300   0x08002300   0x00000548   Code   RO         1690    .text.pfc_tick_1khz  pfc_control.o
    0x08002848   0x08002848   0x00000050   Code   RO         1700    .text.pfc_update_regulation_stability  pfc_control.o
    0x08002898   0x08002898   0x0000000c   Code   RO         1635    .text.protect_clear_fault  protect_exti.o
    0x080028a4   0x080028a4   0x00000068   Code   RO         1625    .text.protect_exti_init  protect_exti.o
    0x0800290c   0x0800290c   0x00000018   Code   RO         1623    .text.protect_fault_active_hw  protect_exti.o
    0x08002924   0x08002924   0x0000000c   Code   RO         1631    .text.protect_fault_latched  protect_exti.o
    0x08002930   0x08002930   0x00000024   Code   RO         1627    .text.protect_fault_trigger  protect_exti.o
    0x08002954   0x08002954   0x00000060   Code   RO          911    .text.rcu_adc_clock_config  gd32f30x_rcu.o
    0x080029b4   0x080029b4   0x00000010   Code   RO          897    .text.rcu_ahb_clock_config  gd32f30x_rcu.o
    0x080029c4   0x080029c4   0x00000010   Code   RO          899    .text.rcu_apb1_clock_config  gd32f30x_rcu.o
    0x080029d4   0x080029d4   0x00000010   Code   RO          901    .text.rcu_apb2_clock_config  gd32f30x_rcu.o
    0x080029e4   0x080029e4   0x000000c4   Code   RO          949    .text.rcu_clock_freq_get  gd32f30x_rcu.o
    0x08002aa8   0x08002aa8   0x00000044   Code   RO          873    .text.rcu_deinit    gd32f30x_rcu.o
    0x08002aec   0x08002aec   0x00000018   Code   RO          919    .text.rcu_flag_get  gd32f30x_rcu.o
    0x08002b04   0x08002b04   0x00000018   Code   RO          933    .text.rcu_osci_on   gd32f30x_rcu.o
    0x08002b1c   0x08002b1c   0x000000dc   Code   RO          875    .text.rcu_osci_stab_wait  gd32f30x_rcu.o
    0x08002bf8   0x08002bf8   0x00000018   Code   RO          877    .text.rcu_periph_clock_enable  gd32f30x_rcu.o
    0x08002c10   0x08002c10   0x0000001c   Code   RO          887    .text.rcu_periph_reset_disable  gd32f30x_rcu.o
    0x08002c2c   0x08002c2c   0x0000001c   Code   RO          885    .text.rcu_periph_reset_enable  gd32f30x_rcu.o
    0x08002c48   0x08002c48   0x00000014   Code   RO          905    .text.rcu_pll_config  gd32f30x_rcu.o
    0x08002c5c   0x08002c5c   0x00000014   Code   RO          907    .text.rcu_pllpresel_config  gd32f30x_rcu.o
    0x08002c70   0x08002c70   0x00000014   Code   RO          909    .text.rcu_predv0_config  gd32f30x_rcu.o
    0x08002c84   0x08002c84   0x00000010   Code   RO          893    .text.rcu_system_clock_source_config  gd32f30x_rcu.o
    0x08002c94   0x08002c94   0x00000010   Code   RO          895    .text.rcu_system_clock_source_get  gd32f30x_rcu.o
    0x08002ca4   0x08002ca4   0x00000030   Code   RO           41    .text.ss_apply      llc_soft_start.o
    0x08002cd4   0x08002cd4   0x0000009c   Code   RO           39    .text.ss_update_safe_window  llc_soft_start.o
    0x08002d70   0x08002d70   0x00000044   Code   RO            6    .text.systick_1ms_init  main.o
    0x08002db4   0x08002db4   0x0000001c   Code   RO         1570    .text.timer0_clk_hz  pwm_llc.o
    0x08002dd0   0x08002dd0   0x0000000a   Code   RO         1202    .text.timer_auto_reload_shadow_enable  gd32f30x_timer.o
    0x08002dda   0x08002dda   0x0000001e   Code   RO         1254    .text.timer_break_config  gd32f30x_timer.o
    0x08002df8   0x08002df8   0x000001d0   Code   RO         1270    .text.timer_channel_output_config  gd32f30x_timer.o
    0x08002fc8   0x08002fc8   0x00000038   Code   RO         1272    .text.timer_channel_output_mode_config  gd32f30x_timer.o
    0x08003000   0x08003000   0x0000000c   Code   RO         1274    .text.timer_channel_output_pulse_value_config  gd32f30x_timer.o
    0x0800300c   0x0800300c   0x00000038   Code   RO         1276    .text.timer_channel_output_shadow_config  gd32f30x_timer.o
    0x08003044   0x08003044   0x0000000a   Code   RO         1198    .text.timer_enable  gd32f30x_timer.o
    0x0800304e   0x0800304e   0x00000008   Code   RO         1252    .text.timer_event_software_generate  gd32f30x_timer.o
    0x08003056   0x08003056   0x0000000a   Code   RO         1242    .text.timer_flag_clear  gd32f30x_timer.o
    0x08003060   0x08003060   0x0000000a   Code   RO         1240    .text.timer_flag_get  gd32f30x_timer.o
    0x0800306a   0x0800306a   0x00000002   PAD
    0x0800306c   0x0800306c   0x0000008c   Code   RO         1196    .text.timer_init    gd32f30x_timer.o
    0x080030f8   0x080030f8   0x00000008   Code   RO         1232    .text.timer_interrupt_enable  gd32f30x_timer.o
    0x08003100   0x08003100   0x0000000a   Code   RO         1238    .text.timer_interrupt_flag_clear  gd32f30x_timer.o
    0x0800310a   0x0800310a   0x00000014   Code   RO         1236    .text.timer_interrupt_flag_get  gd32f30x_timer.o
    0x0800311e   0x0800311e   0x00000010   Code   RO         1302    .text.timer_master_output_trigger_source_select  gd32f30x_timer.o
    0x0800312e   0x0800312e   0x00000012   Code   RO         1264    .text.timer_primary_output_config  gd32f30x_timer.o
    0x08003140   0x08003140   0x00000044   Code   RO         1574    .text.update_adc_trigger_midpoint_from_arr  pwm_llc.o
    0x08003184   0x08003184   0x00000044   Code   RO         1341    .text.usart_baudrate_set  gd32f30x_usart.o
    0x080031c8   0x080031c8   0x00000008   Code   RO         1367    .text.usart_data_transmit  gd32f30x_usart.o
    0x080031d0   0x080031d0   0x0000009c   Code   RO         1339    .text.usart_deinit  gd32f30x_usart.o
    0x0800326c   0x0800326c   0x0000000a   Code   RO         1349    .text.usart_enable  gd32f30x_usart.o
    0x08003276   0x08003276   0x00000016   Code   RO         1427    .text.usart_flag_get  gd32f30x_usart.o
    0x0800328c   0x0800328c   0x0000000c   Code   RO         1421    .text.usart_hardware_flow_cts_config  gd32f30x_usart.o
    0x08003298   0x08003298   0x0000000c   Code   RO         1419    .text.usart_hardware_flow_rts_config  gd32f30x_usart.o
    0x080032a4   0x080032a4   0x00000010   Code   RO         1343    .text.usart_parity_config  gd32f30x_usart.o
    0x080032b4   0x080032b4   0x0000000c   Code   RO         1355    .text.usart_receive_config  gd32f30x_usart.o
    0x080032c0   0x080032c0   0x00000010   Code   RO         1347    .text.usart_stop_bit_set  gd32f30x_usart.o
    0x080032d0   0x080032d0   0x0000000c   Code   RO         1353    .text.usart_transmit_config  gd32f30x_usart.o
    0x080032dc   0x080032dc   0x00000010   Code   RO         1345    .text.usart_word_length_set  gd32f30x_usart.o
    0x080032ec   0x080032ec   0x0000002c   Code   RO         1869    i.__0vsnprintf      mc_w.l(printfa.o)
    0x08003318   0x08003318   0x0000000e   Code   RO         1850    i.__hardfp__fabsf   m_wm.l(fabsf.o)
    0x08003326   0x08003326   0x0000000e   Code   RO         2019    i.__scatterload_copy  mc_w.l(handlers.o)
    0x08003334   0x08003334   0x00000002   Code   RO         2020    i.__scatterload_null  mc_w.l(handlers.o)
    0x08003336   0x08003336   0x0000000e   Code   RO         2021    i.__scatterload_zeroinit  mc_w.l(handlers.o)
    0x08003344   0x08003344   0x00000184   Code   RO         1871    i._fp_digits        mc_w.l(printfa.o)
    0x080034c8   0x080034c8   0x000006dc   Code   RO         1872    i._printf_core      mc_w.l(printfa.o)
    0x08003ba4   0x08003ba4   0x00000024   Code   RO         1873    i._printf_post_padding  mc_w.l(printfa.o)
    0x08003bc8   0x08003bc8   0x0000002e   Code   RO         1874    i._printf_pre_padding  mc_w.l(printfa.o)
    0x08003bf6   0x08003bf6   0x00000016   Code   RO         1875    i._snputc           mc_w.l(printfa.o)
    0x08003c0c   0x08003c0c   0x0000000c   Data   RO           13    .rodata..Lmain.lcfg  main.o
    0x08003c18   0x08003c18   0x00000008   Data   RO          951    .rodata.cst8        gd32f30x_rcu.o
    0x08003c20   0x08003c20   0x00000004   Data   RO         1664    .rodata.debug_vprintf.trunc_marker  debug_printf.o
    0x08003c24   0x08003c24   0x0000004d   Data   RO           46    .rodata.str1.1      llc_soft_start.o
    0x08003c71   0x08003c71   0x00000003   PAD
    0x08003c74   0x08003c74   0x00000020   Data   RO         2017    Region$$Table       anon$$obj.o


    Execution Region RW_IRAM1 (Exec base: 0x20000000, Load base: 0x08003ca0, Size: 0x00000520, Max: 0x00010000, ABSOLUTE)

    Exec Addr    Load Addr    Size         Type   Attr      Idx    E Section Name        Object

    0x20000000   0x08003ca0   0x00000004   Data   RW         1796    .data.SystemCoreClock  system_gd32f30x.o
    0x20000004   0x08003ca4   0x0000000c   PAD
    0x20000010        -       0x00000008   Zero   RW           15    .bss..L_MergedGlobals  main.o
    0x20000018        -       0x00000006   Zero   RW         1513    .bss..L_MergedGlobals  timer.o
    0x2000001e   0x08003ca4   0x00000002   PAD
    0x20000020        -       0x00000016   Zero   RW         1556    .bss..L_MergedGlobals  adc_dma.o
    0x20000036   0x08003ca4   0x00000002   PAD
    0x20000038        -       0x00000010   Zero   RW         1590    .bss..L_MergedGlobals  pwm_llc.o
    0x20000048        -       0x00000002   Zero   RW         1637    .bss..L_MergedGlobals  protect_exti.o
    0x2000004a   0x08003ca4   0x00000002   PAD
    0x2000004c        -       0x00000002   Zero   RW         1719    .bss..L_MergedGlobals  pfc_control.o
    0x2000004e   0x08003ca4   0x00000002   PAD
    0x20000050        -       0x00000038   Zero   RW         1744    .bss..L_MergedGlobals  llc_control.o
    0x20000088        -       0x00000001   Zero   RW         1553    .bss.adc0_initialized  adc_dma.o
    0x20000089   0x08003ca4   0x00000001   PAD
    0x2000008a        -       0x0000000c   Zero   RW         1554    .bss.g_adc_multi    adc_dma.o
    0x20000096   0x08003ca4   0x00000002   PAD
    0x20000098        -       0x00000004   Zero   RW           12    .bss.g_ms           main.o
    0x2000009c        -       0x00000001   Zero   RW         1743    .bss.s_llc_rt.4     llc_control.o
    0x2000009d   0x08003ca4   0x00000003   PAD
    0x200000a0        -       0x00000024   Zero   RW           45    .bss.s_llc_softstart  llc_soft_start.o
    0x200000c4        -       0x00000004   Zero   RW         1610    .bss.s_period       pwm.o
    0x200000c8        -       0x00000054   Zero   RW         1718    .bss.s_pfc          pfc_control.o
    0x2000011c   0x08003ca4   0x00000004   PAD
    0x20000120        -       0x00000400   Zero   RW         1782    STACK               startup_gd32f30x_hd.o


==============================================================================

Image component sizes


      Code (inc. data)   RO Data    RW Data    ZI Data      Debug   Object Name

       966         56          0          0         35       8018   adc_dma.o
       324         12          4          0          0       4531   debug_printf.o
       606         32          0          0          0       9567   gd32f30x_adc.o
       346          4          0          0          0       9645   gd32f30x_dma.o
        20          4          0          0          0       8441   gd32f30x_fmc.o
       190          0          0          0          0       6129   gd32f30x_gpio.o
        16          0          0          0          0       1124   gd32f30x_it.o
       176         12          0          0          0       3508   gd32f30x_misc.o
       848         84          8          0          0      13489   gd32f30x_rcu.o
       878         36          0          0          0      19409   gd32f30x_timer.o
       360         20          0          0          0      11938   gd32f30x_usart.o
       760         90          0          0         57       5672   llc_control.o
       764        104         77          0         36       5193   llc_soft_start.o
       340         76         12          0         12       5388   main.o
      2120        188          0          0         86      10998   pfc_control.o
       220         16          0          0          2       4003   protect_exti.o
       244         20          0          0          4       3885   pwm.o
      1380         88          0          0         16       7412   pwm_llc.o
       106          0          0          0          0       1373   rcu.o
        36          8        304          0       1024        936   startup_gd32f30x_hd.o
       384         40          0          4          0       2542   system_gd32f30x.o
       116         12          0          0          6       4773   timer.o

    ----------------------------------------------------------------------
     11220        902        440          4       1308     147974   Object Totals
         0          0         32          0          0          0   (incl. Generated)
        20          0          3          0         30          0   (incl. Padding)

    ----------------------------------------------------------------------

      Code (inc. data)   RO Data    RW Data    ZI Data      Debug   Library Member Name

        14          0          0          0          0        116   fabsf.o
         0          0          0          0          0          0   entry.o
         0          0          0          0          0          0   entry10a.o
         0          0          0          0          0          0   entry11a.o
         8          4          0          0          0          0   entry2.o
         4          0          0          0          0          0   entry5.o
         0          0          0          0          0          0   entry7b.o
         0          0          0          0          0          0   entry8b.o
         8          4          0          0          0          0   entry9a.o
        30          0          0          0          0          0   handlers.o
        36          8          0          0          0         68   init.o
         0          0          0          0          0          0   iusefp.o
        30          0          0          0          0         68   llshl.o
        36          0          0          0          0         68   llsshr.o
        32          0          0          0          0         68   llushr.o
        36          0          0          0          0        108   memseta.o
      2292         84          0          0          0        516   printfa.o
        44          0          0          0          0         80   uidiv.o
        98          0          0          0          0         92   uldiv.o
        48          0          0          0          0         68   cdrcmple.o
       334          0          0          0          0        148   dadd.o
       222          0          0          0          0        100   ddiv.o
       186          0          0          0          0        176   depilogue.o
        50          0          0          0          0         76   dfixui.o
        48          0          0          0          0         68   dfixul.o
        26          0          0          0          0         76   dfltui.o
       228          0          0          0          0         96   dmul.o
        38          0          0          0          0         68   f2d.o

    ----------------------------------------------------------------------
      3848        100          0          0          0       2060   Library Totals
         0          0          0          0          0          0   (incl. Padding)

    ----------------------------------------------------------------------

      Code (inc. data)   RO Data    RW Data    ZI Data      Debug   Library Name

        14          0          0          0          0        116   m_wm.l
      2654        100          0          0          0       1068   mc_w.l
      1180          0          0          0          0        876   mf_w.l

    ----------------------------------------------------------------------
      3848        100          0          0          0       2060   Library Totals

    ----------------------------------------------------------------------

==============================================================================


      Code (inc. data)   RO Data    RW Data    ZI Data      Debug   

     15068       1002        440          4       1308     148930   Grand Totals
     15068       1002        440          4       1308     148930   ELF Image Totals
     15068       1002        440          4          0          0   ROM Totals

==============================================================================

    Total RO  Size (Code + RO Data)                15508 (  15.14kB)
    Total RW  Size (RW Data + ZI Data)              1312 (   1.28kB)
    Total ROM Size (Code + RO Data + RW Data)      15512 (  15.15kB)

==============================================================================

