Component: ARM Compiler 6.9 Tool: armlink [5ced1b00]

==============================================================================

Section Cross References

    main.o(.text.delay_ms) refers to main.o(.bss.g_ms) for g_ms
    main.o(.ARM.exidx.text.delay_ms) refers to main.o(.text.delay_ms) for [Anonymous Symbol]
    main.o(.text.systick_config) refers to system_gd32f30x.o(.data.SystemCoreClock) for SystemCoreClock
    main.o(.ARM.exidx.text.systick_config) refers to main.o(.text.systick_config) for [Anonymous Symbol]
    main.o(.text.systick_1ms_init) refers to system_gd32f30x.o(.text.SystemCoreClockUpdate) for SystemCoreClockUpdate
    main.o(.text.systick_1ms_init) refers to system_gd32f30x.o(.data.SystemCoreClock) for SystemCoreClock
    main.o(.ARM.exidx.text.systick_1ms_init) refers to main.o(.text.systick_1ms_init) for [Anonymous Symbol]
    main.o(.text.protect_hw_clear_pulse) refers to gd32f30x_gpio.o(.text.gpio_bit_set) for gpio_bit_set
    main.o(.text.protect_hw_clear_pulse) refers to main.o(.bss.g_ms) for g_ms
    main.o(.ARM.exidx.text.protect_hw_clear_pulse) refers to main.o(.text.protect_hw_clear_pulse) for [Anonymous Symbol]
    main.o(.text.SysTick_Handler) refers to main.o(.bss.g_ms) for g_ms
    main.o(.text.SysTick_Handler) refers to main.o(.bss..L_MergedGlobals) for [Anonymous Symbol]
    main.o(.ARM.exidx.text.SysTick_Handler) refers to main.o(.text.SysTick_Handler) for [Anonymous Symbol]
    main.o(.text.main) refers to rcu.o(.text.InitRCU) for InitRCU
    main.o(.text.main) refers to gd32f30x_misc.o(.text.nvic_priority_group_set) for nvic_priority_group_set
    main.o(.text.main) refers to debug_printf.o(.text.debug_printf_init) for debug_printf_init
    main.o(.text.main) refers to debug_printf.o(.text.debug_printf) for debug_printf
    main.o(.text.main) refers to main.o(.text.systick_1ms_init) for systick_1ms_init
    main.o(.text.main) refers to pwm_llc.o(.text.llc_pwm_init) for llc_pwm_init
    main.o(.text.main) refers to protect_exti.o(.text.protect_exti_init) for protect_exti_init
    main.o(.text.main) refers to protect_exti.o(.text.protect_fault_active_hw) for protect_fault_active_hw
    main.o(.text.main) refers to protect_exti.o(.text.protect_fault_latched) for protect_fault_latched
    main.o(.text.main) refers to protect_exti.o(.text.protect_clear_fault) for protect_clear_fault
    main.o(.text.main) refers to main.o(.text.protect_hw_clear_pulse) for protect_hw_clear_pulse
    main.o(.text.main) refers to pfc_control.o(.text.pfc_init) for pfc_init
    main.o(.text.main) refers to llc_control.o(.text.llc_app_init) for llc_app_init
    main.o(.text.main) refers to pfc_control.o(.text.pfc_disable) for pfc_disable
    main.o(.text.main) refers to llc_control.o(.text.llc_app_tick_1khz_withoutVbus) for llc_app_tick_1khz_withoutVbus
    main.o(.text.main) refers to main.o(.rodata..Lmain.lcfg) for [Anonymous Symbol]
    main.o(.text.main) refers to main.o(.bss..L_MergedGlobals) for [Anonymous Symbol]
    main.o(.ARM.exidx.text.main) refers to main.o(.text.main) for [Anonymous Symbol]
    llc_soft_start.o(.text.llc_softstart_update_target) refers to llc_soft_start.o(.bss.s_llc_softstart) for [Anonymous Symbol]
    llc_soft_start.o(.ARM.exidx.text.llc_softstart_update_target) refers to llc_soft_start.o(.text.llc_softstart_update_target) for [Anonymous Symbol]
    llc_soft_start.o(.text.llc_softstart_init) refers to llc_soft_start.o(.text.ss_update_safe_window) for ss_update_safe_window
    llc_soft_start.o(.text.llc_softstart_init) refers to llc_soft_start.o(.text.ss_apply) for ss_apply
    llc_soft_start.o(.text.llc_softstart_init) refers to f2d.o(.text) for __aeabi_f2d
    llc_soft_start.o(.text.llc_softstart_init) refers to debug_printf.o(.text.debug_printf) for debug_printf
    llc_soft_start.o(.text.llc_softstart_init) refers to llc_soft_start.o(.bss.s_llc_softstart) for [Anonymous Symbol]
    llc_soft_start.o(.text.llc_softstart_init) refers to llc_soft_start.o(.rodata.str1.1) for .L.str
    llc_soft_start.o(.ARM.exidx.text.llc_softstart_init) refers to llc_soft_start.o(.text.llc_softstart_init) for [Anonymous Symbol]
    llc_soft_start.o(.text.llc_softstart_start) refers to llc_soft_start.o(.text.llc_softstart_init) for llc_softstart_init
    llc_soft_start.o(.text.llc_softstart_start) refers to llc_soft_start.o(.text.ss_update_safe_window) for ss_update_safe_window
    llc_soft_start.o(.text.llc_softstart_start) refers to llc_soft_start.o(.text.ss_apply) for ss_apply
    llc_soft_start.o(.text.llc_softstart_start) refers to f2d.o(.text) for __aeabi_f2d
    llc_soft_start.o(.text.llc_softstart_start) refers to debug_printf.o(.text.debug_printf) for debug_printf
    llc_soft_start.o(.text.llc_softstart_start) refers to llc_soft_start.o(.bss.s_llc_softstart) for [Anonymous Symbol]
    llc_soft_start.o(.text.llc_softstart_start) refers to main.o(.bss.g_ms) for g_ms
[...]
    main.c                                   0x00000000   Number         0  main.o ABSOLUTE
    pfc_control.c                            0x00000000   Number         0  pfc_control.o ABSOLUTE
    protect_exti.c                           0x00000000   Number         0  protect_exti.o ABSOLUTE
    pwm.c                                    0x00000000   Number         0  pwm.o ABSOLUTE
    pwm_llc.c                                0x00000000   Number         0  pwm_llc.o ABSOLUTE
    system_gd32f30x.c                        0x00000000   Number         0  system_gd32f30x.o ABSOLUTE
    systick.c                                0x00000000   Number         0  systick.o ABSOLUTE
    RESET                                    0x08000000   Section      304  startup_gd32f30x_hd.o(RESET)
    .ARM.Collect$$$$00000000                 0x08000130   Section        0  entry.o(.ARM.Collect$$$$00000000)
    .ARM.Collect$$$$00000001                 0x08000130   Section        4  entry2.o(.ARM.Collect$$$$00000001)
    .ARM.Collect$$$$00000004                 0x08000134   Section        4  entry5.o(.ARM.Collect$$$$00000004)
    .ARM.Collect$$$$00000008                 0x08000138   Section        0  entry7b.o(.ARM.Collect$$$$00000008)
    .ARM.Collect$$$$0000000A                 0x08000138   Section        0  entry8b.o(.ARM.Collect$$$$0000000A)
    .ARM.Collect$$$$0000000B                 0x08000138   Section        8  entry9a.o(.ARM.Collect$$$$0000000B)
    .ARM.Collect$$$$0000000D                 0x08000140   Section        0  entry10a.o(.ARM.Collect$$$$0000000D)
    .ARM.Collect$$$$0000000F                 0x08000140   Section        0  entry11a.o(.ARM.Collect$$$$0000000F)
    .ARM.Collect$$$$00002712                 0x08000140   Section        4  entry2.o(.ARM.Collect$$$$00002712)
    __lit__00000000                          0x08000140   Data           4  entry2.o(.ARM.Collect$$$$00002712)
    .text                                    0x08000144   Section       36  startup_gd32f30x_hd.o(.text)
    $v0                                      0x08000144   Number         0  startup_gd32f30x_hd.o(.text)
    .text                                    0x08000168   Section        0  uldiv.o(.text)
    .text                                    0x080001ca   Section        0  memseta.o(.text)
    .text                                    0x080001ee   Section        0  dadd.o(.text)
    .text                                    0x0800033c   Section        0  dmul.o(.text)
    .text                                    0x08000420   Section        0  ddiv.o(.text)
    .text                                    0x080004fe   Section        0  dfltui.o(.text)
    .text                                    0x08000518   Section        0  dfixui.o(.text)
    .text                                    0x0800054a   Section        0  f2d.o(.text)
    .text                                    0x08000570   Section        0  uidiv.o(.text)
    .text                                    0x0800059c   Section        0  llshl.o(.text)
    .text                                    0x080005ba   Section        0  llushr.o(.text)
    .text                                    0x080005da   Section        0  llsshr.o(.text)
    .text                                    0x080005fe   Section        0  depilogue.o(.text)
    .text                                    0x080005fe   Section        0  iusefp.o(.text)
    .text                                    0x080006b8   Section        0  dfixul.o(.text)
    .text                                    0x080006e8   Section       48  cdrcmple.o(.text)
    .text                                    0x08000718   Section       36  init.o(.text)
    [Anonymous Symbol]                       0x0800073c   Section        0  gd32f30x_it.o(.text.BusFault_Handler)
    [Anonymous Symbol]                       0x08000740   Section        0  adc_dma.o(.text.DMA0_Channel0_IRQHandler)
    __arm_cp.13_0                            0x08000794   Number         4  adc_dma.o(.text.DMA0_Channel0_IRQHandler)
    __arm_cp.13_1                            0x08000798   Number         4  adc_dma.o(.text.DMA0_Channel0_IRQHandler)
    [Anonymous Symbol]                       0x0800079c   Section        0  gd32f30x_it.o(.text.DebugMon_Handler)
    [Anonymous Symbol]                       0x0800079e   Section        0  gd32f30x_it.o(.text.HardFault_Handler)
    [Anonymous Symbol]                       0x080007a0   Section        0  rcu.o(.text.InitRCU)
    [Anonymous Symbol]                       0x0800080a   Section        0  gd32f30x_it.o(.text.MemManage_Handler)
    [Anonymous Symbol]                       0x0800080c   Section        0  gd32f30x_it.o(.text.NMI_Handler)
    [Anonymous Symbol]                       0x0800080e   Section        0  gd32f30x_it.o(.text.PendSV_Handler)
    [Anonymous Symbol]                       0x08000810   Section        0  gd32f30x_it.o(.text.SVC_Handler)
    [Anonymous Symbol]                       0x08000814   Section        0  main.o(.text.SysTick_Handler)
    __arm_cp.4_0                             0x08000828   Number         4  main.o(.text.SysTick_Handler)
    __arm_cp.4_1                             0x0800082c   Number         4  main.o(.text.SysTick_Handler)
    [Anonymous Symbol]                       0x08000830   Section        0  system_gd32f30x.o(.text.SystemCoreClockUpdate)
    __arm_cp.1_1                             0x0800089c   Number         4  system_gd32f30x.o(.text.SystemCoreClockUpdate)
    __arm_cp.1_2                             0x080008a0   Number         4  system_gd32f30x.o(.text.SystemCoreClockUpdate)
    __arm_cp.1_3                             0x080008a4   Number         4  system_gd32f30x.o(.text.SystemCoreClockUpdate)
    __arm_cp.1_4                             0x080008a8   Number         4  system_gd32f30x.o(.text.SystemCoreClockUpdate)
    [Anonymous Symbol]                       0x080008ac   Section        0  system_gd32f30x.o(.text.SystemInit)
    __arm_cp.0_0                             0x08000998   Number         4  system_gd32f30x.o(.text.SystemInit)
    __arm_cp.0_1                             0x0800099c   Number         4  system_gd32f30x.o(.text.SystemInit)
    __arm_cp.0_2                             0x080009a0   Number         4  system_gd32f30x.o(.text.SystemInit)
    __arm_cp.0_3                             0x080009a4   Number         4  system_gd32f30x.o(.text.SystemInit)
    __arm_cp.0_4                             0x080009a8   Number         4  system_gd32f30x.o(.text.SystemInit)
    __arm_cp.0_5                             0x080009ac   Number         4  system_gd32f30x.o(.text.SystemInit)
    [Anonymous Symbol]                       0x080009b0   Section        0  protect_exti.o(.text.TIMER0_BRK_IRQHandler)
    __arm_cp.3_0                             0x080009d0   Number         4  protect_exti.o(.text.TIMER0_BRK_IRQHandler)
    [Anonymous Symbol]                       0x080009d4   Section        0  icu.o(.text.TIMER1_IRQHandler)
    __arm_cp.2_0                             0x08000a50   Number         4  icu.o(.text.TIMER1_IRQHandler)
    __arm_cp.2_1                             0x08000a54   Number         4  icu.o(.text.TIMER1_IRQHandler)
    [Anonymous Symbol]                       0x08000a58   Section        0  timer.o(.text.TIMER5_IRQHandler)
    __arm_cp.0_0                             0x08000a8c   Number         4  timer.o(.text.TIMER5_IRQHandler)
    [Anonymous Symbol]                       0x08000a90   Section        0  timer.o(.text.TIMER6_IRQHandler)
    __arm_cp.1_0                             0x08000ac4   Number         4  timer.o(.text.TIMER6_IRQHandler)
    __arm_cp.1_1                             0x08000ac8   Number         4  timer.o(.text.TIMER6_IRQHandler)
    [Anonymous Symbol]                       0x08000acc   Section        0  gd32f30x_it.o(.text.UsageFault_Handler)
    [Anonymous Symbol]                       0x08000ad0   Section        0  adc_dma.o(.text.adc1_aux_init)
    __arm_cp.3_0                             0x08000ba4   Number         4  adc_dma.o(.text.adc1_aux_init)
    __arm_cp.3_1                             0x08000ba8   Number         4  adc_dma.o(.text.adc1_aux_init)
    __arm_cp.3_2                             0x08000bac   Number         4  adc_dma.o(.text.adc1_aux_init)
    __arm_cp.3_3                             0x08000bb0   Number         4  adc_dma.o(.text.adc1_aux_init)
    __arm_cp.3_4                             0x08000bb4   Number         4  adc_dma.o(.text.adc1_aux_init)
    [Anonymous Symbol]                       0x08000bb8   Section        0  gd32f30x_adc.o(.text.adc_calibration_enable)
    [Anonymous Symbol]                       0x08000bdc   Section        0  gd32f30x_adc.o(.text.adc_channel_length_config)
    __arm_cp.13_0                            0x08000c10   Number         4  gd32f30x_adc.o(.text.adc_channel_length_config)
    __arm_cp.13_1                            0x08000c14   Number         4  gd32f30x_adc.o(.text.adc_channel_length_config)
    [Anonymous Symbol]                       0x08000c18   Section        0  gd32f30x_adc.o(.text.adc_data_alignment_config)
    [Anonymous Symbol]                       0x08000c2c   Section        0  gd32f30x_adc.o(.text.adc_deinit)
    __arm_cp.0_0                             0x08000c80   Number         4  gd32f30x_adc.o(.text.adc_deinit)
    __arm_cp.0_1                             0x08000c84   Number         4  gd32f30x_adc.o(.text.adc_deinit)
    __arm_cp.0_2                             0x08000c88   Number         4  gd32f30x_adc.o(.text.adc_deinit)
    [Anonymous Symbol]                       0x08000c8c   Section        0  gd32f30x_adc.o(.text.adc_enable)
    [Anonymous Symbol]                       0x08000c9e   Section        0  gd32f30x_adc.o(.text.adc_external_trigger_config)
    [Anonymous Symbol]                       0x08000cd4   Section        0  gd32f30x_adc.o(.text.adc_external_trigger_source_config)
    __arm_cp.18_0                            0x08000cf4   Number         4  gd32f30x_adc.o(.text.adc_external_trigger_source_config)
    __arm_cp.18_1                            0x08000cf8   Number         4  gd32f30x_adc.o(.text.adc_external_trigger_source_config)
    [Anonymous Symbol]                       0x08000cfc   Section        0  gd32f30x_adc.o(.text.adc_mode_config)
    __arm_cp.10_0                            0x08000d10   Number         4  gd32f30x_adc.o(.text.adc_mode_config)
    [Anonymous Symbol]                       0x08000d14   Section        0  gd32f30x_adc.o(.text.adc_special_function_config)
    [Anonymous Symbol]                       0x08000d68   Section        0  pwm_llc.o(.text.bdtr_deadtime_code_ns)
    bdtr_deadtime_code_ns                    0x08000d69   Thumb Code   280  pwm_llc.o(.text.bdtr_deadtime_code_ns)
    [Anonymous Symbol]                       0x08000e80   Section        0  icu.o(.text.cap_channel_handle_irq)
    cap_channel_handle_irq                   0x08000e81   Thumb Code   236  icu.o(.text.cap_channel_handle_irq)
    __arm_cp.4_0                             0x08000f64   Number         4  icu.o(.text.cap_channel_handle_irq)
    [Anonymous Symbol]                       0x08000f6c   Section        0  icu.o(.text.cap_channel_handle_timeout)
    cap_channel_handle_timeout               0x08000f6d   Thumb Code    36  icu.o(.text.cap_channel_handle_timeout)
    [Anonymous Symbol]                       0x08000f90   Section        0  debug_printf.o(.text.debug_printf)
    [Anonymous Symbol]                       0x08000fac   Section        0  debug_printf.o(.text.debug_printf_init)
    __arm_cp.0_0                             0x08001040   Number         4  debug_printf.o(.text.debug_printf_init)
    [Anonymous Symbol]                       0x08001044   Section        0  debug_printf.o(.text.debug_putchar)
    [Anonymous Symbol]                       0x0800105c   Section        0  debug_printf.o(.text.debug_usart_send)
    debug_usart_send                         0x0800105d   Thumb Code    36  debug_printf.o(.text.debug_usart_send)
    __arm_cp.3_0                             0x0800107c   Number         4  debug_printf.o(.text.debug_usart_send)
    [Anonymous Symbol]                       0x08001080   Section        0  debug_printf.o(.text.debug_vprintf)
    __arm_cp.5_0                             0x080010b8   Number         4  debug_printf.o(.text.debug_vprintf)
    [Anonymous Symbol]                       0x080010bc   Section        0  debug_printf.o(.text.debug_write)
    [Anonymous Symbol]                       0x080010d4   Section        0  main.o(.text.delay_ms)
    [Anonymous Symbol]                       0x080010e8   Section        0  gd32f30x_dma.o(.text.dma_interrupt_flag_clear)
    [Anonymous Symbol]                       0x080010f6   Section        0  gd32f30x_dma.o(.text.dma_interrupt_flag_get)
    [Anonymous Symbol]                       0x08001130   Section        0  pwm_llc.o(.text.duty_to_ccr)
    duty_to_ccr                              0x08001131   Thumb Code   116  pwm_llc.o(.text.duty_to_ccr)
    __arm_cp.6_1                             0x0800119c   Number         4  pwm_llc.o(.text.duty_to_ccr)
    [Anonymous Symbol]                       0x080011a4   Section        0  gd32f30x_fmc.o(.text.fmc_wscnt_set)
    __arm_cp.0_0                             0x080011b4   Number         4  gd32f30x_fmc.o(.text.fmc_wscnt_set)
    [Anonymous Symbol]                       0x080011b8   Section        0  gd32f30x_gpio.o(.text.gpio_bit_reset)
    [Anonymous Symbol]                       0x080011bc   Section        0  gd32f30x_gpio.o(.text.gpio_bit_set)
    [Anonymous Symbol]                       0x080011c0   Section        0  gd32f30x_gpio.o(.text.gpio_init)
    [Anonymous Symbol]                       0x0800126c   Section        0  gd32f30x_gpio.o(.text.gpio_input_bit_get)
    [Anonymous Symbol]                       0x08001276   Section        0  llc_control.o(.text.llc_app_init)
    [Anonymous Symbol]                       0x08001288   Section        0  llc_control.o(.text.llc_app_tick_1khz_withoutVbus)
    __arm_cp.3_0                             0x08001340   Number         4  llc_control.o(.text.llc_app_tick_1khz_withoutVbus)
    __arm_cp.3_1                             0x08001344   Number         4  llc_control.o(.text.llc_app_tick_1khz_withoutVbus)
    __arm_cp.3_2                             0x08001348   Number         4  llc_control.o(.text.llc_app_tick_1khz_withoutVbus)
    [Anonymous Symbol]                       0x0800134c   Section        0  pwm_llc.o(.text.llc_pwm_get_deadtime_ns)
    [Anonymous Symbol]                       0x08001354   Section        0  pwm_llc.o(.text.llc_pwm_get_period_ns)
    __arm_cp.9_0                             0x08001390   Number         4  pwm_llc.o(.text.llc_pwm_get_period_ns)
    __arm_cp.9_1                             0x08001394   Number         4  pwm_llc.o(.text.llc_pwm_get_period_ns)
    [Anonymous Symbol]                       0x08001398   Section        0  pwm_llc.o(.text.llc_pwm_init)
    __arm_cp.0_1                             0x08001518   Number         4  pwm_llc.o(.text.llc_pwm_init)
    __arm_cp.0_2                             0x0800151c   Number         4  pwm_llc.o(.text.llc_pwm_init)
    __arm_cp.0_3                             0x08001520   Number         4  pwm_llc.o(.text.llc_pwm_init)
    [Anonymous Symbol]                       0x08001524   Section        0  pwm_llc.o(.text.llc_pwm_outputs_enable)
    [Anonymous Symbol]                       0x08001604   Section        0  pwm_llc.o(.text.llc_pwm_set_duty)
    [Anonymous Symbol]                       0x08001654   Section        0  pwm_llc.o(.text.llc_pwm_set_freq)
    __arm_cp.8_0                             0x080016bc   Number         4  pwm_llc.o(.text.llc_pwm_set_freq)
    __arm_cp.8_1                             0x080016c0   Number         4  pwm_llc.o(.text.llc_pwm_set_freq)
    [Anonymous Symbol]                       0x080016c4   Section        0  llc_soft_start.o(.text.llc_softstart_abort)
    __arm_cp.4_0                             0x080016e0   Number         4  llc_soft_start.o(.text.llc_softstart_abort)
    [Anonymous Symbol]                       0x080016e8   Section        0  llc_soft_start.o(.text.llc_softstart_init)
    __arm_cp.1_1                             0x0800179c   Number         4  llc_soft_start.o(.text.llc_softstart_init)
    __arm_cp.1_2                             0x080017a0   Number         4  llc_soft_start.o(.text.llc_softstart_init)
    [Anonymous Symbol]                       0x080017a4   Section        0  llc_soft_start.o(.text.llc_softstart_on_fault)
    [Anonymous Symbol]                       0x080017b4   Section        0  llc_soft_start.o(.text.llc_softstart_start)
    __arm_cp.2_0                             0x080018b0   Number         4  llc_soft_start.o(.text.llc_softstart_start)
    __arm_cp.2_4                             0x080018c0   Number         4  llc_soft_start.o(.text.llc_softstart_start)
    [Anonymous Symbol]                       0x080018f4   Section        0  llc_soft_start.o(.text.llc_softstart_tick_1khz)
    __arm_cp.8_0                             0x08001a04   Number         4  llc_soft_start.o(.text.llc_softstart_tick_1khz)
    __arm_cp.8_1                             0x08001a08   Number         4  llc_soft_start.o(.text.llc_softstart_tick_1khz)
    [Anonymous Symbol]                       0x08001a3c   Section        0  llc_control.o(.text.llc_state_enter)
    llc_state_enter                          0x08001a3d   Thumb Code   120  llc_control.o(.text.llc_state_enter)
    __arm_cp.1_0                             0x08001aa8   Number         4  llc_control.o(.text.llc_state_enter)
    __arm_cp.1_2                             0x08001aac   Number         4  llc_control.o(.text.llc_state_enter)
    [Anonymous Symbol]                       0x08001ab0   Section        0  main.o(.text.main)
    __arm_cp.5_1                             0x08001b68   Number         4  main.o(.text.main)
    __arm_cp.5_2                             0x08001b6c   Number         4  main.o(.text.main)
    [Anonymous Symbol]                       0x08001b70   Section        0  gd32f30x_misc.o(.text.nvic_irq_enable)
    __arm_cp.1_1                             0x08001c08   Number         4  gd32f30x_misc.o(.text.nvic_irq_enable)
    [Anonymous Symbol]                       0x08001c0c   Section        0  gd32f30x_misc.o(.text.nvic_priority_group_set)
    __arm_cp.0_0                             0x08001c18   Number         4  gd32f30x_misc.o(.text.nvic_priority_group_set)
    __arm_cp.0_1                             0x08001c1c   Number         4  gd32f30x_misc.o(.text.nvic_priority_group_set)
    [Anonymous Symbol]                       0x08001c20   Section        0  pwm.o(.text.pb0_pwm_init)
    [Anonymous Symbol]                       0x08001cbc   Section        0  pwm.o(.text.pb0_pwm_set_duty)
    __arm_cp.1_0                             0x08001d00   Number         4  pwm.o(.text.pb0_pwm_set_duty)
    __arm_cp.1_3                             0x08001d0c   Number         4  pwm.o(.text.pb0_pwm_set_duty)
    [Anonymous Symbol]                       0x08001d10   Section        0  pfc_control.o(.text.pfc_bus_adj_set)
    pfc_bus_adj_set                          0x08001d11   Thumb Code    96  pfc_control.o(.text.pfc_bus_adj_set)
    [Anonymous Symbol]                       0x08001d6c   Section        0  pfc_control.o(.text.pfc_disable)
    [Anonymous Symbol]                       0x08001d78   Section        0  pfc_control.o(.text.pfc_enable)
    __arm_cp.3_1                             0x08001d90   Number         4  pfc_control.o(.text.pfc_enable)
    [Anonymous Symbol]                       0x08001d94   Section        0  pfc_control.o(.text.pfc_hw_set_relay)
    __arm_cp.0_0                             0x08001dd4   Number         4  pfc_control.o(.text.pfc_hw_set_relay)
    [Anonymous Symbol]                       0x08001dd8   Section        0  pfc_control.o(.text.pfc_init)
    __arm_cp.1_0                             0x08001e0c   Number         4  pfc_control.o(.text.pfc_init)
    __arm_cp.1_1                             0x08001e10   Number         4  pfc_control.o(.text.pfc_init)
    [Anonymous Symbol]                       0x08001e18   Section        0  pfc_control.o(.text.pfc_outputs_off)
    pfc_outputs_off                          0x08001e19   Thumb Code    36  pfc_control.o(.text.pfc_outputs_off)
    [Anonymous Symbol]                       0x08001e38   Section        0  pfc_control.o(.text.pfc_state)
    __arm_cp.15_0                            0x08001e40   Number         4  pfc_control.o(.text.pfc_state)
    [Anonymous Symbol]                       0x08001e44   Section        0  protect_exti.o(.text.protect_clear_fault)
    [Anonymous Symbol]                       0x08001e4c   Section        0  protect_exti.o(.text.protect_exti_init)
    __arm_cp.1_0                             0x08001eac   Number         4  protect_exti.o(.text.protect_exti_init)
    [Anonymous Symbol]                       0x08001eb0   Section        0  protect_exti.o(.text.protect_fault_active_hw)
    __arm_cp.0_0                             0x08001ec4   Number         4  protect_exti.o(.text.protect_fault_active_hw)
    [Anonymous Symbol]                       0x08001ec8   Section        0  protect_exti.o(.text.protect_fault_latched)
    [Anonymous Symbol]                       0x08001ed4   Section        0  protect_exti.o(.text.protect_fault_trigger)
    protect_fault_trigger                    0x08001ed5   Thumb Code    16  protect_exti.o(.text.protect_fault_trigger)
    __arm_cp.2_0                             0x08001ee0   Number         4  protect_exti.o(.text.protect_fault_trigger)
    [Anonymous Symbol]                       0x08001ee4   Section        0  main.o(.text.protect_hw_clear_pulse)
    __arm_cp.3_0                             0x08001ef8   Number         4  main.o(.text.protect_hw_clear_pulse)
    __arm_cp.3_1                             0x08001efc   Number         4  main.o(.text.protect_hw_clear_pulse)
    [Anonymous Symbol]                       0x08001f00   Section        0  gd32f30x_rcu.o(.text.rcu_adc_clock_config)
    __arm_cp.19_1                            0x08001f54   Number         4  gd32f30x_rcu.o(.text.rcu_adc_clock_config)
    __arm_cp.19_2                            0x08001f58   Number         4  gd32f30x_rcu.o(.text.rcu_adc_clock_config)
    __arm_cp.19_3                            0x08001f5c   Number         4  gd32f30x_rcu.o(.text.rcu_adc_clock_config)
    [Anonymous Symbol]                       0x08001f60   Section        0  gd32f30x_rcu.o(.text.rcu_ahb_clock_config)
    [Anonymous Symbol]                       0x08001f70   Section        0  gd32f30x_rcu.o(.text.rcu_apb1_clock_config)
    [Anonymous Symbol]                       0x08001f80   Section        0  gd32f30x_rcu.o(.text.rcu_apb2_clock_config)
    __arm_cp.14_0                            0x08001f90   Number         4  gd32f30x_rcu.o(.text.rcu_apb2_clock_config)
    [Anonymous Symbol]                       0x08001f94   Section        0  gd32f30x_rcu.o(.text.rcu_clock_freq_get)
    __arm_cp.38_0                            0x08002034   Number         4  gd32f30x_rcu.o(.text.rcu_clock_freq_get)
    __arm_cp.38_1                            0x08002038   Number         4  gd32f30x_rcu.o(.text.rcu_clock_freq_get)
    __arm_cp.38_2                            0x0800203c   Number         4  gd32f30x_rcu.o(.text.rcu_clock_freq_get)
    __arm_cp.38_3                            0x08002040   Number         4  gd32f30x_rcu.o(.text.rcu_clock_freq_get)
    __arm_cp.38_4                            0x08002044   Number         4  gd32f30x_rcu.o(.text.rcu_clock_freq_get)
    [Anonymous Symbol]                       0x08002058   Section        0  gd32f30x_rcu.o(.text.rcu_deinit)
    __arm_cp.0_1                             0x08002094   Number         4  gd32f30x_rcu.o(.text.rcu_deinit)
    __arm_cp.0_2                             0x08002098   Number         4  gd32f30x_rcu.o(.text.rcu_deinit)
    [Anonymous Symbol]                       0x0800209c   Section        0  gd32f30x_rcu.o(.text.rcu_flag_get)
    [Anonymous Symbol]                       0x080020b4   Section        0  gd32f30x_rcu.o(.text.rcu_osci_on)
    [Anonymous Symbol]                       0x080020cc   Section        0  gd32f30x_rcu.o(.text.rcu_osci_stab_wait)
    __arm_cp.1_0                             0x080021a0   Number         4  gd32f30x_rcu.o(.text.rcu_osci_stab_wait)
    __arm_cp.1_2                             0x080021a4   Number         4  gd32f30x_rcu.o(.text.rcu_osci_stab_wait)
    [Anonymous Symbol]                       0x080021a8   Section        0  gd32f30x_rcu.o(.text.rcu_periph_clock_enable)
    [Anonymous Symbol]                       0x080021c0   Section        0  gd32f30x_rcu.o(.text.rcu_periph_reset_disable)
    [Anonymous Symbol]                       0x080021dc   Section        0  gd32f30x_rcu.o(.text.rcu_periph_reset_enable)
    __arm_cp.6_0                             0x080021f4   Number         4  gd32f30x_rcu.o(.text.rcu_periph_reset_enable)
    [Anonymous Symbol]                       0x080021f8   Section        0  gd32f30x_rcu.o(.text.rcu_pll_config)
    __arm_cp.16_1                            0x08002208   Number         4  gd32f30x_rcu.o(.text.rcu_pll_config)
    [Anonymous Symbol]                       0x0800220c   Section        0  gd32f30x_rcu.o(.text.rcu_pllpresel_config)
    __arm_cp.17_0                            0x0800221c   Number         4  gd32f30x_rcu.o(.text.rcu_pllpresel_config)
    [Anonymous Symbol]                       0x08002220   Section        0  gd32f30x_rcu.o(.text.rcu_predv0_config)
    [Anonymous Symbol]                       0x08002234   Section        0  gd32f30x_rcu.o(.text.rcu_system_clock_source_config)
    [Anonymous Symbol]                       0x08002244   Section        0  gd32f30x_rcu.o(.text.rcu_system_clock_source_get)
    __arm_cp.11_0                            0x08002250   Number         4  gd32f30x_rcu.o(.text.rcu_system_clock_source_get)
    [Anonymous Symbol]                       0x08002254   Section        0  llc_soft_start.o(.text.ss_apply)
    ss_apply                                 0x08002255   Thumb Code    52  llc_soft_start.o(.text.ss_apply)
    [Anonymous Symbol]                       0x08002284   Section        0  llc_soft_start.o(.text.ss_update_safe_window)
    ss_update_safe_window                    0x08002285   Thumb Code   156  llc_soft_start.o(.text.ss_update_safe_window)
    __arm_cp.6_4                             0x0800231c   Number         4  llc_soft_start.o(.text.ss_update_safe_window)
    [Anonymous Symbol]                       0x08002320   Section        0  main.o(.text.systick_1ms_init)
    __arm_cp.2_0                             0x08002354   Number         4  main.o(.text.systick_1ms_init)
    __arm_cp.2_1                             0x08002358   Number         4  main.o(.text.systick_1ms_init)
    __arm_cp.2_2                             0x0800235c   Number         4  main.o(.text.systick_1ms_init)
    __arm_cp.2_3                             0x08002360   Number         4  main.o(.text.systick_1ms_init)
    [Anonymous Symbol]                       0x08002364   Section        0  pwm_llc.o(.text.timer0_clk_hz)
    timer0_clk_hz                            0x08002365   Thumb Code    28  pwm_llc.o(.text.timer0_clk_hz)
    __arm_cp.1_0                             0x0800237c   Number         4  pwm_llc.o(.text.timer0_clk_hz)
    [Anonymous Symbol]                       0x08002380   Section        0  gd32f30x_timer.o(.text.timer_auto_reload_shadow_enable)
    [Anonymous Symbol]                       0x0800238a   Section        0  gd32f30x_timer.o(.text.timer_break_config)
    [Anonymous Symbol]                       0x080023a8   Section        0  gd32f30x_timer.o(.text.timer_channel_capture_value_register_read)
    [Anonymous Symbol]                       0x080023b8   Section        0  gd32f30x_timer.o(.text.timer_channel_output_config)
    __arm_cp.39_0                            0x08002584   Number         4  gd32f30x_timer.o(.text.timer_channel_output_config)
    [Anonymous Symbol]                       0x08002588   Section        0  gd32f30x_timer.o(.text.timer_channel_output_mode_config)
    [Anonymous Symbol]                       0x080025c0   Section        0  gd32f30x_timer.o(.text.timer_channel_output_pulse_value_config)
    [Anonymous Symbol]                       0x080025cc   Section        0  gd32f30x_timer.o(.text.timer_channel_output_shadow_config)
    [Anonymous Symbol]                       0x08002604   Section        0  gd32f30x_timer.o(.text.timer_enable)
    [Anonymous Symbol]                       0x0800260e   Section        0  gd32f30x_timer.o(.text.timer_event_software_generate)
    [Anonymous Symbol]                       0x08002616   Section        0  gd32f30x_timer.o(.text.timer_flag_clear)
    [Anonymous Symbol]                       0x08002620   Section        0  gd32f30x_timer.o(.text.timer_flag_get)
    [Anonymous Symbol]                       0x0800262c   Section        0  gd32f30x_timer.o(.text.timer_init)
    __arm_cp.2_0                             0x080026a4   Number         4  gd32f30x_timer.o(.text.timer_init)
    __arm_cp.2_1                             0x080026a8   Number         4  gd32f30x_timer.o(.text.timer_init)
    __arm_cp.2_2                             0x080026ac   Number         4  gd32f30x_timer.o(.text.timer_init)
    __arm_cp.2_3                             0x080026b0   Number         4  gd32f30x_timer.o(.text.timer_init)
    __arm_cp.2_5                             0x080026b4   Number         4  gd32f30x_timer.o(.text.timer_init)
    [Anonymous Symbol]                       0x080026b8   Section        0  gd32f30x_timer.o(.text.timer_interrupt_enable)
    [Anonymous Symbol]                       0x080026c0   Section        0  gd32f30x_timer.o(.text.timer_interrupt_flag_clear)
    [Anonymous Symbol]                       0x080026ca   Section        0  gd32f30x_timer.o(.text.timer_interrupt_flag_get)
    [Anonymous Symbol]                       0x080026de   Section        0  gd32f30x_timer.o(.text.timer_master_output_trigger_source_select)
    [Anonymous Symbol]                       0x080026ee   Section        0  gd32f30x_timer.o(.text.timer_primary_output_config)
    [Anonymous Symbol]                       0x08002700   Section        0  pwm_llc.o(.text.update_adc_trigger_midpoint_from_arr)
    update_adc_trigger_midpoint_from_arr     0x08002701   Thumb Code    68  pwm_llc.o(.text.update_adc_trigger_midpoint_from_arr)
    __arm_cp.3_0                             0x08002740   Number         4  pwm_llc.o(.text.update_adc_trigger_midpoint_from_arr)
    [Anonymous Symbol]                       0x08002744   Section        0  gd32f30x_usart.o(.text.usart_baudrate_set)
    [Anonymous Symbol]                       0x08002788   Section        0  gd32f30x_usart.o(.text.usart_data_transmit)
    [Anonymous Symbol]                       0x08002790   Section        0  gd32f30x_usart.o(.text.usart_deinit)
    __arm_cp.0_0                             0x08002818   Number         4  gd32f30x_usart.o(.text.usart_deinit)
    __arm_cp.0_1                             0x0800281c   Number         4  gd32f30x_usart.o(.text.usart_deinit)
    __arm_cp.0_2                             0x08002820   Number         4  gd32f30x_usart.o(.text.usart_deinit)
    __arm_cp.0_3                             0x08002824   Number         4  gd32f30x_usart.o(.text.usart_deinit)
    __arm_cp.0_4                             0x08002828   Number         4  gd32f30x_usart.o(.text.usart_deinit)
    [Anonymous Symbol]                       0x0800282c   Section        0  gd32f30x_usart.o(.text.usart_enable)
    [Anonymous Symbol]                       0x08002836   Section        0  gd32f30x_usart.o(.text.usart_flag_get)
    [Anonymous Symbol]                       0x0800284c   Section        0  gd32f30x_usart.o(.text.usart_hardware_flow_cts_config)
    [Anonymous Symbol]                       0x08002858   Section        0  gd32f30x_usart.o(.text.usart_hardware_flow_rts_config)
    [Anonymous Symbol]                       0x08002864   Section        0  gd32f30x_usart.o(.text.usart_parity_config)
    [Anonymous Symbol]                       0x08002874   Section        0  gd32f30x_usart.o(.text.usart_receive_config)
    [Anonymous Symbol]                       0x08002880   Section        0  gd32f30x_usart.o(.text.usart_stop_bit_set)
    [Anonymous Symbol]                       0x08002890   Section        0  gd32f30x_usart.o(.text.usart_transmit_config)
    [Anonymous Symbol]                       0x0800289c   Section        0  gd32f30x_usart.o(.text.usart_word_length_set)
    i.__0vsnprintf                           0x080028ac   Section        0  printfa.o(i.__0vsnprintf)
    i.__hardfp_cosf                          0x080028d8   Section        0  cosf.o(i.__hardfp_cosf)
    i.__mathlib_flt_infnan                   0x08002a28   Section        0  funder.o(i.__mathlib_flt_infnan)
    i.__mathlib_flt_invalid                  0x08002a30   Section        0  funder.o(i.__mathlib_flt_invalid)
    i.__mathlib_rredf2                       0x08002a40   Section        0  rredf.o(i.__mathlib_rredf2)
    i.__scatterload_copy                     0x08002b94   Section       14  handlers.o(i.__scatterload_copy)
    i.__scatterload_null                     0x08002ba2   Section        2  handlers.o(i.__scatterload_null)
    i.__scatterload_zeroinit                 0x08002ba4   Section       14  handlers.o(i.__scatterload_zeroinit)
    i.__set_errno                            0x08002bb4   Section        0  errno.o(i.__set_errno)
    i._fp_digits                             0x08002bc0   Section        0  printfa.o(i._fp_digits)
    _fp_digits                               0x08002bc1   Thumb Code   366  printfa.o(i._fp_digits)
    i._printf_core                           0x08002d44   Section        0  printfa.o(i._printf_core)
    _printf_core                             0x08002d45   Thumb Code  1744  printfa.o(i._printf_core)
    i._printf_post_padding                   0x08003420   Section        0  printfa.o(i._printf_post_padding)
    _printf_post_padding                     0x08003421   Thumb Code    36  printfa.o(i._printf_post_padding)
    i._printf_pre_padding                    0x08003444   Section        0  printfa.o(i._printf_pre_padding)
    _printf_pre_padding                      0x08003445   Thumb Code    46  printfa.o(i._printf_pre_padding)
    i._snputc                                0x08003472   Section        0  printfa.o(i._snputc)
    _snputc                                  0x08003473   Thumb Code    22  printfa.o(i._snputc)
    .constdata                               0x08003488   Section       32  rredf.o(.constdata)
    twooverpi                                0x08003488   Data          32  rredf.o(.constdata)
    [Anonymous Symbol]                       0x080034a8   Section        0  main.o(.rodata..Lmain.lcfg)
    .Lrcu_clock_freq_get.apb2_exp            0x080034b4   Data           8  gd32f30x_rcu.o(.rodata.cst8)
    [Anonymous Symbol]                       0x080034bc   Section        0  debug_printf.o(.rodata.debug_vprintf.trunc_marker)
    debug_vprintf.trunc_marker               0x080034bc   Data           4  debug_printf.o(.rodata.debug_vprintf.trunc_marker)
    [Anonymous Symbol]                       0x080034c0   Section        0  llc_soft_start.o(.rodata.str1.1)
    .L.str                                   0x080034c0   Data          77  llc_soft_start.o(.rodata.str1.1)
    .data                                    0x20000000   Section        4  errno.o(.data)
    _errno                                   0x20000000   Data           4  errno.o(.data)
    [Anonymous Symbol]                       0x20000010   Section        0  main.o(.bss..L_MergedGlobals)
    s_control_tick_pending                   0x20000010   Data           4  main.o(.bss..L_MergedGlobals)
    s_tick_drop_count                        0x20000014   Data           4  main.o(.bss..L_MergedGlobals)
    [Anonymous Symbol]                       0x20000018   Section        0  timer.o(.bss..L_MergedGlobals)
    s_i2msFlag                               0x20000018   Data           1  timer.o(.bss..L_MergedGlobals)
    s_i1secFlag                              0x20000019   Data           1  timer.o(.bss..L_MergedGlobals)
    TIMER5_IRQHandler.s_iCnt2                0x2000001a   Data           2  timer.o(.bss..L_MergedGlobals)
    TIMER6_IRQHandler.s_iCnt1000             0x2000001c   Data           2  timer.o(.bss..L_MergedGlobals)
    [Anonymous Symbol]                       0x20000020   Section        0  adc_dma.o(.bss..L_MergedGlobals)
    adc1_initialized                         0x20000020   Data           1  adc_dma.o(.bss..L_MergedGlobals)
    s_buf                                    0x20000022   Data           8  adc_dma.o(.bss..L_MergedGlobals)
    s_latched                                0x2000002a   Data          12  adc_dma.o(.bss..L_MergedGlobals)
    [Anonymous Symbol]                       0x20000038   Section        0  pwm_llc.o(.bss..L_MergedGlobals)
    s_period                                 0x20000038   Data           4  pwm_llc.o(.bss..L_MergedGlobals)
    s_cfg                                    0x2000003c   Data          12  pwm_llc.o(.bss..L_MergedGlobals)
    [Anonymous Symbol]                       0x20000050   Section        0  icu.o(.bss..L_MergedGlobals)
    s_timer1_overflow                        0x20000050   Data           4  icu.o(.bss..L_MergedGlobals)
    s_cap_channels                           0x20000054   Data          72  icu.o(.bss..L_MergedGlobals)
    [Anonymous Symbol]                       0x2000009c   Section        0  llc_control.o(.bss..L_MergedGlobals)
    llc_app_tick_1khz.s_llc_clear_sent       0x2000009c   Data           1  llc_control.o(.bss..L_MergedGlobals)
    llc_app_tick_1khz_withoutVbus.s_llc_clear_sent 0x2000009d   Data           1  llc_control.o(.bss..L_MergedGlobals)
    s_llc_app.1                              0x200000a0   Data           4  llc_control.o(.bss..L_MergedGlobals)
    s_llc.7                                  0x200000a4   Data           4  llc_control.o(.bss..L_MergedGlobals)
    [Anonymous Symbol]                       0x200000ac   Section        0  pfc_control.o(.bss.pfc_hw_set_relay.s_last)
    pfc_hw_set_relay.s_last                  0x200000ac   Data           1  pfc_control.o(.bss.pfc_hw_set_relay.s_last)
    [Anonymous Symbol]                       0x200000ad   Section        0  protect_exti.o(.bss.s_fault)
    s_fault                                  0x200000ad   Data           1  protect_exti.o(.bss.s_fault)
    [Anonymous Symbol]                       0x200000b0   Section        0  llc_control.o(.bss.s_llc_app.0)
    s_llc_app.0                              0x200000b0   Data           1  llc_control.o(.bss.s_llc_app.0)
    [Anonymous Symbol]                       0x200000b4   Section        0  llc_soft_start.o(.bss.s_llc_softstart)
    s_llc_softstart                          0x200000b4   Data          36  llc_soft_start.o(.bss.s_llc_softstart)
    [Anonymous Symbol]                       0x200000d8   Section        0  pwm.o(.bss.s_period)
    s_period                                 0x200000d8   Data           4  pwm.o(.bss.s_period)
    [Anonymous Symbol]                       0x200000dc   Section        0  pfc_control.o(.bss.s_pfc)
    s_pfc                                    0x200000dc   Data          80  pfc_control.o(.bss.s_pfc)
    STACK                                    0x20000130   Section     1024  startup_gd32f30x_hd.o(STACK)

    Global Symbols

    Symbol Name                              Value     Ov Type        Size  Object(Section)

    BuildAttributes$$THM_ISAv4$E$P$D$K$B$S$7EM$VFPi3$EXTD16$VFPS$VFMA$PE$A:L22UL41UL21$X:L11$S22US41US21$IEEE1$IW$~IW$USESV6$~STKCKD$USESV7$~SHL$OTIME$ROPI$IEEEX$EBA8$MICROLIB$REQ8$PRES8$EABIv2 0x00000000   Number         0  anon$$obj.o ABSOLUTE
    __cpp_initialize__aeabi_                  - Undefined Weak Reference
    __cxa_finalize                            - Undefined Weak Reference
    __decompress                              - Undefined Weak Reference
    _clock_init                               - Undefined Weak Reference
    _microlib_exit                            - Undefined Weak Reference
    __Vectors_Size                           0x00000130   Number         0  startup_gd32f30x_hd.o ABSOLUTE
    __Vectors                                0x08000000   Data           4  startup_gd32f30x_hd.o(RESET)
    __Vectors_End                            0x08000130   Data           0  startup_gd32f30x_hd.o(RESET)
    __main                                   0x08000131   Thumb Code     0  entry.o(.ARM.Collect$$$$00000000)
    _main_stk                                0x08000131   Thumb Code     0  entry2.o(.ARM.Collect$$$$00000001)
    _main_scatterload                        0x08000135   Thumb Code     0  entry5.o(.ARM.Collect$$$$00000004)
    __main_after_scatterload                 0x08000139   Thumb Code     0  entry5.o(.ARM.Collect$$$$00000004)
    _main_clock                              0x08000139   Thumb Code     0  entry7b.o(.ARM.Collect$$$$00000008)
    _main_cpp_init                           0x08000139   Thumb Code     0  entry8b.o(.ARM.Collect$$$$0000000A)
    _main_init                               0x08000139   Thumb Code     0  entry9a.o(.ARM.Collect$$$$0000000B)
    __rt_final_cpp                           0x08000141   Thumb Code     0  entry10a.o(.ARM.Collect$$$$0000000D)
    __rt_final_exit                          0x08000141   Thumb Code     0  entry11a.o(.ARM.Collect$$$$0000000F)
    Reset_Handler                            0x08000145   Thumb Code     8  startup_gd32f30x_hd.o(.text)
    ADC0_1_IRQHandler                        0x0800015f   Thumb Code     0  startup_gd32f30x_hd.o(.text)
    ADC2_IRQHandler                          0x0800015f   Thumb Code     0  startup_gd32f30x_hd.o(.text)
    CAN0_EWMC_IRQHandler                     0x0800015f   Thumb Code     0  startup_gd32f30x_hd.o(.text)
    CAN0_RX1_IRQHandler                      0x0800015f   Thumb Code     0  startup_gd32f30x_hd.o(.text)
    DMA0_Channel1_IRQHandler                 0x0800015f   Thumb Code     0  startup_gd32f30x_hd.o(.text)
    DMA0_Channel2_IRQHandler                 0x0800015f   Thumb Code     0  startup_gd32f30x_hd.o(.text)
    DMA0_Channel3_IRQHandler                 0x0800015f   Thumb Code     0  startup_gd32f30x_hd.o(.text)
    DMA0_Channel4_IRQHandler                 0x0800015f   Thumb Code     0  startup_gd32f30x_hd.o(.text)
    DMA0_Channel5_IRQHandler                 0x0800015f   Thumb Code     0  startup_gd32f30x_hd.o(.text)
    DMA0_Channel6_IRQHandler                 0x0800015f   Thumb Code     0  startup_gd32f30x_hd.o(.text)
    DMA1_Channel0_IRQHandler                 0x0800015f   Thumb Code     0  startup_gd32f30x_hd.o(.text)
    DMA1_Channel1_IRQHandler                 0x0800015f   Thumb Code     0  startup_gd32f30x_hd.o(.text)
    DMA1_Channel2_IRQHandler                 0x0800015f   Thumb Code     0  startup_gd32f30x_hd.o(.text)
    DMA1_Channel3_4_IRQHandler               0x0800015f   Thumb Code     0  startup_gd32f30x_hd.o(.text)
    EXMC_IRQHandler                          0x0800015f   Thumb Code     0  startup_gd32f30x_hd.o(.text)
    EXTI0_IRQHandler                         0x0800015f   Thumb Code     0  startup_gd32f30x_hd.o(.text)
    EXTI10_15_IRQHandler                     0x0800015f   Thumb Code     0  startup_gd32f30x_hd.o(.text)
    EXTI1_IRQHandler                         0x0800015f   Thumb Code     0  startup_gd32f30x_hd.o(.text)
    EXTI2_IRQHandler                         0x0800015f   Thumb Code     0  startup_gd32f30x_hd.o(.text)
    EXTI3_IRQHandler                         0x0800015f   Thumb Code     0  startup_gd32f30x_hd.o(.text)
    EXTI4_IRQHandler                         0x0800015f   Thumb Code     0  startup_gd32f30x_hd.o(.text)
    EXTI5_9_IRQHandler                       0x0800015f   Thumb Code     0  startup_gd32f30x_hd.o(.text)
    FMC_IRQHandler                           0x0800015f   Thumb Code     0  startup_gd32f30x_hd.o(.text)
    I2C0_ER_IRQHandler                       0x0800015f   Thumb Code     0  startup_gd32f30x_hd.o(.text)
    I2C0_EV_IRQHandler                       0x0800015f   Thumb Code     0  startup_gd32f30x_hd.o(.text)
    I2C1_ER_IRQHandler                       0x0800015f   Thumb Code     0  startup_gd32f30x_hd.o(.text)
    I2C1_EV_IRQHandler                       0x0800015f   Thumb Code     0  startup_gd32f30x_hd.o(.text)
    LVD_IRQHandler                           0x0800015f   Thumb Code     0  startup_gd32f30x_hd.o(.text)
    RCU_CTC_IRQHandler                       0x0800015f   Thumb Code     0  startup_gd32f30x_hd.o(.text)
    RTC_Alarm_IRQHandler                     0x0800015f   Thumb Code     0  startup_gd32f30x_hd.o(.text)
    RTC_IRQHandler                           0x0800015f   Thumb Code     0  startup_gd32f30x_hd.o(.text)
    SDIO_IRQHandler                          0x0800015f   Thumb Code     0  startup_gd32f30x_hd.o(.text)
    SPI0_IRQHandler                          0x0800015f   Thumb Code     0  startup_gd32f30x_hd.o(.text)
    SPI1_IRQHandler                          0x0800015f   Thumb Code     0  startup_gd32f30x_hd.o(.text)
    SPI2_IRQHandler                          0x0800015f   Thumb Code     0  startup_gd32f30x_hd.o(.text)
    TAMPER_IRQHandler                        0x0800015f   Thumb Code     0  startup_gd32f30x_hd.o(.text)
    TIMER0_Channel_IRQHandler                0x0800015f   Thumb Code     0  startup_gd32f30x_hd.o(.text)
    TIMER0_TRG_CMT_IRQHandler                0x0800015f   Thumb Code     0  startup_gd32f30x_hd.o(.text)
    TIMER0_UP_IRQHandler                     0x0800015f   Thumb Code     0  startup_gd32f30x_hd.o(.text)
    TIMER2_IRQHandler                        0x0800015f   Thumb Code     0  startup_gd32f30x_hd.o(.text)
    TIMER3_IRQHandler                        0x0800015f   Thumb Code     0  startup_gd32f30x_hd.o(.text)
    TIMER4_IRQHandler                        0x0800015f   Thumb Code     0  startup_gd32f30x_hd.o(.text)
    TIMER7_BRK_IRQHandler                    0x0800015f   Thumb Code     0  startup_gd32f30x_hd.o(.text)
    TIMER7_Channel_IRQHandler                0x0800015f   Thumb Code     0  startup_gd32f30x_hd.o(.text)
    TIMER7_TRG_CMT_IRQHandler                0x0800015f   Thumb Code     0  startup_gd32f30x_hd.o(.text)
    TIMER7_UP_IRQHandler                     0x0800015f   Thumb Code     0  startup_gd32f30x_hd.o(.text)
    UART3_IRQHandler                         0x0800015f   Thumb Code     0  startup_gd32f30x_hd.o(.text)
    UART4_IRQHandler                         0x0800015f   Thumb Code     0  startup_gd32f30x_hd.o(.text)
    USART0_IRQHandler                        0x0800015f   Thumb Code     0  startup_gd32f30x_hd.o(.text)
    USART1_IRQHandler                        0x0800015f   Thumb Code     0  startup_gd32f30x_hd.o(.text)
    USART2_IRQHandler                        0x0800015f   Thumb Code     0  startup_gd32f30x_hd.o(.text)
    USBD_HP_CAN0_TX_IRQHandler               0x0800015f   Thumb Code     0  startup_gd32f30x_hd.o(.text)
    USBD_LP_CAN0_RX0_IRQHandler              0x0800015f   Thumb Code     0  startup_gd32f30x_hd.o(.text)
    USBD_WKUP_IRQHandler                     0x0800015f   Thumb Code     0  startup_gd32f30x_hd.o(.text)
    WWDGT_IRQHandler                         0x0800015f   Thumb Code     0  startup_gd32f30x_hd.o(.text)
    __aeabi_uldivmod                         0x08000169   Thumb Code    98  uldiv.o(.text)
    __aeabi_memset                           0x080001cb   Thumb Code    14  memseta.o(.text)
    __aeabi_memset4                          0x080001cb   Thumb Code     0  memseta.o(.text)
    __aeabi_memset8                          0x080001cb   Thumb Code     0  memseta.o(.text)
    __aeabi_memclr                           0x080001d9   Thumb Code     4  memseta.o(.text)
    __aeabi_memclr4                          0x080001d9   Thumb Code     0  memseta.o(.text)
    __aeabi_memclr8                          0x080001d9   Thumb Code     0  memseta.o(.text)
    _memset$wrapper                          0x080001dd   Thumb Code    18  memseta.o(.text)
    __aeabi_dadd                             0x080001ef   Thumb Code   322  dadd.o(.text)
    __aeabi_dsub                             0x08000331   Thumb Code     6  dadd.o(.text)
    __aeabi_drsub                            0x08000337   Thumb Code     6  dadd.o(.text)
    __aeabi_dmul                             0x0800033d   Thumb Code   228  dmul.o(.text)
    __aeabi_ddiv                             0x08000421   Thumb Code   222  ddiv.o(.text)
    __aeabi_ui2d                             0x080004ff   Thumb Code    26  dfltui.o(.text)
    __aeabi_d2uiz                            0x08000519   Thumb Code    50  dfixui.o(.text)
    __aeabi_f2d                              0x0800054b   Thumb Code    38  f2d.o(.text)
    __aeabi_uidiv                            0x08000571   Thumb Code     0  uidiv.o(.text)
    __aeabi_uidivmod                         0x08000571   Thumb Code    44  uidiv.o(.text)
    __aeabi_llsl                             0x0800059d   Thumb Code    30  llshl.o(.text)
    _ll_shift_l                              0x0800059d   Thumb Code     0  llshl.o(.text)
    __aeabi_llsr                             0x080005bb   Thumb Code    32  llushr.o(.text)
    _ll_ushift_r                             0x080005bb   Thumb Code     0  llushr.o(.text)
    __aeabi_lasr                             0x080005db   Thumb Code    36  llsshr.o(.text)
    _ll_sshift_r                             0x080005db   Thumb Code     0  llsshr.o(.text)
    __I$use$fp                               0x080005ff   Thumb Code     0  iusefp.o(.text)
    _double_round                            0x080005ff   Thumb Code    30  depilogue.o(.text)
    _double_epilogue                         0x0800061d   Thumb Code   156  depilogue.o(.text)
    __aeabi_d2ulz                            0x080006b9   Thumb Code    48  dfixul.o(.text)
    __aeabi_cdrcmple                         0x080006e9   Thumb Code    48  cdrcmple.o(.text)
    __scatterload                            0x08000719   Thumb Code    28  init.o(.text)
    __scatterload_rt2                        0x08000719   Thumb Code     0  init.o(.text)
    BusFault_Handler                         0x0800073d   Thumb Code     2  gd32f30x_it.o(.text.BusFault_Handler)
    DMA0_Channel0_IRQHandler                 0x08000741   Thumb Code    92  adc_dma.o(.text.DMA0_Channel0_IRQHandler)
    DebugMon_Handler                         0x0800079d   Thumb Code     2  gd32f30x_it.o(.text.DebugMon_Handler)
    HardFault_Handler                        0x0800079f   Thumb Code     2  gd32f30x_it.o(.text.HardFault_Handler)
    InitRCU                                  0x080007a1   Thumb Code   106  rcu.o(.text.InitRCU)
    MemManage_Handler                        0x0800080b   Thumb Code     2  gd32f30x_it.o(.text.MemManage_Handler)
    NMI_Handler                              0x0800080d   Thumb Code     2  gd32f30x_it.o(.text.NMI_Handler)
    PendSV_Handler                           0x0800080f   Thumb Code     2  gd32f30x_it.o(.text.PendSV_Handler)
    SVC_Handler                              0x08000811   Thumb Code     2  gd32f30x_it.o(.text.SVC_Handler)
    SysTick_Handler                          0x08000815   Thumb Code    28  main.o(.text.SysTick_Handler)
    SystemCoreClockUpdate                    0x08000831   Thumb Code   128  system_gd32f30x.o(.text.SystemCoreClockUpdate)
    SystemInit                               0x080008ad   Thumb Code   260  system_gd32f30x.o(.text.SystemInit)
    TIMER0_BRK_IRQHandler                    0x080009b1   Thumb Code    36  protect_exti.o(.text.TIMER0_BRK_IRQHandler)
    TIMER1_IRQHandler                        0x080009d5   Thumb Code   132  icu.o(.text.TIMER1_IRQHandler)
    TIMER5_IRQHandler                        0x08000a59   Thumb Code    60  timer.o(.text.TIMER5_IRQHandler)
    TIMER6_IRQHandler                        0x08000a91   Thumb Code    60  timer.o(.text.TIMER6_IRQHandler)
    UsageFault_Handler                       0x08000acd   Thumb Code     2  gd32f30x_it.o(.text.UsageFault_Handler)
    adc1_aux_init                            0x08000ad1   Thumb Code   232  adc_dma.o(.text.adc1_aux_init)
    adc_calibration_enable                   0x08000bb9   Thumb Code    34  gd32f30x_adc.o(.text.adc_calibration_enable)
    adc_channel_length_config                0x08000bdd   Thumb Code    60  gd32f30x_adc.o(.text.adc_channel_length_config)
    adc_data_alignment_config                0x08000c19   Thumb Code    18  gd32f30x_adc.o(.text.adc_data_alignment_config)
    adc_deinit                               0x08000c2d   Thumb Code    96  gd32f30x_adc.o(.text.adc_deinit)
    adc_enable                               0x08000c8d   Thumb Code    18  gd32f30x_adc.o(.text.adc_enable)
    adc_external_trigger_config              0x08000c9f   Thumb Code    54  gd32f30x_adc.o(.text.adc_external_trigger_config)
    adc_external_trigger_source_config       0x08000cd5   Thumb Code    40  gd32f30x_adc.o(.text.adc_external_trigger_source_config)
    adc_mode_config                          0x08000cfd   Thumb Code    24  gd32f30x_adc.o(.text.adc_mode_config)
    adc_special_function_config              0x08000d15   Thumb Code    78  gd32f30x_adc.o(.text.adc_special_function_config)
    debug_printf                             0x08000f91   Thumb Code    28  debug_printf.o(.text.debug_printf)
    debug_printf_init                        0x08000fad   Thumb Code   156  debug_printf.o(.text.debug_printf_init)
    debug_putchar                            0x08001045   Thumb Code    24  debug_printf.o(.text.debug_putchar)
    debug_vprintf                            0x08001081   Thumb Code    60  debug_printf.o(.text.debug_vprintf)
    debug_write                              0x080010bd   Thumb Code    24  debug_printf.o(.text.debug_write)
    delay_ms                                 0x080010d5   Thumb Code    24  main.o(.text.delay_ms)
    dma_interrupt_flag_clear                 0x080010e9   Thumb Code    14  gd32f30x_dma.o(.text.dma_interrupt_flag_clear)
    dma_interrupt_flag_get                   0x080010f7   Thumb Code    56  gd32f30x_dma.o(.text.dma_interrupt_flag_get)
    fmc_wscnt_set                            0x080011a5   Thumb Code    20  gd32f30x_fmc.o(.text.fmc_wscnt_set)
    gpio_bit_reset                           0x080011b9   Thumb Code     4  gd32f30x_gpio.o(.text.gpio_bit_reset)
    gpio_bit_set                             0x080011bd   Thumb Code     4  gd32f30x_gpio.o(.text.gpio_bit_set)
    gpio_init                                0x080011c1   Thumb Code   172  gd32f30x_gpio.o(.text.gpio_init)
    gpio_input_bit_get                       0x0800126d   Thumb Code    10  gd32f30x_gpio.o(.text.gpio_input_bit_get)
    llc_app_init                             0x08001277   Thumb Code    16  llc_control.o(.text.llc_app_init)
    llc_app_tick_1khz_withoutVbus            0x08001289   Thumb Code   196  llc_control.o(.text.llc_app_tick_1khz_withoutVbus)
    llc_pwm_get_deadtime_ns                  0x0800134d   Thumb Code    12  pwm_llc.o(.text.llc_pwm_get_deadtime_ns)
    llc_pwm_get_period_ns                    0x08001355   Thumb Code    68  pwm_llc.o(.text.llc_pwm_get_period_ns)
    llc_pwm_init                             0x08001399   Thumb Code   400  pwm_llc.o(.text.llc_pwm_init)
    llc_pwm_outputs_enable                   0x08001525   Thumb Code   232  pwm_llc.o(.text.llc_pwm_outputs_enable)
    llc_pwm_set_duty                         0x08001605   Thumb Code    88  pwm_llc.o(.text.llc_pwm_set_duty)
    llc_pwm_set_freq                         0x08001655   Thumb Code   112  pwm_llc.o(.text.llc_pwm_set_freq)
    llc_softstart_abort                      0x080016c5   Thumb Code    36  llc_soft_start.o(.text.llc_softstart_abort)
    llc_softstart_init                       0x080016e9   Thumb Code   192  llc_soft_start.o(.text.llc_softstart_init)
    llc_softstart_on_fault                   0x080017a5   Thumb Code    20  llc_soft_start.o(.text.llc_softstart_on_fault)
    llc_softstart_start                      0x080017b5   Thumb Code   320  llc_soft_start.o(.text.llc_softstart_start)
    llc_softstart_tick_1khz                  0x080018f5   Thumb Code   328  llc_soft_start.o(.text.llc_softstart_tick_1khz)
    main                                     0x08001ab1   Thumb Code   192  main.o(.text.main)
    nvic_irq_enable                          0x08001b71   Thumb Code   160  gd32f30x_misc.o(.text.nvic_irq_enable)
    nvic_priority_group_set                  0x08001c0d   Thumb Code    20  gd32f30x_misc.o(.text.nvic_priority_group_set)
    pb0_pwm_init                             0x08001c21   Thumb Code   168  pwm.o(.text.pb0_pwm_init)
    pb0_pwm_set_duty                         0x08001cbd   Thumb Code    84  pwm.o(.text.pb0_pwm_set_duty)
    pfc_disable                              0x08001d6d   Thumb Code    16  pfc_control.o(.text.pfc_disable)
    pfc_enable                               0x08001d79   Thumb Code    32  pfc_control.o(.text.pfc_enable)
    pfc_hw_set_relay                         0x08001d95   Thumb Code    72  pfc_control.o(.text.pfc_hw_set_relay)
    pfc_init                                 0x08001dd9   Thumb Code    64  pfc_control.o(.text.pfc_init)
    pfc_state                                0x08001e39   Thumb Code    12  pfc_control.o(.text.pfc_state)
    protect_clear_fault                      0x08001e45   Thumb Code    12  protect_exti.o(.text.protect_clear_fault)
    protect_exti_init                        0x08001e4d   Thumb Code   104  protect_exti.o(.text.protect_exti_init)
    protect_fault_active_hw                  0x08001eb1   Thumb Code    24  protect_exti.o(.text.protect_fault_active_hw)
    protect_fault_latched                    0x08001ec9   Thumb Code    16  protect_exti.o(.text.protect_fault_latched)
    protect_hw_clear_pulse                   0x08001ee5   Thumb Code    28  main.o(.text.protect_hw_clear_pulse)
    rcu_adc_clock_config                     0x08001f01   Thumb Code   100  gd32f30x_rcu.o(.text.rcu_adc_clock_config)
    rcu_ahb_clock_config                     0x08001f61   Thumb Code    20  gd32f30x_rcu.o(.text.rcu_ahb_clock_config)
    rcu_apb1_clock_config                    0x08001f71   Thumb Code    20  gd32f30x_rcu.o(.text.rcu_apb1_clock_config)
    rcu_apb2_clock_config                    0x08001f81   Thumb Code    20  gd32f30x_rcu.o(.text.rcu_apb2_clock_config)
    rcu_clock_freq_get                       0x08001f95   Thumb Code   196  gd32f30x_rcu.o(.text.rcu_clock_freq_get)
    rcu_deinit                               0x08002059   Thumb Code    72  gd32f30x_rcu.o(.text.rcu_deinit)
    rcu_flag_get                             0x0800209d   Thumb Code    28  gd32f30x_rcu.o(.text.rcu_flag_get)
    rcu_osci_on                              0x080020b5   Thumb Code    28  gd32f30x_rcu.o(.text.rcu_osci_on)
    rcu_osci_stab_wait                       0x080020cd   Thumb Code   224  gd32f30x_rcu.o(.text.rcu_osci_stab_wait)
    rcu_periph_clock_enable                  0x080021a9   Thumb Code    28  gd32f30x_rcu.o(.text.rcu_periph_clock_enable)
    rcu_periph_reset_disable                 0x080021c1   Thumb Code    32  gd32f30x_rcu.o(.text.rcu_periph_reset_disable)
    rcu_periph_reset_enable                  0x080021dd   Thumb Code    28  gd32f30x_rcu.o(.text.rcu_periph_reset_enable)
    rcu_pll_config                           0x080021f9   Thumb Code    24  gd32f30x_rcu.o(.text.rcu_pll_config)
    rcu_pllpresel_config                     0x0800220d   Thumb Code    20  gd32f30x_rcu.o(.text.rcu_pllpresel_config)
    rcu_predv0_config                        0x08002221   Thumb Code    24  gd32f30x_rcu.o(.text.rcu_predv0_config)
    rcu_system_clock_source_config           0x08002235   Thumb Code    20  gd32f30x_rcu.o(.text.rcu_system_clock_source_config)
    rcu_system_clock_source_get              0x08002245   Thumb Code    16  gd32f30x_rcu.o(.text.rcu_system_clock_source_get)
    systick_1ms_init                         0x08002321   Thumb Code    68  main.o(.text.systick_1ms_init)
    timer_auto_reload_shadow_enable          0x08002381   Thumb Code    10  gd32f30x_timer.o(.text.timer_auto_reload_shadow_enable)
    timer_break_config                       0x0800238b   Thumb Code    30  gd32f30x_timer.o(.text.timer_break_config)
    timer_channel_capture_value_register_read 0x080023a9   Thumb Code    14  gd32f30x_timer.o(.text.timer_channel_capture_value_register_read)
    timer_channel_output_config              0x080023b9   Thumb Code   472  gd32f30x_timer.o(.text.timer_channel_output_config)
    timer_channel_output_mode_config         0x08002589   Thumb Code    56  gd32f30x_timer.o(.text.timer_channel_output_mode_config)
    timer_channel_output_pulse_value_config  0x080025c1   Thumb Code    12  gd32f30x_timer.o(.text.timer_channel_output_pulse_value_config)
    timer_channel_output_shadow_config       0x080025cd   Thumb Code    56  gd32f30x_timer.o(.text.timer_channel_output_shadow_config)
    timer_enable                             0x08002605   Thumb Code    10  gd32f30x_timer.o(.text.timer_enable)
    timer_event_software_generate            0x0800260f   Thumb Code     8  gd32f30x_timer.o(.text.timer_event_software_generate)
    timer_flag_clear                         0x08002617   Thumb Code    10  gd32f30x_timer.o(.text.timer_flag_clear)
    timer_flag_get                           0x08002621   Thumb Code    10  gd32f30x_timer.o(.text.timer_flag_get)
    timer_init                               0x0800262d   Thumb Code   144  gd32f30x_timer.o(.text.timer_init)
    timer_interrupt_enable                   0x080026b9   Thumb Code     8  gd32f30x_timer.o(.text.timer_interrupt_enable)
    timer_interrupt_flag_clear               0x080026c1   Thumb Code    10  gd32f30x_timer.o(.text.timer_interrupt_flag_clear)
    timer_interrupt_flag_get                 0x080026cb   Thumb Code    20  gd32f30x_timer.o(.text.timer_interrupt_flag_get)
    timer_master_output_trigger_source_select 0x080026df   Thumb Code    16  gd32f30x_timer.o(.text.timer_master_output_trigger_source_select)
    timer_primary_output_config              0x080026ef   Thumb Code    18  gd32f30x_timer.o(.text.timer_primary_output_config)
    usart_baudrate_set                       0x08002745   Thumb Code    88  gd32f30x_usart.o(.text.usart_baudrate_set)
    usart_data_transmit                      0x08002789   Thumb Code     8  gd32f30x_usart.o(.text.usart_data_transmit)
    usart_deinit                             0x08002791   Thumb Code   156  gd32f30x_usart.o(.text.usart_deinit)
    usart_enable                             0x0800282d   Thumb Code    10  gd32f30x_usart.o(.text.usart_enable)
    usart_flag_get                           0x08002837   Thumb Code    22  gd32f30x_usart.o(.text.usart_flag_get)
    usart_hardware_flow_cts_config           0x0800284d   Thumb Code    12  gd32f30x_usart.o(.text.usart_hardware_flow_cts_config)
    usart_hardware_flow_rts_config           0x08002859   Thumb Code    12  gd32f30x_usart.o(.text.usart_hardware_flow_rts_config)
    usart_parity_config                      0x08002865   Thumb Code    16  gd32f30x_usart.o(.text.usart_parity_config)
    usart_receive_config                     0x08002875   Thumb Code    12  gd32f30x_usart.o(.text.usart_receive_config)
    usart_stop_bit_set                       0x08002881   Thumb Code    16  gd32f30x_usart.o(.text.usart_stop_bit_set)
    usart_transmit_config                    0x08002891   Thumb Code    12  gd32f30x_usart.o(.text.usart_transmit_config)
    usart_word_length_set                    0x0800289d   Thumb Code    16  gd32f30x_usart.o(.text.usart_word_length_set)
    __0vsnprintf                             0x080028ad   Thumb Code    40  printfa.o(i.__0vsnprintf)
    __1vsnprintf                             0x080028ad   Thumb Code     0  printfa.o(i.__0vsnprintf)
    __2vsnprintf                             0x080028ad   Thumb Code     0  printfa.o(i.__0vsnprintf)
    __c89vsnprintf                           0x080028ad   Thumb Code     0  printfa.o(i.__0vsnprintf)
    vsnprintf                                0x080028ad   Thumb Code     0  printfa.o(i.__0vsnprintf)
    __hardfp_cosf                            0x080028d9   Thumb Code   280  cosf.o(i.__hardfp_cosf)
    __mathlib_flt_infnan                     0x08002a29   Thumb Code     6  funder.o(i.__mathlib_flt_infnan)
    __mathlib_flt_invalid                    0x08002a31   Thumb Code    10  funder.o(i.__mathlib_flt_invalid)
    __mathlib_rredf2                         0x08002a41   Thumb Code   316  rredf.o(i.__mathlib_rredf2)
    __scatterload_copy                       0x08002b95   Thumb Code    14  handlers.o(i.__scatterload_copy)
    __scatterload_null                       0x08002ba3   Thumb Code     2  handlers.o(i.__scatterload_null)
    __scatterload_zeroinit                   0x08002ba5   Thumb Code    14  handlers.o(i.__scatterload_zeroinit)
    __set_errno                              0x08002bb5   Thumb Code     6  errno.o(i.__set_errno)
    Region$$Table$$Base                      0x08003510   Number         0  anon$$obj.o(Region$$Table)
    Region$$Table$$Limit                     0x08003530   Number         0  anon$$obj.o(Region$$Table)
    SystemCoreClock                          0x20000004   Data           4  system_gd32f30x.o(.data.SystemCoreClock)
    g_ms                                     0x200000a8   Data           4  main.o(.bss.g_ms)
    __initial_sp                             0x20000530   Data           0  startup_gd32f30x_hd.o(STACK)



==============================================================================

Memory Map of the image

  Image Entry point : 0x08000131

  Load Region LR_IROM1 (Base: 0x08000000, Size: 0x00003540, Max: 0x00080000, ABSOLUTE)

    Execution Region ER_IROM1 (Exec base: 0x08000000, Load base: 0x08000000, Size: 0x00003530, Max: 0x00080000, ABSOLUTE)

    Exec Addr    Load Addr    Size         Type   Attr      Idx    E Section Name        Object

    0x08000000   0x08000000   0x00000130   Data   RO         1849    RESET               startup_gd32f30x_hd.o
    0x08000130   0x08000130   0x00000000   Code   RO         1935  * .ARM.Collect$$$$00000000  mc_w.l(entry.o)
    0x08000130   0x08000130   0x00000004   Code   RO         2035    .ARM.Collect$$$$00000001  mc_w.l(entry2.o)
    0x08000134   0x08000134   0x00000004   Code   RO         2038    .ARM.Collect$$$$00000004  mc_w.l(entry5.o)
    0x08000138   0x08000138   0x00000000   Code   RO         2040    .ARM.Collect$$$$00000008  mc_w.l(entry7b.o)
    0x08000138   0x08000138   0x00000000   Code   RO         2042    .ARM.Collect$$$$0000000A  mc_w.l(entry8b.o)
    0x08000138   0x08000138   0x00000008   Code   RO         2043    .ARM.Collect$$$$0000000B  mc_w.l(entry9a.o)
    0x08000140   0x08000140   0x00000000   Code   RO         2045    .ARM.Collect$$$$0000000D  mc_w.l(entry10a.o)
    0x08000140   0x08000140   0x00000000   Code   RO         2047    .ARM.Collect$$$$0000000F  mc_w.l(entry11a.o)
    0x08000140   0x08000140   0x00000004   Code   RO         2036    .ARM.Collect$$$$00002712  mc_w.l(entry2.o)
    0x08000144   0x08000144   0x00000024   Code   RO         1850    .text               startup_gd32f30x_hd.o
    0x08000168   0x08000168   0x00000062   Code   RO         1938    .text               mc_w.l(uldiv.o)
    0x080001ca   0x080001ca   0x00000024   Code   RO         1940    .text               mc_w.l(memseta.o)
    0x080001ee   0x080001ee   0x0000014e   Code   RO         1970    .text               mf_w.l(dadd.o)
    0x0800033c   0x0800033c   0x000000e4   Code   RO         1972    .text               mf_w.l(dmul.o)
    0x08000420   0x08000420   0x000000de   Code   RO         1974    .text               mf_w.l(ddiv.o)
    0x080004fe   0x080004fe   0x0000001a   Code   RO         1984    .text               mf_w.l(dfltui.o)
    0x08000518   0x08000518   0x00000032   Code   RO         1986    .text               mf_w.l(dfixui.o)
    0x0800054a   0x0800054a   0x00000026   Code   RO         1988    .text               mf_w.l(f2d.o)
    0x08000570   0x08000570   0x0000002c   Code   RO         2054    .text               mc_w.l(uidiv.o)
    0x0800059c   0x0800059c   0x0000001e   Code   RO         2056    .text               mc_w.l(llshl.o)
    0x080005ba   0x080005ba   0x00000020   Code   RO         2058    .text               mc_w.l(llushr.o)
    0x080005da   0x080005da   0x00000024   Code   RO         2060    .text               mc_w.l(llsshr.o)
    0x080005fe   0x080005fe   0x00000000   Code   RO         2069    .text               mc_w.l(iusefp.o)
    0x080005fe   0x080005fe   0x000000ba   Code   RO         2070    .text               mf_w.l(depilogue.o)
    0x080006b8   0x080006b8   0x00000030   Code   RO         2074    .text               mf_w.l(dfixul.o)
    0x080006e8   0x080006e8   0x00000030   Code   RO         2076    .text               mf_w.l(cdrcmple.o)
    0x08000718   0x08000718   0x00000024   Code   RO         2088    .text               mc_w.l(init.o)
    0x0800073c   0x0800073c   0x00000002   Code   RO         1827    .text.BusFault_Handler  gd32f30x_it.o
    0x0800073e   0x0800073e   0x00000002   PAD
    0x08000740   0x08000740   0x0000005c   Code   RO         1553    .text.DMA0_Channel0_IRQHandler  adc_dma.o
    0x0800079c   0x0800079c   0x00000002   Code   RO         1833    .text.DebugMon_Handler  gd32f30x_it.o
    0x0800079e   0x0800079e   0x00000002   Code   RO         1823    .text.HardFault_Handler  gd32f30x_it.o
    0x080007a0   0x080007a0   0x0000006a   Code   RO         1489    .text.InitRCU       rcu.o
    0x0800080a   0x0800080a   0x00000002   Code   RO         1825    .text.MemManage_Handler  gd32f30x_it.o
    0x0800080c   0x0800080c   0x00000002   Code   RO         1821    .text.NMI_Handler   gd32f30x_it.o
    0x0800080e   0x0800080e   0x00000002   Code   RO         1835    .text.PendSV_Handler  gd32f30x_it.o
    0x08000810   0x08000810   0x00000002   Code   RO         1831    .text.SVC_Handler   gd32f30x_it.o
    0x08000812   0x08000812   0x00000002   PAD
    0x08000814   0x08000814   0x0000001c   Code   RO           10    .text.SysTick_Handler  main.o
    0x08000830   0x08000830   0x0000007c   Code   RO         1859    .text.SystemCoreClockUpdate  system_gd32f30x.o
    0x080008ac   0x080008ac   0x00000104   Code   RO         1857    .text.SystemInit    system_gd32f30x.o
    0x080009b0   0x080009b0   0x00000024   Code   RO         1657    .text.TIMER0_BRK_IRQHandler  protect_exti.o
    0x080009d4   0x080009d4   0x00000084   Code   RO         1608    .text.TIMER1_IRQHandler  icu.o
    0x08000a58   0x08000a58   0x00000038   Code   RO         1501    .text.TIMER5_IRQHandler  timer.o
    0x08000a90   0x08000a90   0x0000003c   Code   RO         1503    .text.TIMER6_IRQHandler  timer.o
    0x08000acc   0x08000acc   0x00000002   Code   RO         1829    .text.UsageFault_Handler  gd32f30x_it.o
    0x08000ace   0x08000ace   0x00000002   PAD
    0x08000ad0   0x08000ad0   0x000000e8   Code   RO         1533    .text.adc1_aux_init  adc_dma.o
    0x08000bb8   0x08000bb8   0x00000022   Code   RO           66    .text.adc_calibration_enable  gd32f30x_adc.o
    0x08000bda   0x08000bda   0x00000002   PAD
    0x08000bdc   0x08000bdc   0x0000003c   Code   RO           86    .text.adc_channel_length_config  gd32f30x_adc.o
    0x08000c18   0x08000c18   0x00000012   Code   RO           84    .text.adc_data_alignment_config  gd32f30x_adc.o
    0x08000c2a   0x08000c2a   0x00000002   PAD
    0x08000c2c   0x08000c2c   0x00000060   Code   RO           60    .text.adc_deinit    gd32f30x_adc.o
    0x08000c8c   0x08000c8c   0x00000012   Code   RO           62    .text.adc_enable    gd32f30x_adc.o
    0x08000c9e   0x08000c9e   0x00000036   Code   RO           94    .text.adc_external_trigger_config  gd32f30x_adc.o
    0x08000cd4   0x08000cd4   0x00000028   Code   RO           96    .text.adc_external_trigger_source_config  gd32f30x_adc.o
    0x08000cfc   0x08000cfc   0x00000018   Code   RO           80    .text.adc_mode_config  gd32f30x_adc.o
    0x08000d14   0x08000d14   0x0000004e   Code   RO           82    .text.adc_special_function_config  gd32f30x_adc.o
    0x08000d62   0x08000d62   0x00000006   PAD
    0x08000d68   0x08000d68   0x00000118   Code   RO         1574    .text.bdtr_deadtime_code_ns  pwm_llc.o
    0x08000e80   0x08000e80   0x000000ec   Code   RO         1612    .text.cap_channel_handle_irq  icu.o
    0x08000f6c   0x08000f6c   0x00000024   Code   RO         1610    .text.cap_channel_handle_timeout  icu.o
    0x08000f90   0x08000f90   0x0000001c   Code   RO         1707    .text.debug_printf  debug_printf.o
    0x08000fac   0x08000fac   0x00000098   Code   RO         1695    .text.debug_printf_init  debug_printf.o
    0x08001044   0x08001044   0x00000018   Code   RO         1699    .text.debug_putchar  debug_printf.o
    0x0800105c   0x0800105c   0x00000024   Code   RO         1701    .text.debug_usart_send  debug_printf.o
    0x08001080   0x08001080   0x0000003c   Code   RO         1705    .text.debug_vprintf  debug_printf.o
    0x080010bc   0x080010bc   0x00000018   Code   RO         1703    .text.debug_write   debug_printf.o
    0x080010d4   0x080010d4   0x00000014   Code   RO            2    .text.delay_ms      main.o
    0x080010e8   0x080010e8   0x0000000e   Code   RO          467    .text.dma_interrupt_flag_clear  gd32f30x_dma.o
    0x080010f6   0x080010f6   0x00000038   Code   RO          465    .text.dma_interrupt_flag_get  gd32f30x_dma.o
    0x0800112e   0x0800112e   0x00000002   PAD
    0x08001130   0x08001130   0x00000074   Code   RO         1582    .text.duty_to_ccr   pwm_llc.o
    0x080011a4   0x080011a4   0x00000014   Code   RO          579    .text.fmc_wscnt_set  gd32f30x_fmc.o
    0x080011b8   0x080011b8   0x00000004   Code   RO          687    .text.gpio_bit_reset  gd32f30x_gpio.o
    0x080011bc   0x080011bc   0x00000004   Code   RO          685    .text.gpio_bit_set  gd32f30x_gpio.o
    0x080011c0   0x080011c0   0x000000ac   Code   RO          683    .text.gpio_init     gd32f30x_gpio.o
    0x0800126c   0x0800126c   0x0000000a   Code   RO          693    .text.gpio_input_bit_get  gd32f30x_gpio.o
    0x08001276   0x08001276   0x00000010   Code   RO         1798    .text.llc_app_init  llc_control.o
    0x08001286   0x08001286   0x00000002   PAD
    0x08001288   0x08001288   0x000000c4   Code   RO         1804    .text.llc_app_tick_1khz_withoutVbus  llc_control.o
    0x0800134c   0x0800134c   0x00000008   Code   RO         1590    .text.llc_pwm_get_deadtime_ns  pwm_llc.o
    0x08001354   0x08001354   0x00000044   Code   RO         1588    .text.llc_pwm_get_period_ns  pwm_llc.o
    0x08001398   0x08001398   0x0000018c   Code   RO         1570    .text.llc_pwm_init  pwm_llc.o
    0x08001524   0x08001524   0x000000e0   Code   RO         1578    .text.llc_pwm_outputs_enable  pwm_llc.o
    0x08001604   0x08001604   0x00000050   Code   RO         1580    .text.llc_pwm_set_duty  pwm_llc.o
    0x08001654   0x08001654   0x00000070   Code   RO         1586    .text.llc_pwm_set_freq  pwm_llc.o
    0x080016c4   0x080016c4   0x00000024   Code   RO           37    .text.llc_softstart_abort  llc_soft_start.o
    0x080016e8   0x080016e8   0x000000bc   Code   RO           31    .text.llc_softstart_init  llc_soft_start.o
    0x080017a4   0x080017a4   0x00000010   Code   RO           35    .text.llc_softstart_on_fault  llc_soft_start.o
    0x080017b4   0x080017b4   0x00000140   Code   RO           33    .text.llc_softstart_start  llc_soft_start.o
    0x080018f4   0x080018f4   0x00000148   Code   RO           45    .text.llc_softstart_tick_1khz  llc_soft_start.o
    0x08001a3c   0x08001a3c   0x00000074   Code   RO         1800    .text.llc_state_enter  llc_control.o
    0x08001ab0   0x08001ab0   0x000000c0   Code   RO           12    .text.main          main.o
    0x08001b70   0x08001b70   0x0000009c   Code   RO          801    .text.nvic_irq_enable  gd32f30x_misc.o
    0x08001c0c   0x08001c0c   0x00000014   Code   RO          799    .text.nvic_priority_group_set  gd32f30x_misc.o
    0x08001c20   0x08001c20   0x0000009c   Code   RO         1630    .text.pb0_pwm_init  pwm.o
    0x08001cbc   0x08001cbc   0x00000054   Code   RO         1632    .text.pb0_pwm_set_duty  pwm.o
    0x08001d10   0x08001d10   0x0000005c   Code   RO         1743    .text.pfc_bus_adj_set  pfc_control.o
    0x08001d6c   0x08001d6c   0x0000000c   Code   RO         1733    .text.pfc_disable   pfc_control.o
    0x08001d78   0x08001d78   0x0000001c   Code   RO         1729    .text.pfc_enable    pfc_control.o
    0x08001d94   0x08001d94   0x00000044   Code   RO         1723    .text.pfc_hw_set_relay  pfc_control.o
    0x08001dd8   0x08001dd8   0x00000040   Code   RO         1725    .text.pfc_init      pfc_control.o
    0x08001e18   0x08001e18   0x00000020   Code   RO         1727    .text.pfc_outputs_off  pfc_control.o
    0x08001e38   0x08001e38   0x0000000c   Code   RO         1753    .text.pfc_state     pfc_control.o
    0x08001e44   0x08001e44   0x00000008   Code   RO         1661    .text.protect_clear_fault  protect_exti.o
    0x08001e4c   0x08001e4c   0x00000064   Code   RO         1653    .text.protect_exti_init  protect_exti.o
    0x08001eb0   0x08001eb0   0x00000018   Code   RO         1651    .text.protect_fault_active_hw  protect_exti.o
    0x08001ec8   0x08001ec8   0x0000000c   Code   RO         1659    .text.protect_fault_latched  protect_exti.o
    0x08001ed4   0x08001ed4   0x00000010   Code   RO         1655    .text.protect_fault_trigger  protect_exti.o
    0x08001ee4   0x08001ee4   0x0000001c   Code   RO            8    .text.protect_hw_clear_pulse  main.o
    0x08001f00   0x08001f00   0x00000060   Code   RO          913    .text.rcu_adc_clock_config  gd32f30x_rcu.o
    0x08001f60   0x08001f60   0x00000010   Code   RO          899    .text.rcu_ahb_clock_config  gd32f30x_rcu.o
    0x08001f70   0x08001f70   0x00000010   Code   RO          901    .text.rcu_apb1_clock_config  gd32f30x_rcu.o
    0x08001f80   0x08001f80   0x00000014   Code   RO          903    .text.rcu_apb2_clock_config  gd32f30x_rcu.o
    0x08001f94   0x08001f94   0x000000c4   Code   RO          951    .text.rcu_clock_freq_get  gd32f30x_rcu.o
    0x08002058   0x08002058   0x00000044   Code   RO          875    .text.rcu_deinit    gd32f30x_rcu.o
    0x0800209c   0x0800209c   0x00000018   Code   RO          921    .text.rcu_flag_get  gd32f30x_rcu.o
    0x080020b4   0x080020b4   0x00000018   Code   RO          935    .text.rcu_osci_on   gd32f30x_rcu.o
    0x080020cc   0x080020cc   0x000000dc   Code   RO          877    .text.rcu_osci_stab_wait  gd32f30x_rcu.o
    0x080021a8   0x080021a8   0x00000018   Code   RO          879    .text.rcu_periph_clock_enable  gd32f30x_rcu.o
    0x080021c0   0x080021c0   0x0000001c   Code   RO          889    .text.rcu_periph_reset_disable  gd32f30x_rcu.o
    0x080021dc   0x080021dc   0x0000001c   Code   RO          887    .text.rcu_periph_reset_enable  gd32f30x_rcu.o
    0x080021f8   0x080021f8   0x00000014   Code   RO          907    .text.rcu_pll_config  gd32f30x_rcu.o
    0x0800220c   0x0800220c   0x00000014   Code   RO          909    .text.rcu_pllpresel_config  gd32f30x_rcu.o
    0x08002220   0x08002220   0x00000014   Code   RO          911    .text.rcu_predv0_config  gd32f30x_rcu.o
    0x08002234   0x08002234   0x00000010   Code   RO          895    .text.rcu_system_clock_source_config  gd32f30x_rcu.o
    0x08002244   0x08002244   0x00000010   Code   RO          897    .text.rcu_system_clock_source_get  gd32f30x_rcu.o
    0x08002254   0x08002254   0x00000030   Code   RO           43    .text.ss_apply      llc_soft_start.o
    0x08002284   0x08002284   0x0000009c   Code   RO           41    .text.ss_update_safe_window  llc_soft_start.o
    0x08002320   0x08002320   0x00000044   Code   RO            6    .text.systick_1ms_init  main.o
    0x08002364   0x08002364   0x0000001c   Code   RO         1572    .text.timer0_clk_hz  pwm_llc.o
    0x08002380   0x08002380   0x0000000a   Code   RO         1204    .text.timer_auto_reload_shadow_enable  gd32f30x_timer.o
    0x0800238a   0x0800238a   0x0000001e   Code   RO         1256    .text.timer_break_config  gd32f30x_timer.o
    0x080023a8   0x080023a8   0x0000000e   Code   RO         1296    .text.timer_channel_capture_value_register_read  gd32f30x_timer.o
    0x080023b6   0x080023b6   0x00000002   PAD
    0x080023b8   0x080023b8   0x000001d0   Code   RO         1272    .text.timer_channel_output_config  gd32f30x_timer.o
    0x08002588   0x08002588   0x00000038   Code   RO         1274    .text.timer_channel_output_mode_config  gd32f30x_timer.o
    0x080025c0   0x080025c0   0x0000000c   Code   RO         1276    .text.timer_channel_output_pulse_value_config  gd32f30x_timer.o
    0x080025cc   0x080025cc   0x00000038   Code   RO         1278    .text.timer_channel_output_shadow_config  gd32f30x_timer.o
    0x08002604   0x08002604   0x0000000a   Code   RO         1200    .text.timer_enable  gd32f30x_timer.o
    0x0800260e   0x0800260e   0x00000008   Code   RO         1254    .text.timer_event_software_generate  gd32f30x_timer.o
    0x08002616   0x08002616   0x0000000a   Code   RO         1244    .text.timer_flag_clear  gd32f30x_timer.o
    0x08002620   0x08002620   0x0000000a   Code   RO         1242    .text.timer_flag_get  gd32f30x_timer.o
    0x0800262a   0x0800262a   0x00000002   PAD
    0x0800262c   0x0800262c   0x0000008c   Code   RO         1198    .text.timer_init    gd32f30x_timer.o
    0x080026b8   0x080026b8   0x00000008   Code   RO         1234    .text.timer_interrupt_enable  gd32f30x_timer.o
    0x080026c0   0x080026c0   0x0000000a   Code   RO         1240    .text.timer_interrupt_flag_clear  gd32f30x_timer.o
    0x080026ca   0x080026ca   0x00000014   Code   RO         1238    .text.timer_interrupt_flag_get  gd32f30x_timer.o
    0x080026de   0x080026de   0x00000010   Code   RO         1304    .text.timer_master_output_trigger_source_select  gd32f30x_timer.o
    0x080026ee   0x080026ee   0x00000012   Code   RO         1266    .text.timer_primary_output_config  gd32f30x_timer.o
    0x08002700   0x08002700   0x00000044   Code   RO         1576    .text.update_adc_trigger_midpoint_from_arr  pwm_llc.o
    0x08002744   0x08002744   0x00000044   Code   RO         1343    .text.usart_baudrate_set  gd32f30x_usart.o
    0x08002788   0x08002788   0x00000008   Code   RO         1369    .text.usart_data_transmit  gd32f30x_usart.o
    0x08002790   0x08002790   0x0000009c   Code   RO         1341    .text.usart_deinit  gd32f30x_usart.o
    0x0800282c   0x0800282c   0x0000000a   Code   RO         1351    .text.usart_enable  gd32f30x_usart.o
    0x08002836   0x08002836   0x00000016   Code   RO         1429    .text.usart_flag_get  gd32f30x_usart.o
    0x0800284c   0x0800284c   0x0000000c   Code   RO         1423    .text.usart_hardware_flow_cts_config  gd32f30x_usart.o
    0x08002858   0x08002858   0x0000000c   Code   RO         1421    .text.usart_hardware_flow_rts_config  gd32f30x_usart.o
    0x08002864   0x08002864   0x00000010   Code   RO         1345    .text.usart_parity_config  gd32f30x_usart.o
    0x08002874   0x08002874   0x0000000c   Code   RO         1357    .text.usart_receive_config  gd32f30x_usart.o
    0x08002880   0x08002880   0x00000010   Code   RO         1349    .text.usart_stop_bit_set  gd32f30x_usart.o
    0x08002890   0x08002890   0x0000000c   Code   RO         1355    .text.usart_transmit_config  gd32f30x_usart.o
    0x0800289c   0x0800289c   0x00000010   Code   RO         1347    .text.usart_word_length_set  gd32f30x_usart.o
    0x080028ac   0x080028ac   0x0000002c   Code   RO         1948    i.__0vsnprintf      mc_w.l(printfa.o)
    0x080028d8   0x080028d8   0x00000150   Code   RO         1903    i.__hardfp_cosf     m_wm.l(cosf.o)
    0x08002a28   0x08002a28   0x00000006   Code   RO         2008    i.__mathlib_flt_infnan  m_wm.l(funder.o)
    0x08002a2e   0x08002a2e   0x00000002   PAD
    0x08002a30   0x08002a30   0x00000010   Code   RO         2010    i.__mathlib_flt_invalid  m_wm.l(funder.o)
    0x08002a40   0x08002a40   0x00000154   Code   RO         2026    i.__mathlib_rredf2  m_wm.l(rredf.o)
    0x08002b94   0x08002b94   0x0000000e   Code   RO         2098    i.__scatterload_copy  mc_w.l(handlers.o)
    0x08002ba2   0x08002ba2   0x00000002   Code   RO         2099    i.__scatterload_null  mc_w.l(handlers.o)
    0x08002ba4   0x08002ba4   0x0000000e   Code   RO         2100    i.__scatterload_zeroinit  mc_w.l(handlers.o)
    0x08002bb2   0x08002bb2   0x00000002   PAD
    0x08002bb4   0x08002bb4   0x0000000c   Code   RO         2064    i.__set_errno       mc_w.l(errno.o)
    0x08002bc0   0x08002bc0   0x00000184   Code   RO         1950    i._fp_digits        mc_w.l(printfa.o)
    0x08002d44   0x08002d44   0x000006dc   Code   RO         1951    i._printf_core      mc_w.l(printfa.o)
    0x08003420   0x08003420   0x00000024   Code   RO         1952    i._printf_post_padding  mc_w.l(printfa.o)
    0x08003444   0x08003444   0x0000002e   Code   RO         1953    i._printf_pre_padding  mc_w.l(printfa.o)
    0x08003472   0x08003472   0x00000016   Code   RO         1954    i._snputc           mc_w.l(printfa.o)
    0x08003488   0x08003488   0x00000020   Data   RO         2027    .constdata          m_wm.l(rredf.o)
    0x080034a8   0x080034a8   0x0000000c   Data   RO           15    .rodata..Lmain.lcfg  main.o
    0x080034b4   0x080034b4   0x00000008   Data   RO          953    .rodata.cst8        gd32f30x_rcu.o
    0x080034bc   0x080034bc   0x00000004   Data   RO         1711    .rodata.debug_vprintf.trunc_marker  debug_printf.o
    0x080034c0   0x080034c0   0x0000004d   Data   RO           48    .rodata.str1.1      llc_soft_start.o
    0x0800350d   0x0800350d   0x00000003   PAD
    0x08003510   0x08003510   0x00000020   Data   RO         2096    Region$$Table       anon$$obj.o


    Execution Region RW_IRAM1 (Exec base: 0x20000000, Load base: 0x08003530, Size: 0x00000530, Max: 0x00010000, ABSOLUTE)

    Exec Addr    Load Addr    Size         Type   Attr      Idx    E Section Name        Object

    0x20000000   0x08003530   0x00000004   Data   RW         2065    .data               mc_w.l(errno.o)
    0x20000004   0x08003534   0x00000004   Data   RW         1861    .data.SystemCoreClock  system_gd32f30x.o
    0x20000008   0x08003538   0x00000008   PAD
    0x20000010        -       0x00000008   Zero   RW           17    .bss..L_MergedGlobals  main.o
    0x20000018        -       0x00000006   Zero   RW         1515    .bss..L_MergedGlobals  timer.o
    0x2000001e   0x08003538   0x00000002   PAD
    0x20000020        -       0x00000016   Zero   RW         1558    .bss..L_MergedGlobals  adc_dma.o
    0x20000036   0x08003538   0x00000002   PAD
    0x20000038        -       0x00000010   Zero   RW         1592    .bss..L_MergedGlobals  pwm_llc.o
    0x20000048   0x08003538   0x00000008   PAD
    0x20000050        -       0x0000004c   Zero   RW         1618    .bss..L_MergedGlobals  icu.o
    0x2000009c        -       0x0000000c   Zero   RW         1809    .bss..L_MergedGlobals  llc_control.o
    0x200000a8        -       0x00000004   Zero   RW           14    .bss.g_ms           main.o
    0x200000ac        -       0x00000001   Zero   RW         1763    .bss.pfc_hw_set_relay.s_last  pfc_control.o
    0x200000ad        -       0x00000001   Zero   RW         1663    .bss.s_fault        protect_exti.o
    0x200000ae   0x08003538   0x00000002   PAD
    0x200000b0        -       0x00000001   Zero   RW         1808    .bss.s_llc_app.0    llc_control.o
    0x200000b1   0x08003538   0x00000003   PAD
    0x200000b4        -       0x00000024   Zero   RW           47    .bss.s_llc_softstart  llc_soft_start.o
    0x200000d8        -       0x00000004   Zero   RW         1638    .bss.s_period       pwm.o
    0x200000dc        -       0x00000050   Zero   RW         1764    .bss.s_pfc          pfc_control.o
    0x2000012c   0x08003538   0x00000004   PAD
    0x20000130        -       0x00000400   Zero   RW         1847    STACK               startup_gd32f30x_hd.o


==============================================================================

Image component sizes


      Code (inc. data)   RO Data    RW Data    ZI Data      Debug   Object Name

       324         28          0          0         22       8018   adc_dma.o
       324         12          4          0          0       4531   debug_printf.o
       422         32          0          0          0       9567   gd32f30x_adc.o
        70          0          0          0          0       9645   gd32f30x_dma.o
        20          4          0          0          0       8441   gd32f30x_fmc.o
       190          0          0          0          0       6129   gd32f30x_gpio.o
        16          0          0          0          0       1124   gd32f30x_it.o
       176         12          0          0          0       3508   gd32f30x_misc.o
       852         88          8          0          0      13489   gd32f30x_rcu.o
       892         36          0          0          0      19409   gd32f30x_timer.o
       360         20          0          0          0      11938   gd32f30x_usart.o
       404         16          0          0         76       7957   icu.o
       328         24          0          0         13       3868   llc_control.o
      1092        160         77          0         36       5226   llc_soft_start.o
       336         80         12          0         12       6130   main.o
       308         40          0          0         81      10647   pfc_control.o
       196         16          0          0          1       3778   protect_exti.o
       240         16          0          0          4       3885   pwm.o
      1380         88          0          0         16       7412   pwm_llc.o
       106          0          0          0          0       1373   rcu.o
        36          8        304          0       1024        936   startup_gd32f30x_hd.o
       384         40          0          4          0       2542   system_gd32f30x.o
       116         12          0          0          6       4773   timer.o

    ----------------------------------------------------------------------
      8596        732        440          4       1320     154326   Object Totals
         0          0         32          0          0          0   (incl. Generated)
        24          0          3          0         29          0   (incl. Padding)

    ----------------------------------------------------------------------

      Code (inc. data)   RO Data    RW Data    ZI Data      Debug   Library Member Name

       336         56          0          0          0        136   cosf.o
        22          6          0          0          0        232   funder.o
       340         24         32          0          0        160   rredf.o
         0          0          0          0          0          0   entry.o
         0          0          0          0          0          0   entry10a.o
         0          0          0          0          0          0   entry11a.o
         8          4          0          0          0          0   entry2.o
         4          0          0          0          0          0   entry5.o
         0          0          0          0          0          0   entry7b.o
         0          0          0          0          0          0   entry8b.o
         8          4          0          0          0          0   entry9a.o
        12          6          0          4          0         68   errno.o
        30          0          0          0          0          0   handlers.o
        36          8          0          0          0         68   init.o
         0          0          0          0          0          0   iusefp.o
        30          0          0          0          0         68   llshl.o
        36          0          0          0          0         68   llsshr.o
        32          0          0          0          0         68   llushr.o
        36          0          0          0          0        108   memseta.o
      2292         84          0          0          0        516   printfa.o
        44          0          0          0          0         80   uidiv.o
        98          0          0          0          0         92   uldiv.o
        48          0          0          0          0         68   cdrcmple.o
       334          0          0          0          0        148   dadd.o
       222          0          0          0          0        100   ddiv.o
       186          0          0          0          0        176   depilogue.o
        50          0          0          0          0         76   dfixui.o
        48          0          0          0          0         68   dfixul.o
        26          0          0          0          0         76   dfltui.o
       228          0          0          0          0         96   dmul.o
        38          0          0          0          0         68   f2d.o

    ----------------------------------------------------------------------
      4548        192         32          4          0       2540   Library Totals
         4          0          0          0          0          0   (incl. Padding)

    ----------------------------------------------------------------------

      Code (inc. data)   RO Data    RW Data    ZI Data      Debug   Library Name

       698         86         32          0          0        528   m_wm.l
      2666        106          0          4          0       1136   mc_w.l
      1180          0          0          0          0        876   mf_w.l

    ----------------------------------------------------------------------
      4548        192         32          4          0       2540   Library Totals

    ----------------------------------------------------------------------

==============================================================================


      Code (inc. data)   RO Data    RW Data    ZI Data      Debug   

     13144        924        472          8       1320     155446   Grand Totals
     13144        924        472          8       1320     155446   ELF Image Totals
     13144        924        472          8          0          0   ROM Totals

==============================================================================

    Total RO  Size (Code + RO Data)                13616 (  13.30kB)
    Total RW  Size (RW Data + ZI Data)              1328 (   1.30kB)
    Total ROM Size (Code + RO Data + RW Data)      13624 (  13.30kB)

==============================================================================

