D:/STM/stm32f407_Wspc/PublicDrivers/LCD/lcd_ex.c:36:6:lcd_ex_st7789_reginit	8	static
D:/STM/stm32f407_Wspc/PublicDrivers/LCD/lcd_ex.c:134:6:lcd_ex_ili9341_reginit	8	static
D:/STM/stm32f407_Wspc/PublicDrivers/LCD/lcd_ex.c:236:6:lcd_ex_nt35310_reginit	8	static
D:/STM/stm32f407_Wspc/PublicDrivers/LCD/lcd_ex.c:922:6:lcd_ex_nt35510_reginit	8	static
D:/STM/stm32f407_Wspc/PublicDrivers/LCD/lcd_ex.c:1341:6:lcd_ex_ssd1963_reginit	8	static
D:/STM/stm32f407_Wspc/PublicDrivers/LCD/lcd.c:22:6:lcd_wr_data	16	static
D:/STM/stm32f407_Wspc/PublicDrivers/LCD/lcd.c:33:6:lcd_wr_regno	16	static
D:/STM/stm32f407_Wspc/PublicDrivers/LCD/lcd.c:45:6:lcd_write_reg	16	static
D:/STM/stm32f407_Wspc/PublicDrivers/LCD/lcd.c:56:17:lcd_rd_data	16	static
D:/STM/stm32f407_Wspc/PublicDrivers/LCD/lcd.c:68:13:lcd_opt_delay	16	static
D:/STM/stm32f407_Wspc/PublicDrivers/LCD/lcd.c:78:6:lcd_write_ram_prepare	4	static
D:/STM/stm32f407_Wspc/PublicDrivers/LCD/lcd.c:88:10:lcd_read_point	24	static
D:/STM/stm32f407_Wspc/PublicDrivers/LCD/lcd.c:131:6:lcd_display_on	8	static
D:/STM/stm32f407_Wspc/PublicDrivers/LCD/lcd.c:148:6:lcd_display_off	8	static
D:/STM/stm32f407_Wspc/PublicDrivers/LCD/lcd.c:165:6:lcd_set_cursor	16	static
D:/STM/stm32f407_Wspc/PublicDrivers/LCD/lcd.c:226:6:lcd_scan_dir	24	static
D:/STM/stm32f407_Wspc/PublicDrivers/LCD/lcd.c:386:6:lcd_draw_point	16	static
D:/STM/stm32f407_Wspc/PublicDrivers/LCD/lcd.c:398:6:lcd_ssd_backlight_set	16	static
D:/STM/stm32f407_Wspc/PublicDrivers/LCD/lcd.c:414:6:lcd_display_dir	16	static
D:/STM/stm32f407_Wspc/PublicDrivers/LCD/lcd.c:498:6:lcd_set_window	32	static
D:/STM/stm32f407_Wspc/PublicDrivers/LCD/lcd.c:563:6:lcd_init	40	static
D:/STM/stm32f407_Wspc/PublicDrivers/LCD/lcd.c:685:6:lcd_clear	24	static
D:/STM/stm32f407_Wspc/PublicDrivers/LCD/lcd.c:706:6:lcd_fill	32	static
D:/STM/stm32f407_Wspc/PublicDrivers/LCD/lcd.c:730:6:lcd_color_fill	32	static
D:/STM/stm32f407_Wspc/PublicDrivers/LCD/lcd.c:757:6:lcd_draw_line	64	static
D:/STM/stm32f407_Wspc/PublicDrivers/LCD/lcd.c:831:6:lcd_draw_hline	32	static
D:/STM/stm32f407_Wspc/PublicDrivers/LCD/lcd.c:848:6:lcd_draw_rectangle	32	static
D:/STM/stm32f407_Wspc/PublicDrivers/LCD/lcd.c:863:6:lcd_draw_circle	40	static
D:/STM/stm32f407_Wspc/PublicDrivers/LCD/lcd.c:904:6:lcd_fill_circle	40	static
D:/STM/stm32f407_Wspc/PublicDrivers/LCD/lcd.c:941:6:lcd_show_char	40	static
D:/STM/stm32f407_Wspc/PublicDrivers/LCD/lcd.c:1015:17:lcd_pow	24	static
D:/STM/stm32f407_Wspc/PublicDrivers/LCD/lcd.c:1035:6:lcd_show_num	48	static
D:/STM/stm32f407_Wspc/PublicDrivers/LCD/lcd.c:1074:6:lcd_show_xnum	48	static
D:/STM/stm32f407_Wspc/PublicDrivers/LCD/lcd.c:1117:6:lcd_show_string	40	static
D:/STM/stm32f407_Wspc/PublicDrivers/LCD/lcd.c:1151:6:lcd_show_str	48	static
