D:/STM/stm32f407_Wspc/PublicDrivers/LCD/lcd_ex.c:36:6:lcd_ex_st7789_reginit	8	static
D:/STM/stm32f407_Wspc/PublicDrivers/LCD/lcd_ex.c:134:6:lcd_ex_ili9341_reginit	8	static
D:/STM/stm32f407_Wspc/PublicDrivers/LCD/lcd_ex.c:236:6:lcd_ex_nt35310_reginit	8	static
D:/STM/stm32f407_Wspc/PublicDrivers/LCD/lcd_ex.c:922:6:lcd_ex_nt35510_reginit	8	static
D:/STM/stm32f407_Wspc/PublicDrivers/LCD/lcd_ex.c:1341:6:lcd_ex_ssd1963_reginit	8	static
D:/STM/stm32f407_Wspc/PublicDrivers/LCD/lcd.c:21:6:lcd_wr_data	16	static
D:/STM/stm32f407_Wspc/PublicDrivers/LCD/lcd.c:31:6:lcd_wr_regno	16	static
D:/STM/stm32f407_Wspc/PublicDrivers/LCD/lcd.c:42:6:lcd_write_reg	16	static
D:/STM/stm32f407_Wspc/PublicDrivers/LCD/lcd.c:52:17:lcd_rd_data	16	static
D:/STM/stm32f407_Wspc/PublicDrivers/LCD/lcd.c:63:13:lcd_opt_delay	16	static
D:/STM/stm32f407_Wspc/PublicDrivers/LCD/lcd.c:73:6:lcd_write_ram_prepare	4	static
D:/STM/stm32f407_Wspc/PublicDrivers/LCD/lcd.c:82:10:lcd_read_point	24	static
D:/STM/stm32f407_Wspc/PublicDrivers/LCD/lcd.c:118:6:lcd_display_on	8	static
D:/STM/stm32f407_Wspc/PublicDrivers/LCD/lcd.c:132:6:lcd_display_off	8	static
D:/STM/stm32f407_Wspc/PublicDrivers/LCD/lcd.c:146:6:lcd_set_cursor	16	static
D:/STM/stm32f407_Wspc/PublicDrivers/LCD/lcd.c:201:6:lcd_scan_dir	24	static
D:/STM/stm32f407_Wspc/PublicDrivers/LCD/lcd.c:350:6:lcd_draw_point	16	static
D:/STM/stm32f407_Wspc/PublicDrivers/LCD/lcd.c:361:6:lcd_ssd_backlight_set	16	static
D:/STM/stm32f407_Wspc/PublicDrivers/LCD/lcd.c:376:6:lcd_display_dir	16	static
D:/STM/stm32f407_Wspc/PublicDrivers/LCD/lcd.c:450:6:lcd_set_window	32	static
D:/STM/stm32f407_Wspc/PublicDrivers/LCD/lcd.c:508:6:lcd_init	40	static
D:/STM/stm32f407_Wspc/PublicDrivers/LCD/lcd.c:623:6:lcd_clear	24	static
D:/STM/stm32f407_Wspc/PublicDrivers/LCD/lcd.c:642:6:lcd_fill	32	static
D:/STM/stm32f407_Wspc/PublicDrivers/LCD/lcd.c:664:6:lcd_color_fill	32	static
D:/STM/stm32f407_Wspc/PublicDrivers/LCD/lcd.c:689:6:lcd_draw_line	64	static
D:/STM/stm32f407_Wspc/PublicDrivers/LCD/lcd.c:748:6:lcd_draw_hline	32	static
D:/STM/stm32f407_Wspc/PublicDrivers/LCD/lcd.c:763:6:lcd_draw_rectangle	32	static
D:/STM/stm32f407_Wspc/PublicDrivers/LCD/lcd.c:778:6:lcd_draw_circle	40	static
D:/STM/stm32f407_Wspc/PublicDrivers/LCD/lcd.c:814:6:lcd_fill_circle	40	static
D:/STM/stm32f407_Wspc/PublicDrivers/LCD/lcd.c:847:6:lcd_show_char	40	static
D:/STM/stm32f407_Wspc/PublicDrivers/LCD/lcd.c:918:17:lcd_pow	24	static
D:/STM/stm32f407_Wspc/PublicDrivers/LCD/lcd.c:936:6:lcd_show_num	48	static
D:/STM/stm32f407_Wspc/PublicDrivers/LCD/lcd.c:972:6:lcd_show_xnum	48	static
D:/STM/stm32f407_Wspc/PublicDrivers/LCD/lcd.c:1013:6:lcd_show_string	40	static
D:/STM/stm32f407_Wspc/PublicDrivers/LCD/lcd.c:1044:6:lcd_show_str	48	static
