<html>
<body>
<pre>
<h1>µVision Build Log</h1>
<h2>Tool Versions:</h2>
IDE-Version: ¦ÌVision V5.25.2.0
Copyright (C) 2018 ARM Ltd and ARM Germany GmbH. All rights reserved.
License Information: Rengar huyanjueluo@petalmail.com, lux, LIC=FYKYW-QAMUV-SB5EJ-UG7ND-EIBFV-T751P
 
Tool Versions:
Toolchain:       MDK-ARM Plus  Version: 5.25.2.0
Toolchain Path:  C:\Keil_v5\ARM\ARMCC\Bin
C Compiler:      Armcc.exe V5.06 update 6 (build 750)
Assembler:       Armasm.exe V5.06 update 6 (build 750)
Linker/Locator:  ArmLink.exe V5.06 update 6 (build 750)
Library Manager: ArmAr.exe V5.06 update 6 (build 750)
Hex Converter:   FromElf.exe V5.06 update 6 (build 750)
CPU DLL:         SARMCM3.DLL V5.25.2.0
Dialog DLL:      DCM.DLL V1.17.1.0
Target DLL:      UL2CM3.DLL V1.160.12.0
Dialog DLL:      TCM.DLL V1.35.1.0
 
<h2>Project:</h2>
C:\Users\huyan\Desktop\offline OBC\0917\0917.uvprojx
Project File Date:  09/18/2025

<h2>Output:</h2>
*** Using Compiler 'V5.06 update 6 (build 750)', folder: 'C:\Keil_v5\ARM\ARMCC\Bin'
Rebuild target 'Target 1'
compiling gd32f30x_dbg.c...
compiling gd32f30x_fwdgt.c...
compiling gd32f30x_i2c.c...
compiling gd32f30x_misc.c...
compiling gd32f30x_bkp.c...
compiling gd32f30x_dac.c...
compiling main.c...
APP\src\main.c(110): warning:  #188-D: enumerated type mixed with another type
              llc_pwm_outputs_enable(0);
APP\src\main.c(37): warning:  #177-D: function "f_clampf"  was declared but never referenced
  static inline float f_clampf(float x,float lo,float hi)
APP\src\main.c(30): warning:  #177-D: function "conv_adc_to_i"  was declared but never referenced
  static inline float conv_adc_to_i(uint16_t raw){
APP\src\main.c(35): warning:  #177-D: function "f_minf"  was declared but never referenced
  static inline float f_minf(float a,float b){ return a < b ? a : b; }
APP\src\main.c(36): warning:  #177-D: function "f_maxf"  was declared but never referenced
  static inline float f_maxf(float a,float b){ return a > b ? a : b; }
APP\src\main.c: 5 warnings, 0 errors
compiling gd32f30x_pmu.c...
compiling gd32f30x_fmc.c...
compiling gd32f30x_can.c...
compiling gd32f30x_exmc.c...
compiling gd32f30x_rcu.c...
compiling gd32f30x_rtc.c...
compiling gd32f30x_enet.c...
compiling gd32f30x_crc.c...
compiling gd32f30x_sdio.c...
compiling gd32f30x_gpio.c...
compiling gd32f30x_ctc.c...
compiling gd32f30x_adc.c...
compiling gd32f30x_dma.c...
compiling gd32f30x_wwdgt.c...
compiling gd32f30x_spi.c...
compiling gd32f30x_exti.c...
compiling gd32f30x_usart.c...
compiling NVIC.c...
compiling gd32f30x_timer.c...
compiling RCU.c...
compiling Timer.c...
compiling pwm_llc.c...
compiling adc_dma.c...
compiling ICU.c...
compiling protect_exti.c...
compiling pwm.c...
HW\src\pwm.c(54): warning:  #1-D: last line of file ends without a newline
  }
HW\src\pwm.c: 1 warning, 0 errors
assembling startup_gd32f30x_hd.s...
compiling gd32f30x_it.c...
compiling systick.c...
compiling system_gd32f30x.c...
linking...
Program Size: Code=8840 RO-data=384 RW-data=44 ZI-data=2276  
FromELF: creating hex file...
".\Objects\0917.axf" - 0 Error(s), 6 Warning(s).

<h2>Software Packages used:</h2>

Package Vendor: ARM
                http://www.keil.com/pack/ARM.CMSIS.5.9.0.pack
                ARM.CMSIS.5.9.0
                CMSIS (Common Microcontroller Software Interface Standard)
   * Component: CORE Version: 5.6.0

Package Vendor: GigaDevice
                https://gd32mcu.com/data/documents/pack/GigaDevice.GD32F30x_DFP.2.2.1.pack
                GigaDevice.GD32F30x_DFP.2.2.1
                GigaDevice GD32F30x Series Device Support and Examples

<h2>Collection of Component include folders:</h2>
  .\RTE\_Target_1
  C:\Users\huyan\AppData\Local\Arm\Packs\ARM\CMSIS\5.9.0\CMSIS\Core\Include
  C:\Users\huyan\AppData\Local\Arm\Packs\GigaDevice\GD32F30x_DFP\2.2.1\Device\Include

<h2>Collection of Component Files used:</h2>

   * Component: ARM::CMSIS:CORE:5.6.0
Build Time Elapsed:  00:02:04
</pre>
</body>
</html>
