D:/STM/stm32f407_Wspc/PublicDrivers/AD7190/bsp_AD7190.c:25:6:MX_AD7190_SPI_Init	40	static
D:/STM/stm32f407_Wspc/PublicDrivers/AD7190/bsp_AD7190.c:83:6:AD7190_SetRegisterValue	32	static
D:/STM/stm32f407_Wspc/PublicDrivers/AD7190/bsp_AD7190.c:108:14:AD7190_GetRegisterValue	32	static
D:/STM/stm32f407_Wspc/PublicDrivers/AD7190/bsp_AD7190.c:131:6:AD7190_Reset	16	static
D:/STM/stm32f407_Wspc/PublicDrivers/AD7190/bsp_AD7190.c:182:6:AD7190_SetPower	24	static
D:/STM/stm32f407_Wspc/PublicDrivers/AD7190/bsp_AD7190.c:198:6:AD7190_WaitRdyGoLow	16	static
D:/STM/stm32f407_Wspc/PublicDrivers/AD7190/bsp_AD7190.c:217:6:AD7190_Continuous_ReadData	24	static
D:/STM/stm32f407_Wspc/PublicDrivers/AD7190/bsp_AD7190.c:241:6:AD7190_Calibrate	24	static
D:/STM/stm32f407_Wspc/PublicDrivers/AD7190/bsp_AD7190.c:265:6:AD7190_ChopSetting	24	static
D:/STM/stm32f407_Wspc/PublicDrivers/AD7190/bsp_AD7190.c:290:6:AD7190_ChannelSelect	24	static
D:/STM/stm32f407_Wspc/PublicDrivers/AD7190/bsp_AD7190.c:301:6:AD7190_MultiChannelSelect	24	static
D:/STM/stm32f407_Wspc/PublicDrivers/AD7190/bsp_AD7190.c:323:6:AD7190_RangeSetup	24	static
D:/STM/stm32f407_Wspc/PublicDrivers/AD7190/bsp_AD7190.c:339:14:AD7190_SingleConversion	16	static
D:/STM/stm32f407_Wspc/PublicDrivers/AD7190/bsp_AD7190.c:359:14:AD7190_ContinuousReadAvg	32	static
D:/STM/stm32f407_Wspc/PublicDrivers/AD7190/bsp_AD7190.c:384:14:AD7190_TemperatureRead	16	static
D:/STM/stm32f407_Wspc/PublicDrivers/AD7190/bsp_AD7190.c:406:6:ad7190_unipolar_multichannel_conf	16	static
D:/STM/stm32f407_Wspc/PublicDrivers/AD7190/bsp_AD7190.c:454:10:AD7190_Get_REG_Data	32	static
D:/STM/stm32f407_Wspc/PublicDrivers/AD7190/bsp_AD7190.c:470:10:AD7190_Get_ADC_Data	16	static
D:/STM/stm32f407_Wspc/PublicDrivers/AD7190/bsp_AD7190.c:488:6:ad7190_unipolar_conf	16	static
D:/STM/stm32f407_Wspc/PublicDrivers/AD7190/bsp_AD7190.c:546:9:AD7190_Init	16	static
